2023-07-31T16:41:16.030+03:00  INFO 17484 --- [main] c.e.s.SpringProjetV1Application          : Starting SpringProjetV1Application using Java 17.0.7 with PID 17484 (D:\Progects\spring projet v1\target\classes started by kovty in D:\Progects\spring projet v1)
2023-07-31T16:41:16.034+03:00  INFO 17484 --- [main] c.e.s.SpringProjetV1Application          : No active profile set, falling back to 1 default profile: "default"
2023-07-31T16:41:16.772+03:00  INFO 17484 --- [main] .s.d.r.c.RepositoryConfigurationDelegate : Bootstrapping Spring Data JPA repositories in DEFAULT mode.
2023-07-31T16:41:16.798+03:00  INFO 17484 --- [main] .s.d.r.c.RepositoryConfigurationDelegate : Finished Spring Data repository scanning in 14 ms. Found 0 JPA repository interfaces.
2023-07-31T16:41:17.245+03:00  INFO 17484 --- [main] o.s.b.w.embedded.tomcat.TomcatWebServer  : Tomcat initialized with port(s): 8080 (http)
2023-07-31T16:41:17.257+03:00  INFO 17484 --- [main] o.apache.catalina.core.StandardService   : Starting service [Tomcat]
2023-07-31T16:41:17.258+03:00  INFO 17484 --- [main] o.apache.catalina.core.StandardEngine    : Starting Servlet engine: [Apache Tomcat/10.1.11]
2023-07-31T16:41:17.344+03:00  INFO 17484 --- [main] o.a.c.c.C.[Tomcat].[localhost].[/]       : Initializing Spring embedded WebApplicationContext
2023-07-31T16:41:17.345+03:00  INFO 17484 --- [main] w.s.c.ServletWebServerApplicationContext : Root WebApplicationContext: initialization completed in 1251 ms
2023-07-31T16:41:17.451+03:00  INFO 17484 --- [main] com.zaxxer.hikari.HikariDataSource       : HikariPool-1 - Starting...
2023-07-31T16:41:18.611+03:00 ERROR 17484 --- [main] com.zaxxer.hikari.pool.HikariPool        : HikariPool-1 - Exception during pool initialization.

org.postgresql.util.PSQLException: FATAL: database "testProject" does not exist
	at org.postgresql.core.v3.QueryExecutorImpl.receiveErrorResponse(QueryExecutorImpl.java:2713) ~[postgresql-42.6.0.jar:42.6.0]
	at org.postgresql.core.v3.QueryExecutorImpl.readStartupMessages(QueryExecutorImpl.java:2825) ~[postgresql-42.6.0.jar:42.6.0]
	at org.postgresql.core.v3.QueryExecutorImpl.<init>(QueryExecutorImpl.java:175) ~[postgresql-42.6.0.jar:42.6.0]
	at org.postgresql.core.v3.ConnectionFactoryImpl.openConnectionImpl(ConnectionFactoryImpl.java:313) ~[postgresql-42.6.0.jar:42.6.0]
	at org.postgresql.core.ConnectionFactory.openConnection(ConnectionFactory.java:54) ~[postgresql-42.6.0.jar:42.6.0]
	at org.postgresql.jdbc.PgConnection.<init>(PgConnection.java:263) ~[postgresql-42.6.0.jar:42.6.0]
	at org.postgresql.Driver.makeConnection(Driver.java:443) ~[postgresql-42.6.0.jar:42.6.0]
	at org.postgresql.Driver.connect(Driver.java:297) ~[postgresql-42.6.0.jar:42.6.0]
	at com.zaxxer.hikari.util.DriverDataSource.getConnection(DriverDataSource.java:138) ~[HikariCP-5.0.1.jar:na]
	at com.zaxxer.hikari.pool.PoolBase.newConnection(PoolBase.java:359) ~[HikariCP-5.0.1.jar:na]
	at com.zaxxer.hikari.pool.PoolBase.newPoolEntry(PoolBase.java:201) ~[HikariCP-5.0.1.jar:na]
	at com.zaxxer.hikari.pool.HikariPool.createPoolEntry(HikariPool.java:470) ~[HikariCP-5.0.1.jar:na]
	at com.zaxxer.hikari.pool.HikariPool.checkFailFast(HikariPool.java:561) ~[HikariCP-5.0.1.jar:na]
	at com.zaxxer.hikari.pool.HikariPool.<init>(HikariPool.java:100) ~[HikariCP-5.0.1.jar:na]
	at com.zaxxer.hikari.HikariDataSource.getConnection(HikariDataSource.java:112) ~[HikariCP-5.0.1.jar:na]
	at org.springframework.jdbc.datasource.DataSourceUtils.fetchConnection(DataSourceUtils.java:160) ~[spring-jdbc-6.0.11.jar:6.0.11]
	at org.springframework.jdbc.datasource.DataSourceUtils.doGetConnection(DataSourceUtils.java:118) ~[spring-jdbc-6.0.11.jar:6.0.11]
	at org.springframework.jdbc.datasource.DataSourceUtils.getConnection(DataSourceUtils.java:81) ~[spring-jdbc-6.0.11.jar:6.0.11]
	at org.springframework.jdbc.core.JdbcTemplate.execute(JdbcTemplate.java:332) ~[spring-jdbc-6.0.11.jar:6.0.11]
	at org.springframework.boot.jdbc.EmbeddedDatabaseConnection.isEmbedded(EmbeddedDatabaseConnection.java:168) ~[spring-boot-3.1.2.jar:3.1.2]
	at org.springframework.boot.autoconfigure.orm.jpa.HibernateDefaultDdlAutoProvider.getDefaultDdlAuto(HibernateDefaultDdlAutoProvider.java:42) ~[spring-boot-autoconfigure-3.1.2.jar:3.1.2]
	at org.springframework.boot.autoconfigure.orm.jpa.HibernateJpaConfiguration.lambda$getVendorProperties$1(HibernateJpaConfiguration.java:142) ~[spring-boot-autoconfigure-3.1.2.jar:3.1.2]
	at org.springframework.boot.autoconfigure.orm.jpa.HibernateSettings.getDdlAuto(HibernateSettings.java:41) ~[spring-boot-autoconfigure-3.1.2.jar:3.1.2]
	at org.springframework.boot.autoconfigure.orm.jpa.HibernateProperties.determineDdlAuto(HibernateProperties.java:118) ~[spring-boot-autoconfigure-3.1.2.jar:3.1.2]
	at org.springframework.boot.autoconfigure.orm.jpa.HibernateProperties.getAdditionalProperties(HibernateProperties.java:87) ~[spring-boot-autoconfigure-3.1.2.jar:3.1.2]
	at org.springframework.boot.autoconfigure.orm.jpa.HibernateProperties.determineHibernateProperties(HibernateProperties.java:80) ~[spring-boot-autoconfigure-3.1.2.jar:3.1.2]
	at org.springframework.boot.autoconfigure.orm.jpa.HibernateJpaConfiguration.getVendorProperties(HibernateJpaConfiguration.java:143) ~[spring-boot-autoconfigure-3.1.2.jar:3.1.2]
	at org.springframework.boot.autoconfigure.orm.jpa.JpaBaseConfiguration.entityManagerFactory(JpaBaseConfiguration.java:131) ~[spring-boot-autoconfigure-3.1.2.jar:3.1.2]
	at java.base/jdk.internal.reflect.NativeMethodAccessorImpl.invoke0(Native Method) ~[na:na]
	at java.base/jdk.internal.reflect.NativeMethodAccessorImpl.invoke(NativeMethodAccessorImpl.java:77) ~[na:na]
	at java.base/jdk.internal.reflect.DelegatingMethodAccessorImpl.invoke(DelegatingMethodAccessorImpl.java:43) ~[na:na]
	at java.base/java.lang.reflect.Method.invoke(Method.java:568) ~[na:na]
	at org.springframework.beans.factory.support.SimpleInstantiationStrategy.instantiate(SimpleInstantiationStrategy.java:139) ~[spring-beans-6.0.11.jar:6.0.11]
	at org.springframework.beans.factory.support.ConstructorResolver.instantiate(ConstructorResolver.java:655) ~[spring-beans-6.0.11.jar:6.0.11]
	at org.springframework.beans.factory.support.ConstructorResolver.instantiateUsingFactoryMethod(ConstructorResolver.java:647) ~[spring-beans-6.0.11.jar:6.0.11]
	at org.springframework.beans.factory.support.AbstractAutowireCapableBeanFactory.instantiateUsingFactoryMethod(AbstractAutowireCapableBeanFactory.java:1332) ~[spring-beans-6.0.11.jar:6.0.11]
	at org.springframework.beans.factory.support.AbstractAutowireCapableBeanFactory.createBeanInstance(AbstractAutowireCapableBeanFactory.java:1162) ~[spring-beans-6.0.11.jar:6.0.11]
	at org.springframework.beans.factory.support.AbstractAutowireCapableBeanFactory.doCreateBean(AbstractAutowireCapableBeanFactory.java:560) ~[spring-beans-6.0.11.jar:6.0.11]
	at org.springframework.beans.factory.support.AbstractAutowireCapableBeanFactory.createBean(AbstractAutowireCapableBeanFactory.java:520) ~[spring-beans-6.0.11.jar:6.0.11]
	at org.springframework.beans.factory.support.AbstractBeanFactory.lambda$doGetBean$0(AbstractBeanFactory.java:326) ~[spring-beans-6.0.11.jar:6.0.11]
	at org.springframework.beans.factory.support.DefaultSingletonBeanRegistry.getSingleton(DefaultSingletonBeanRegistry.java:234) ~[spring-beans-6.0.11.jar:6.0.11]
	at org.springframework.beans.factory.support.AbstractBeanFactory.doGetBean(AbstractBeanFactory.java:324) ~[spring-beans-6.0.11.jar:6.0.11]
	at org.springframework.beans.factory.support.AbstractBeanFactory.getBean(AbstractBeanFactory.java:200) ~[spring-beans-6.0.11.jar:6.0.11]
	at org.springframework.context.support.AbstractApplicationContext.getBean(AbstractApplicationContext.java:1155) ~[spring-context-6.0.11.jar:6.0.11]
	at org.springframework.context.support.AbstractApplicationContext.finishBeanFactoryInitialization(AbstractApplicationContext.java:932) ~[spring-context-6.0.11.jar:6.0.11]
	at org.springframework.context.support.AbstractApplicationContext.refresh(AbstractApplicationContext.java:608) ~[spring-context-6.0.11.jar:6.0.11]
	at org.springframework.boot.web.servlet.context.ServletWebServerApplicationContext.refresh(ServletWebServerApplicationContext.java:146) ~[spring-boot-3.1.2.jar:3.1.2]
	at org.springframework.boot.SpringApplication.refresh(SpringApplication.java:734) ~[spring-boot-3.1.2.jar:3.1.2]
	at org.springframework.boot.SpringApplication.refreshContext(SpringApplication.java:436) ~[spring-boot-3.1.2.jar:3.1.2]
	at org.springframework.boot.SpringApplication.run(SpringApplication.java:312) ~[spring-boot-3.1.2.jar:3.1.2]
	at org.springframework.boot.SpringApplication.run(SpringApplication.java:1306) ~[spring-boot-3.1.2.jar:3.1.2]
	at org.springframework.boot.SpringApplication.run(SpringApplication.java:1295) ~[spring-boot-3.1.2.jar:3.1.2]
	at com.example.springprojetv1.SpringProjetV1Application.main(SpringProjetV1Application.java:10) ~[classes/:na]

2023-07-31T16:41:18.659+03:00  INFO 17484 --- [main] o.hibernate.jpa.internal.util.LogHelper  : HHH000204: Processing PersistenceUnitInfo [name: default]
2023-07-31T16:41:18.737+03:00  INFO 17484 --- [main] org.hibernate.Version                    : HHH000412: Hibernate ORM core version 6.2.6.Final
2023-07-31T16:41:18.740+03:00  INFO 17484 --- [main] org.hibernate.cfg.Environment            : HHH000406: Using bytecode reflection optimizer
2023-07-31T16:41:18.979+03:00  INFO 17484 --- [main] o.h.b.i.BytecodeProviderInitiator        : HHH000021: Bytecode provider name : bytebuddy
2023-07-31T16:41:19.148+03:00  INFO 17484 --- [main] o.s.o.j.p.SpringPersistenceUnitInfo      : No LoadTimeWeaver setup: ignoring JPA class transformer
2023-07-31T16:41:19.167+03:00  INFO 17484 --- [main] com.zaxxer.hikari.HikariDataSource       : HikariPool-1 - Starting...
2023-07-31T16:41:20.198+03:00 ERROR 17484 --- [main] com.zaxxer.hikari.pool.HikariPool        : HikariPool-1 - Exception during pool initialization.

org.postgresql.util.PSQLException: FATAL: database "testProject" does not exist
	at org.postgresql.core.v3.QueryExecutorImpl.receiveErrorResponse(QueryExecutorImpl.java:2713) ~[postgresql-42.6.0.jar:42.6.0]
	at org.postgresql.core.v3.QueryExecutorImpl.readStartupMessages(QueryExecutorImpl.java:2825) ~[postgresql-42.6.0.jar:42.6.0]
	at org.postgresql.core.v3.QueryExecutorImpl.<init>(QueryExecutorImpl.java:175) ~[postgresql-42.6.0.jar:42.6.0]
	at org.postgresql.core.v3.ConnectionFactoryImpl.openConnectionImpl(ConnectionFactoryImpl.java:313) ~[postgresql-42.6.0.jar:42.6.0]
	at org.postgresql.core.ConnectionFactory.openConnection(ConnectionFactory.java:54) ~[postgresql-42.6.0.jar:42.6.0]
	at org.postgresql.jdbc.PgConnection.<init>(PgConnection.java:263) ~[postgresql-42.6.0.jar:42.6.0]
	at org.postgresql.Driver.makeConnection(Driver.java:443) ~[postgresql-42.6.0.jar:42.6.0]
	at org.postgresql.Driver.connect(Driver.java:297) ~[postgresql-42.6.0.jar:42.6.0]
	at com.zaxxer.hikari.util.DriverDataSource.getConnection(DriverDataSource.java:138) ~[HikariCP-5.0.1.jar:na]
	at com.zaxxer.hikari.pool.PoolBase.newConnection(PoolBase.java:359) ~[HikariCP-5.0.1.jar:na]
	at com.zaxxer.hikari.pool.PoolBase.newPoolEntry(PoolBase.java:201) ~[HikariCP-5.0.1.jar:na]
	at com.zaxxer.hikari.pool.HikariPool.createPoolEntry(HikariPool.java:470) ~[HikariCP-5.0.1.jar:na]
	at com.zaxxer.hikari.pool.HikariPool.checkFailFast(HikariPool.java:561) ~[HikariCP-5.0.1.jar:na]
	at com.zaxxer.hikari.pool.HikariPool.<init>(HikariPool.java:100) ~[HikariCP-5.0.1.jar:na]
	at com.zaxxer.hikari.HikariDataSource.getConnection(HikariDataSource.java:112) ~[HikariCP-5.0.1.jar:na]
	at org.hibernate.engine.jdbc.connections.internal.DatasourceConnectionProviderImpl.getConnection(DatasourceConnectionProviderImpl.java:122) ~[hibernate-core-6.2.6.Final.jar:6.2.6.Final]
	at org.hibernate.engine.jdbc.env.internal.JdbcEnvironmentInitiator$ConnectionProviderJdbcConnectionAccess.obtainConnection(JdbcEnvironmentInitiator.java:316) ~[hibernate-core-6.2.6.Final.jar:6.2.6.Final]
	at org.hibernate.engine.jdbc.env.internal.JdbcEnvironmentInitiator.initiateService(JdbcEnvironmentInitiator.java:152) ~[hibernate-core-6.2.6.Final.jar:6.2.6.Final]
	at org.hibernate.engine.jdbc.env.internal.JdbcEnvironmentInitiator.initiateService(JdbcEnvironmentInitiator.java:34) ~[hibernate-core-6.2.6.Final.jar:6.2.6.Final]
	at org.hibernate.boot.registry.internal.StandardServiceRegistryImpl.initiateService(StandardServiceRegistryImpl.java:119) ~[hibernate-core-6.2.6.Final.jar:6.2.6.Final]
	at org.hibernate.service.internal.AbstractServiceRegistryImpl.createService(AbstractServiceRegistryImpl.java:264) ~[hibernate-core-6.2.6.Final.jar:6.2.6.Final]
	at org.hibernate.service.internal.AbstractServiceRegistryImpl.initializeService(AbstractServiceRegistryImpl.java:239) ~[hibernate-core-6.2.6.Final.jar:6.2.6.Final]
	at org.hibernate.service.internal.AbstractServiceRegistryImpl.getService(AbstractServiceRegistryImpl.java:216) ~[hibernate-core-6.2.6.Final.jar:6.2.6.Final]
	at org.hibernate.boot.model.relational.Database.<init>(Database.java:45) ~[hibernate-core-6.2.6.Final.jar:6.2.6.Final]
	at org.hibernate.boot.internal.InFlightMetadataCollectorImpl.getDatabase(InFlightMetadataCollectorImpl.java:230) ~[hibernate-core-6.2.6.Final.jar:6.2.6.Final]
	at org.hibernate.boot.internal.InFlightMetadataCollectorImpl.<init>(InFlightMetadataCollectorImpl.java:198) ~[hibernate-core-6.2.6.Final.jar:6.2.6.Final]
	at org.hibernate.boot.model.process.spi.MetadataBuildingProcess.complete(MetadataBuildingProcess.java:166) ~[hibernate-core-6.2.6.Final.jar:6.2.6.Final]
	at org.hibernate.jpa.boot.internal.EntityManagerFactoryBuilderImpl.metadata(EntityManagerFactoryBuilderImpl.java:1380) ~[hibernate-core-6.2.6.Final.jar:6.2.6.Final]
	at org.hibernate.jpa.boot.internal.EntityManagerFactoryBuilderImpl.build(EntityManagerFactoryBuilderImpl.java:1451) ~[hibernate-core-6.2.6.Final.jar:6.2.6.Final]
	at org.springframework.orm.jpa.vendor.SpringHibernateJpaPersistenceProvider.createContainerEntityManagerFactory(SpringHibernateJpaPersistenceProvider.java:75) ~[spring-orm-6.0.11.jar:6.0.11]
	at org.springframework.orm.jpa.LocalContainerEntityManagerFactoryBean.createNativeEntityManagerFactory(LocalContainerEntityManagerFactoryBean.java:376) ~[spring-orm-6.0.11.jar:6.0.11]
	at org.springframework.orm.jpa.AbstractEntityManagerFactoryBean.buildNativeEntityManagerFactory(AbstractEntityManagerFactoryBean.java:409) ~[spring-orm-6.0.11.jar:6.0.11]
	at org.springframework.orm.jpa.AbstractEntityManagerFactoryBean.afterPropertiesSet(AbstractEntityManagerFactoryBean.java:396) ~[spring-orm-6.0.11.jar:6.0.11]
	at org.springframework.orm.jpa.LocalContainerEntityManagerFactoryBean.afterPropertiesSet(LocalContainerEntityManagerFactoryBean.java:352) ~[spring-orm-6.0.11.jar:6.0.11]
	at org.springframework.beans.factory.support.AbstractAutowireCapableBeanFactory.invokeInitMethods(AbstractAutowireCapableBeanFactory.java:1817) ~[spring-beans-6.0.11.jar:6.0.11]
	at org.springframework.beans.factory.support.AbstractAutowireCapableBeanFactory.initializeBean(AbstractAutowireCapableBeanFactory.java:1766) ~[spring-beans-6.0.11.jar:6.0.11]
	at org.springframework.beans.factory.support.AbstractAutowireCapableBeanFactory.doCreateBean(AbstractAutowireCapableBeanFactory.java:598) ~[spring-beans-6.0.11.jar:6.0.11]
	at org.springframework.beans.factory.support.AbstractAutowireCapableBeanFactory.createBean(AbstractAutowireCapableBeanFactory.java:520) ~[spring-beans-6.0.11.jar:6.0.11]
	at org.springframework.beans.factory.support.AbstractBeanFactory.lambda$doGetBean$0(AbstractBeanFactory.java:326) ~[spring-beans-6.0.11.jar:6.0.11]
	at org.springframework.beans.factory.support.DefaultSingletonBeanRegistry.getSingleton(DefaultSingletonBeanRegistry.java:234) ~[spring-beans-6.0.11.jar:6.0.11]
	at org.springframework.beans.factory.support.AbstractBeanFactory.doGetBean(AbstractBeanFactory.java:324) ~[spring-beans-6.0.11.jar:6.0.11]
	at org.springframework.beans.factory.support.AbstractBeanFactory.getBean(AbstractBeanFactory.java:200) ~[spring-beans-6.0.11.jar:6.0.11]
	at org.springframework.context.support.AbstractApplicationContext.getBean(AbstractApplicationContext.java:1155) ~[spring-context-6.0.11.jar:6.0.11]
	at org.springframework.context.support.AbstractApplicationContext.finishBeanFactoryInitialization(AbstractApplicationContext.java:932) ~[spring-context-6.0.11.jar:6.0.11]
	at org.springframework.context.support.AbstractApplicationContext.refresh(AbstractApplicationContext.java:608) ~[spring-context-6.0.11.jar:6.0.11]
	at org.springframework.boot.web.servlet.context.ServletWebServerApplicationContext.refresh(ServletWebServerApplicationContext.java:146) ~[spring-boot-3.1.2.jar:3.1.2]
	at org.springframework.boot.SpringApplication.refresh(SpringApplication.java:734) ~[spring-boot-3.1.2.jar:3.1.2]
	at org.springframework.boot.SpringApplication.refreshContext(SpringApplication.java:436) ~[spring-boot-3.1.2.jar:3.1.2]
	at org.springframework.boot.SpringApplication.run(SpringApplication.java:312) ~[spring-boot-3.1.2.jar:3.1.2]
	at org.springframework.boot.SpringApplication.run(SpringApplication.java:1306) ~[spring-boot-3.1.2.jar:3.1.2]
	at org.springframework.boot.SpringApplication.run(SpringApplication.java:1295) ~[spring-boot-3.1.2.jar:3.1.2]
	at com.example.springprojetv1.SpringProjetV1Application.main(SpringProjetV1Application.java:10) ~[classes/:na]

2023-07-31T16:41:20.200+03:00  WARN 17484 --- [main] o.h.e.j.e.i.JdbcEnvironmentInitiator     : HHH000342: Could not obtain connection to query metadata

org.postgresql.util.PSQLException: FATAL: database "testProject" does not exist
	at org.postgresql.core.v3.QueryExecutorImpl.receiveErrorResponse(QueryExecutorImpl.java:2713) ~[postgresql-42.6.0.jar:42.6.0]
	at org.postgresql.core.v3.QueryExecutorImpl.readStartupMessages(QueryExecutorImpl.java:2825) ~[postgresql-42.6.0.jar:42.6.0]
	at org.postgresql.core.v3.QueryExecutorImpl.<init>(QueryExecutorImpl.java:175) ~[postgresql-42.6.0.jar:42.6.0]
	at org.postgresql.core.v3.ConnectionFactoryImpl.openConnectionImpl(ConnectionFactoryImpl.java:313) ~[postgresql-42.6.0.jar:42.6.0]
	at org.postgresql.core.ConnectionFactory.openConnection(ConnectionFactory.java:54) ~[postgresql-42.6.0.jar:42.6.0]
	at org.postgresql.jdbc.PgConnection.<init>(PgConnection.java:263) ~[postgresql-42.6.0.jar:42.6.0]
	at org.postgresql.Driver.makeConnection(Driver.java:443) ~[postgresql-42.6.0.jar:42.6.0]
	at org.postgresql.Driver.connect(Driver.java:297) ~[postgresql-42.6.0.jar:42.6.0]
	at com.zaxxer.hikari.util.DriverDataSource.getConnection(DriverDataSource.java:138) ~[HikariCP-5.0.1.jar:na]
	at com.zaxxer.hikari.pool.PoolBase.newConnection(PoolBase.java:359) ~[HikariCP-5.0.1.jar:na]
	at com.zaxxer.hikari.pool.PoolBase.newPoolEntry(PoolBase.java:201) ~[HikariCP-5.0.1.jar:na]
	at com.zaxxer.hikari.pool.HikariPool.createPoolEntry(HikariPool.java:470) ~[HikariCP-5.0.1.jar:na]
	at com.zaxxer.hikari.pool.HikariPool.checkFailFast(HikariPool.java:561) ~[HikariCP-5.0.1.jar:na]
	at com.zaxxer.hikari.pool.HikariPool.<init>(HikariPool.java:100) ~[HikariCP-5.0.1.jar:na]
	at com.zaxxer.hikari.HikariDataSource.getConnection(HikariDataSource.java:112) ~[HikariCP-5.0.1.jar:na]
	at org.hibernate.engine.jdbc.connections.internal.DatasourceConnectionProviderImpl.getConnection(DatasourceConnectionProviderImpl.java:122) ~[hibernate-core-6.2.6.Final.jar:6.2.6.Final]
	at org.hibernate.engine.jdbc.env.internal.JdbcEnvironmentInitiator$ConnectionProviderJdbcConnectionAccess.obtainConnection(JdbcEnvironmentInitiator.java:316) ~[hibernate-core-6.2.6.Final.jar:6.2.6.Final]
	at org.hibernate.engine.jdbc.env.internal.JdbcEnvironmentInitiator.initiateService(JdbcEnvironmentInitiator.java:152) ~[hibernate-core-6.2.6.Final.jar:6.2.6.Final]
	at org.hibernate.engine.jdbc.env.internal.JdbcEnvironmentInitiator.initiateService(JdbcEnvironmentInitiator.java:34) ~[hibernate-core-6.2.6.Final.jar:6.2.6.Final]
	at org.hibernate.boot.registry.internal.StandardServiceRegistryImpl.initiateService(StandardServiceRegistryImpl.java:119) ~[hibernate-core-6.2.6.Final.jar:6.2.6.Final]
	at org.hibernate.service.internal.AbstractServiceRegistryImpl.createService(AbstractServiceRegistryImpl.java:264) ~[hibernate-core-6.2.6.Final.jar:6.2.6.Final]
	at org.hibernate.service.internal.AbstractServiceRegistryImpl.initializeService(AbstractServiceRegistryImpl.java:239) ~[hibernate-core-6.2.6.Final.jar:6.2.6.Final]
	at org.hibernate.service.internal.AbstractServiceRegistryImpl.getService(AbstractServiceRegistryImpl.java:216) ~[hibernate-core-6.2.6.Final.jar:6.2.6.Final]
	at org.hibernate.boot.model.relational.Database.<init>(Database.java:45) ~[hibernate-core-6.2.6.Final.jar:6.2.6.Final]
	at org.hibernate.boot.internal.InFlightMetadataCollectorImpl.getDatabase(InFlightMetadataCollectorImpl.java:230) ~[hibernate-core-6.2.6.Final.jar:6.2.6.Final]
	at org.hibernate.boot.internal.InFlightMetadataCollectorImpl.<init>(InFlightMetadataCollectorImpl.java:198) ~[hibernate-core-6.2.6.Final.jar:6.2.6.Final]
	at org.hibernate.boot.model.process.spi.MetadataBuildingProcess.complete(MetadataBuildingProcess.java:166) ~[hibernate-core-6.2.6.Final.jar:6.2.6.Final]
	at org.hibernate.jpa.boot.internal.EntityManagerFactoryBuilderImpl.metadata(EntityManagerFactoryBuilderImpl.java:1380) ~[hibernate-core-6.2.6.Final.jar:6.2.6.Final]
	at org.hibernate.jpa.boot.internal.EntityManagerFactoryBuilderImpl.build(EntityManagerFactoryBuilderImpl.java:1451) ~[hibernate-core-6.2.6.Final.jar:6.2.6.Final]
	at org.springframework.orm.jpa.vendor.SpringHibernateJpaPersistenceProvider.createContainerEntityManagerFactory(SpringHibernateJpaPersistenceProvider.java:75) ~[spring-orm-6.0.11.jar:6.0.11]
	at org.springframework.orm.jpa.LocalContainerEntityManagerFactoryBean.createNativeEntityManagerFactory(LocalContainerEntityManagerFactoryBean.java:376) ~[spring-orm-6.0.11.jar:6.0.11]
	at org.springframework.orm.jpa.AbstractEntityManagerFactoryBean.buildNativeEntityManagerFactory(AbstractEntityManagerFactoryBean.java:409) ~[spring-orm-6.0.11.jar:6.0.11]
	at org.springframework.orm.jpa.AbstractEntityManagerFactoryBean.afterPropertiesSet(AbstractEntityManagerFactoryBean.java:396) ~[spring-orm-6.0.11.jar:6.0.11]
	at org.springframework.orm.jpa.LocalContainerEntityManagerFactoryBean.afterPropertiesSet(LocalContainerEntityManagerFactoryBean.java:352) ~[spring-orm-6.0.11.jar:6.0.11]
	at org.springframework.beans.factory.support.AbstractAutowireCapableBeanFactory.invokeInitMethods(AbstractAutowireCapableBeanFactory.java:1817) ~[spring-beans-6.0.11.jar:6.0.11]
	at org.springframework.beans.factory.support.AbstractAutowireCapableBeanFactory.initializeBean(AbstractAutowireCapableBeanFactory.java:1766) ~[spring-beans-6.0.11.jar:6.0.11]
	at org.springframework.beans.factory.support.AbstractAutowireCapableBeanFactory.doCreateBean(AbstractAutowireCapableBeanFactory.java:598) ~[spring-beans-6.0.11.jar:6.0.11]
	at org.springframework.beans.factory.support.AbstractAutowireCapableBeanFactory.createBean(AbstractAutowireCapableBeanFactory.java:520) ~[spring-beans-6.0.11.jar:6.0.11]
	at org.springframework.beans.factory.support.AbstractBeanFactory.lambda$doGetBean$0(AbstractBeanFactory.java:326) ~[spring-beans-6.0.11.jar:6.0.11]
	at org.springframework.beans.factory.support.DefaultSingletonBeanRegistry.getSingleton(DefaultSingletonBeanRegistry.java:234) ~[spring-beans-6.0.11.jar:6.0.11]
	at org.springframework.beans.factory.support.AbstractBeanFactory.doGetBean(AbstractBeanFactory.java:324) ~[spring-beans-6.0.11.jar:6.0.11]
	at org.springframework.beans.factory.support.AbstractBeanFactory.getBean(AbstractBeanFactory.java:200) ~[spring-beans-6.0.11.jar:6.0.11]
	at org.springframework.context.support.AbstractApplicationContext.getBean(AbstractApplicationContext.java:1155) ~[spring-context-6.0.11.jar:6.0.11]
	at org.springframework.context.support.AbstractApplicationContext.finishBeanFactoryInitialization(AbstractApplicationContext.java:932) ~[spring-context-6.0.11.jar:6.0.11]
	at org.springframework.context.support.AbstractApplicationContext.refresh(AbstractApplicationContext.java:608) ~[spring-context-6.0.11.jar:6.0.11]
	at org.springframework.boot.web.servlet.context.ServletWebServerApplicationContext.refresh(ServletWebServerApplicationContext.java:146) ~[spring-boot-3.1.2.jar:3.1.2]
	at org.springframework.boot.SpringApplication.refresh(SpringApplication.java:734) ~[spring-boot-3.1.2.jar:3.1.2]
	at org.springframework.boot.SpringApplication.refreshContext(SpringApplication.java:436) ~[spring-boot-3.1.2.jar:3.1.2]
	at org.springframework.boot.SpringApplication.run(SpringApplication.java:312) ~[spring-boot-3.1.2.jar:3.1.2]
	at org.springframework.boot.SpringApplication.run(SpringApplication.java:1306) ~[spring-boot-3.1.2.jar:3.1.2]
	at org.springframework.boot.SpringApplication.run(SpringApplication.java:1295) ~[spring-boot-3.1.2.jar:3.1.2]
	at com.example.springprojetv1.SpringProjetV1Application.main(SpringProjetV1Application.java:10) ~[classes/:na]

2023-07-31T16:41:20.202+03:00 ERROR 17484 --- [main] j.LocalContainerEntityManagerFactoryBean : Failed to initialize JPA EntityManagerFactory: Unable to create requested service [org.hibernate.engine.jdbc.env.spi.JdbcEnvironment] due to: Unable to determine Dialect without JDBC metadata (please set 'javax.persistence.jdbc.url', 'hibernate.connection.url', or 'hibernate.dialect')
2023-07-31T16:41:20.202+03:00  WARN 17484 --- [main] ConfigServletWebServerApplicationContext : Exception encountered during context initialization - cancelling refresh attempt: org.springframework.beans.factory.BeanCreationException: Error creating bean with name 'entityManagerFactory' defined in class path resource [org/springframework/boot/autoconfigure/orm/jpa/HibernateJpaConfiguration.class]: Unable to create requested service [org.hibernate.engine.jdbc.env.spi.JdbcEnvironment] due to: Unable to determine Dialect without JDBC metadata (please set 'javax.persistence.jdbc.url', 'hibernate.connection.url', or 'hibernate.dialect')
2023-07-31T16:41:20.205+03:00  INFO 17484 --- [main] o.apache.catalina.core.StandardService   : Stopping service [Tomcat]
2023-07-31T16:41:20.223+03:00  INFO 17484 --- [main] .s.b.a.l.ConditionEvaluationReportLogger : 

Error starting ApplicationContext. To display the condition evaluation report re-run your application with 'debug' enabled.
2023-07-31T16:41:20.244+03:00 ERROR 17484 --- [main] o.s.boot.SpringApplication               : Application run failed

org.springframework.beans.factory.BeanCreationException: Error creating bean with name 'entityManagerFactory' defined in class path resource [org/springframework/boot/autoconfigure/orm/jpa/HibernateJpaConfiguration.class]: Unable to create requested service [org.hibernate.engine.jdbc.env.spi.JdbcEnvironment] due to: Unable to determine Dialect without JDBC metadata (please set 'javax.persistence.jdbc.url', 'hibernate.connection.url', or 'hibernate.dialect')
	at org.springframework.beans.factory.support.AbstractAutowireCapableBeanFactory.initializeBean(AbstractAutowireCapableBeanFactory.java:1770) ~[spring-beans-6.0.11.jar:6.0.11]
	at org.springframework.beans.factory.support.AbstractAutowireCapableBeanFactory.doCreateBean(AbstractAutowireCapableBeanFactory.java:598) ~[spring-beans-6.0.11.jar:6.0.11]
	at org.springframework.beans.factory.support.AbstractAutowireCapableBeanFactory.createBean(AbstractAutowireCapableBeanFactory.java:520) ~[spring-beans-6.0.11.jar:6.0.11]
	at org.springframework.beans.factory.support.AbstractBeanFactory.lambda$doGetBean$0(AbstractBeanFactory.java:326) ~[spring-beans-6.0.11.jar:6.0.11]
	at org.springframework.beans.factory.support.DefaultSingletonBeanRegistry.getSingleton(DefaultSingletonBeanRegistry.java:234) ~[spring-beans-6.0.11.jar:6.0.11]
	at org.springframework.beans.factory.support.AbstractBeanFactory.doGetBean(AbstractBeanFactory.java:324) ~[spring-beans-6.0.11.jar:6.0.11]
	at org.springframework.beans.factory.support.AbstractBeanFactory.getBean(AbstractBeanFactory.java:200) ~[spring-beans-6.0.11.jar:6.0.11]
	at org.springframework.context.support.AbstractApplicationContext.getBean(AbstractApplicationContext.java:1155) ~[spring-context-6.0.11.jar:6.0.11]
	at org.springframework.context.support.AbstractApplicationContext.finishBeanFactoryInitialization(AbstractApplicationContext.java:932) ~[spring-context-6.0.11.jar:6.0.11]
	at org.springframework.context.support.AbstractApplicationContext.refresh(AbstractApplicationContext.java:608) ~[spring-context-6.0.11.jar:6.0.11]
	at org.springframework.boot.web.servlet.context.ServletWebServerApplicationContext.refresh(ServletWebServerApplicationContext.java:146) ~[spring-boot-3.1.2.jar:3.1.2]
	at org.springframework.boot.SpringApplication.refresh(SpringApplication.java:734) ~[spring-boot-3.1.2.jar:3.1.2]
	at org.springframework.boot.SpringApplication.refreshContext(SpringApplication.java:436) ~[spring-boot-3.1.2.jar:3.1.2]
	at org.springframework.boot.SpringApplication.run(SpringApplication.java:312) ~[spring-boot-3.1.2.jar:3.1.2]
	at org.springframework.boot.SpringApplication.run(SpringApplication.java:1306) ~[spring-boot-3.1.2.jar:3.1.2]
	at org.springframework.boot.SpringApplication.run(SpringApplication.java:1295) ~[spring-boot-3.1.2.jar:3.1.2]
	at com.example.springprojetv1.SpringProjetV1Application.main(SpringProjetV1Application.java:10) ~[classes/:na]
Caused by: org.hibernate.service.spi.ServiceException: Unable to create requested service [org.hibernate.engine.jdbc.env.spi.JdbcEnvironment] due to: Unable to determine Dialect without JDBC metadata (please set 'javax.persistence.jdbc.url', 'hibernate.connection.url', or 'hibernate.dialect')
	at org.hibernate.service.internal.AbstractServiceRegistryImpl.createService(AbstractServiceRegistryImpl.java:277) ~[hibernate-core-6.2.6.Final.jar:6.2.6.Final]
	at org.hibernate.service.internal.AbstractServiceRegistryImpl.initializeService(AbstractServiceRegistryImpl.java:239) ~[hibernate-core-6.2.6.Final.jar:6.2.6.Final]
	at org.hibernate.service.internal.AbstractServiceRegistryImpl.getService(AbstractServiceRegistryImpl.java:216) ~[hibernate-core-6.2.6.Final.jar:6.2.6.Final]
	at org.hibernate.boot.model.relational.Database.<init>(Database.java:45) ~[hibernate-core-6.2.6.Final.jar:6.2.6.Final]
	at org.hibernate.boot.internal.InFlightMetadataCollectorImpl.getDatabase(InFlightMetadataCollectorImpl.java:230) ~[hibernate-core-6.2.6.Final.jar:6.2.6.Final]
	at org.hibernate.boot.internal.InFlightMetadataCollectorImpl.<init>(InFlightMetadataCollectorImpl.java:198) ~[hibernate-core-6.2.6.Final.jar:6.2.6.Final]
	at org.hibernate.boot.model.process.spi.MetadataBuildingProcess.complete(MetadataBuildingProcess.java:166) ~[hibernate-core-6.2.6.Final.jar:6.2.6.Final]
	at org.hibernate.jpa.boot.internal.EntityManagerFactoryBuilderImpl.metadata(EntityManagerFactoryBuilderImpl.java:1380) ~[hibernate-core-6.2.6.Final.jar:6.2.6.Final]
	at org.hibernate.jpa.boot.internal.EntityManagerFactoryBuilderImpl.build(EntityManagerFactoryBuilderImpl.java:1451) ~[hibernate-core-6.2.6.Final.jar:6.2.6.Final]
	at org.springframework.orm.jpa.vendor.SpringHibernateJpaPersistenceProvider.createContainerEntityManagerFactory(SpringHibernateJpaPersistenceProvider.java:75) ~[spring-orm-6.0.11.jar:6.0.11]
	at org.springframework.orm.jpa.LocalContainerEntityManagerFactoryBean.createNativeEntityManagerFactory(LocalContainerEntityManagerFactoryBean.java:376) ~[spring-orm-6.0.11.jar:6.0.11]
	at org.springframework.orm.jpa.AbstractEntityManagerFactoryBean.buildNativeEntityManagerFactory(AbstractEntityManagerFactoryBean.java:409) ~[spring-orm-6.0.11.jar:6.0.11]
	at org.springframework.orm.jpa.AbstractEntityManagerFactoryBean.afterPropertiesSet(AbstractEntityManagerFactoryBean.java:396) ~[spring-orm-6.0.11.jar:6.0.11]
	at org.springframework.orm.jpa.LocalContainerEntityManagerFactoryBean.afterPropertiesSet(LocalContainerEntityManagerFactoryBean.java:352) ~[spring-orm-6.0.11.jar:6.0.11]
	at org.springframework.beans.factory.support.AbstractAutowireCapableBeanFactory.invokeInitMethods(AbstractAutowireCapableBeanFactory.java:1817) ~[spring-beans-6.0.11.jar:6.0.11]
	at org.springframework.beans.factory.support.AbstractAutowireCapableBeanFactory.initializeBean(AbstractAutowireCapableBeanFactory.java:1766) ~[spring-beans-6.0.11.jar:6.0.11]
	... 16 common frames omitted
Caused by: org.hibernate.HibernateException: Unable to determine Dialect without JDBC metadata (please set 'javax.persistence.jdbc.url', 'hibernate.connection.url', or 'hibernate.dialect')
	at org.hibernate.engine.jdbc.dialect.internal.DialectFactoryImpl.determineDialect(DialectFactoryImpl.java:188) ~[hibernate-core-6.2.6.Final.jar:6.2.6.Final]
	at org.hibernate.engine.jdbc.dialect.internal.DialectFactoryImpl.buildDialect(DialectFactoryImpl.java:87) ~[hibernate-core-6.2.6.Final.jar:6.2.6.Final]
	at org.hibernate.engine.jdbc.env.internal.JdbcEnvironmentInitiator.initiateService(JdbcEnvironmentInitiator.java:274) ~[hibernate-core-6.2.6.Final.jar:6.2.6.Final]
	at org.hibernate.engine.jdbc.env.internal.JdbcEnvironmentInitiator.initiateService(JdbcEnvironmentInitiator.java:34) ~[hibernate-core-6.2.6.Final.jar:6.2.6.Final]
	at org.hibernate.boot.registry.internal.StandardServiceRegistryImpl.initiateService(StandardServiceRegistryImpl.java:119) ~[hibernate-core-6.2.6.Final.jar:6.2.6.Final]
	at org.hibernate.service.internal.AbstractServiceRegistryImpl.createService(AbstractServiceRegistryImpl.java:264) ~[hibernate-core-6.2.6.Final.jar:6.2.6.Final]
	... 31 common frames omitted

2023-07-31T16:52:52.589+03:00  INFO 15408 --- [main] c.e.s.SpringProjetV1Application          : Starting SpringProjetV1Application using Java 17.0.7 with PID 15408 (D:\Progects\spring projet v1\target\classes started by kovty in D:\Progects\spring projet v1)
2023-07-31T16:52:52.591+03:00  INFO 15408 --- [main] c.e.s.SpringProjetV1Application          : No active profile set, falling back to 1 default profile: "default"
2023-07-31T16:52:53.117+03:00  INFO 15408 --- [main] .s.d.r.c.RepositoryConfigurationDelegate : Bootstrapping Spring Data JPA repositories in DEFAULT mode.
2023-07-31T16:52:53.142+03:00  INFO 15408 --- [main] .s.d.r.c.RepositoryConfigurationDelegate : Finished Spring Data repository scanning in 12 ms. Found 0 JPA repository interfaces.
2023-07-31T16:52:53.603+03:00  INFO 15408 --- [main] o.s.b.w.embedded.tomcat.TomcatWebServer  : Tomcat initialized with port(s): 8080 (http)
2023-07-31T16:52:53.612+03:00  INFO 15408 --- [main] o.apache.catalina.core.StandardService   : Starting service [Tomcat]
2023-07-31T16:52:53.613+03:00  INFO 15408 --- [main] o.apache.catalina.core.StandardEngine    : Starting Servlet engine: [Apache Tomcat/10.1.11]
2023-07-31T16:52:53.685+03:00  INFO 15408 --- [main] o.a.c.c.C.[Tomcat].[localhost].[/]       : Initializing Spring embedded WebApplicationContext
2023-07-31T16:52:53.686+03:00  INFO 15408 --- [main] w.s.c.ServletWebServerApplicationContext : Root WebApplicationContext: initialization completed in 1048 ms
2023-07-31T16:52:53.779+03:00  INFO 15408 --- [main] com.zaxxer.hikari.HikariDataSource       : HikariPool-1 - Starting...
2023-07-31T16:52:53.928+03:00  INFO 15408 --- [main] com.zaxxer.hikari.pool.HikariPool        : HikariPool-1 - Added connection org.postgresql.jdbc.PgConnection@4da1f38a
2023-07-31T16:52:53.930+03:00  INFO 15408 --- [main] com.zaxxer.hikari.HikariDataSource       : HikariPool-1 - Start completed.
2023-07-31T16:52:53.963+03:00  INFO 15408 --- [main] o.hibernate.jpa.internal.util.LogHelper  : HHH000204: Processing PersistenceUnitInfo [name: default]
2023-07-31T16:52:54.003+03:00  INFO 15408 --- [main] org.hibernate.Version                    : HHH000412: Hibernate ORM core version 6.2.6.Final
2023-07-31T16:52:54.005+03:00  INFO 15408 --- [main] org.hibernate.cfg.Environment            : HHH000406: Using bytecode reflection optimizer
2023-07-31T16:52:54.103+03:00  INFO 15408 --- [main] o.h.b.i.BytecodeProviderInitiator        : HHH000021: Bytecode provider name : bytebuddy
2023-07-31T16:52:54.232+03:00  INFO 15408 --- [main] o.s.o.j.p.SpringPersistenceUnitInfo      : No LoadTimeWeaver setup: ignoring JPA class transformer
2023-07-31T16:52:54.392+03:00  INFO 15408 --- [main] o.h.b.i.BytecodeProviderInitiator        : HHH000021: Bytecode provider name : bytebuddy
2023-07-31T16:52:54.634+03:00  INFO 15408 --- [main] o.h.e.t.j.p.i.JtaPlatformInitiator       : HHH000490: Using JtaPlatform implementation: [org.hibernate.engine.transaction.jta.platform.internal.NoJtaPlatform]
2023-07-31T16:52:54.641+03:00  INFO 15408 --- [main] j.LocalContainerEntityManagerFactoryBean : Initialized JPA EntityManagerFactory for persistence unit 'default'
2023-07-31T16:52:54.681+03:00  WARN 15408 --- [main] JpaBaseConfiguration$JpaWebConfiguration : spring.jpa.open-in-view is enabled by default. Therefore, database queries may be performed during view rendering. Explicitly configure spring.jpa.open-in-view to disable this warning
2023-07-31T16:52:55.055+03:00  INFO 15408 --- [main] o.s.b.w.embedded.tomcat.TomcatWebServer  : Tomcat started on port(s): 8080 (http) with context path ''
2023-07-31T16:52:55.064+03:00  INFO 15408 --- [main] c.e.s.SpringProjetV1Application          : Started SpringProjetV1Application in 3.021 seconds (process running for 3.671)
2023-07-31T16:53:00.389+03:00  INFO 15408 --- [SpringApplicationShutdownHook] j.LocalContainerEntityManagerFactoryBean : Closing JPA EntityManagerFactory for persistence unit 'default'
2023-07-31T16:53:00.391+03:00  INFO 15408 --- [SpringApplicationShutdownHook] com.zaxxer.hikari.HikariDataSource       : HikariPool-1 - Shutdown initiated...
2023-07-31T16:53:00.395+03:00  INFO 15408 --- [SpringApplicationShutdownHook] com.zaxxer.hikari.HikariDataSource       : HikariPool-1 - Shutdown completed.
2023-07-31T17:23:32.813+03:00  INFO 4564 --- [main] c.e.s.SpringProjetV1Application          : Starting SpringProjetV1Application using Java 17.0.7 with PID 4564 (D:\Progects\spring projet v1\target\classes started by kovty in D:\Progects\spring projet v1)
2023-07-31T17:23:32.816+03:00  INFO 4564 --- [main] c.e.s.SpringProjetV1Application          : No active profile set, falling back to 1 default profile: "default"
2023-07-31T17:23:33.359+03:00  INFO 4564 --- [main] .s.d.r.c.RepositoryConfigurationDelegate : Bootstrapping Spring Data JPA repositories in DEFAULT mode.
2023-07-31T17:23:33.384+03:00  INFO 4564 --- [main] .s.d.r.c.RepositoryConfigurationDelegate : Finished Spring Data repository scanning in 12 ms. Found 0 JPA repository interfaces.
2023-07-31T17:23:33.803+03:00  INFO 4564 --- [main] o.s.b.w.embedded.tomcat.TomcatWebServer  : Tomcat initialized with port(s): 8080 (http)
2023-07-31T17:23:33.811+03:00  INFO 4564 --- [main] o.apache.catalina.core.StandardService   : Starting service [Tomcat]
2023-07-31T17:23:33.811+03:00  INFO 4564 --- [main] o.apache.catalina.core.StandardEngine    : Starting Servlet engine: [Apache Tomcat/10.1.11]
2023-07-31T17:23:33.884+03:00  INFO 4564 --- [main] o.a.c.c.C.[Tomcat].[localhost].[/]       : Initializing Spring embedded WebApplicationContext
2023-07-31T17:23:33.885+03:00  INFO 4564 --- [main] w.s.c.ServletWebServerApplicationContext : Root WebApplicationContext: initialization completed in 1009 ms
2023-07-31T17:23:33.982+03:00  INFO 4564 --- [main] com.zaxxer.hikari.HikariDataSource       : HikariPool-1 - Starting...
2023-07-31T17:23:34.125+03:00  INFO 4564 --- [main] com.zaxxer.hikari.pool.HikariPool        : HikariPool-1 - Added connection org.postgresql.jdbc.PgConnection@4dadd690
2023-07-31T17:23:34.126+03:00  INFO 4564 --- [main] com.zaxxer.hikari.HikariDataSource       : HikariPool-1 - Start completed.
2023-07-31T17:23:34.161+03:00  INFO 4564 --- [main] o.hibernate.jpa.internal.util.LogHelper  : HHH000204: Processing PersistenceUnitInfo [name: default]
2023-07-31T17:23:34.196+03:00  INFO 4564 --- [main] org.hibernate.Version                    : HHH000412: Hibernate ORM core version 6.2.6.Final
2023-07-31T17:23:34.198+03:00  INFO 4564 --- [main] org.hibernate.cfg.Environment            : HHH000406: Using bytecode reflection optimizer
2023-07-31T17:23:34.300+03:00  INFO 4564 --- [main] o.h.b.i.BytecodeProviderInitiator        : HHH000021: Bytecode provider name : bytebuddy
2023-07-31T17:23:34.441+03:00  INFO 4564 --- [main] o.s.o.j.p.SpringPersistenceUnitInfo      : No LoadTimeWeaver setup: ignoring JPA class transformer
2023-07-31T17:23:34.568+03:00  INFO 4564 --- [main] o.h.b.i.BytecodeProviderInitiator        : HHH000021: Bytecode provider name : bytebuddy
2023-07-31T17:23:34.734+03:00  INFO 4564 --- [main] o.h.e.t.j.p.i.JtaPlatformInitiator       : HHH000490: Using JtaPlatform implementation: [org.hibernate.engine.transaction.jta.platform.internal.NoJtaPlatform]
2023-07-31T17:23:34.738+03:00  INFO 4564 --- [main] j.LocalContainerEntityManagerFactoryBean : Initialized JPA EntityManagerFactory for persistence unit 'default'
2023-07-31T17:23:34.768+03:00  WARN 4564 --- [main] JpaBaseConfiguration$JpaWebConfiguration : spring.jpa.open-in-view is enabled by default. Therefore, database queries may be performed during view rendering. Explicitly configure spring.jpa.open-in-view to disable this warning
2023-07-31T17:23:35.106+03:00  INFO 4564 --- [main] o.s.b.w.embedded.tomcat.TomcatWebServer  : Tomcat started on port(s): 8080 (http) with context path ''
2023-07-31T17:23:35.117+03:00  INFO 4564 --- [main] c.e.s.SpringProjetV1Application          : Started SpringProjetV1Application in 2.883 seconds (process running for 3.482)
2023-07-31T17:34:25.086+03:00  WARN 4564 --- [HikariPool-1 housekeeper] com.zaxxer.hikari.pool.HikariPool        : HikariPool-1 - Thread starvation or clock leap detected (housekeeper delta=1m20s690ms297µs900ns).
2023-07-31T18:16:57.589+03:00  INFO 4564 --- [SpringApplicationShutdownHook] j.LocalContainerEntityManagerFactoryBean : Closing JPA EntityManagerFactory for persistence unit 'default'
2023-07-31T18:16:57.592+03:00  INFO 4564 --- [SpringApplicationShutdownHook] com.zaxxer.hikari.HikariDataSource       : HikariPool-1 - Shutdown initiated...
2023-07-31T18:16:57.597+03:00  INFO 4564 --- [SpringApplicationShutdownHook] com.zaxxer.hikari.HikariDataSource       : HikariPool-1 - Shutdown completed.
2023-07-31T20:48:03.245+03:00  INFO 8044 --- [main] c.e.s.SpringProjetV1Application          : Starting SpringProjetV1Application using Java 17.0.7 with PID 8044 (D:\Progects\spring projet v1\target\classes started by kovty in D:\Progects\spring projet v1)
2023-07-31T20:48:03.250+03:00  INFO 8044 --- [main] c.e.s.SpringProjetV1Application          : No active profile set, falling back to 1 default profile: "default"
2023-07-31T20:48:03.908+03:00  INFO 8044 --- [main] .s.d.r.c.RepositoryConfigurationDelegate : Bootstrapping Spring Data JPA repositories in DEFAULT mode.
2023-07-31T20:48:04.003+03:00  INFO 8044 --- [main] .s.d.r.c.RepositoryConfigurationDelegate : Finished Spring Data repository scanning in 68 ms. Found 1 JPA repository interfaces.
2023-07-31T20:48:04.625+03:00  INFO 8044 --- [main] o.s.b.w.embedded.tomcat.TomcatWebServer  : Tomcat initialized with port(s): 8080 (http)
2023-07-31T20:48:04.635+03:00  INFO 8044 --- [main] o.apache.catalina.core.StandardService   : Starting service [Tomcat]
2023-07-31T20:48:04.635+03:00  INFO 8044 --- [main] o.apache.catalina.core.StandardEngine    : Starting Servlet engine: [Apache Tomcat/10.1.11]
2023-07-31T20:48:04.718+03:00  INFO 8044 --- [main] o.a.c.c.C.[Tomcat].[localhost].[/]       : Initializing Spring embedded WebApplicationContext
2023-07-31T20:48:04.719+03:00  INFO 8044 --- [main] w.s.c.ServletWebServerApplicationContext : Root WebApplicationContext: initialization completed in 1414 ms
2023-07-31T20:48:04.851+03:00  INFO 8044 --- [main] com.zaxxer.hikari.HikariDataSource       : HikariPool-1 - Starting...
2023-07-31T20:48:05.005+03:00  INFO 8044 --- [main] com.zaxxer.hikari.pool.HikariPool        : HikariPool-1 - Added connection org.postgresql.jdbc.PgConnection@6579cdbb
2023-07-31T20:48:05.006+03:00  INFO 8044 --- [main] com.zaxxer.hikari.HikariDataSource       : HikariPool-1 - Start completed.
2023-07-31T20:48:05.040+03:00  INFO 8044 --- [main] o.hibernate.jpa.internal.util.LogHelper  : HHH000204: Processing PersistenceUnitInfo [name: default]
2023-07-31T20:48:05.083+03:00  INFO 8044 --- [main] org.hibernate.Version                    : HHH000412: Hibernate ORM core version 6.2.6.Final
2023-07-31T20:48:05.086+03:00  INFO 8044 --- [main] org.hibernate.cfg.Environment            : HHH000406: Using bytecode reflection optimizer
2023-07-31T20:48:05.199+03:00  INFO 8044 --- [main] o.h.b.i.BytecodeProviderInitiator        : HHH000021: Bytecode provider name : bytebuddy
2023-07-31T20:48:05.330+03:00  INFO 8044 --- [main] o.s.o.j.p.SpringPersistenceUnitInfo      : No LoadTimeWeaver setup: ignoring JPA class transformer
2023-07-31T20:48:05.619+03:00  INFO 8044 --- [main] o.h.b.i.BytecodeProviderInitiator        : HHH000021: Bytecode provider name : bytebuddy
2023-07-31T20:48:06.207+03:00  INFO 8044 --- [main] o.h.e.t.j.p.i.JtaPlatformInitiator       : HHH000490: Using JtaPlatform implementation: [org.hibernate.engine.transaction.jta.platform.internal.NoJtaPlatform]
2023-07-31T20:48:06.210+03:00  INFO 8044 --- [main] j.LocalContainerEntityManagerFactoryBean : Initialized JPA EntityManagerFactory for persistence unit 'default'
2023-07-31T20:48:06.402+03:00  INFO 8044 --- [main] c.e.s.model.service.CompanyService       : Начальная загрузка init method class CompanyService
2023-07-31T20:48:06.436+03:00  WARN 8044 --- [main] JpaBaseConfiguration$JpaWebConfiguration : spring.jpa.open-in-view is enabled by default. Therefore, database queries may be performed during view rendering. Explicitly configure spring.jpa.open-in-view to disable this warning
2023-07-31T20:48:06.803+03:00  INFO 8044 --- [main] o.s.b.w.embedded.tomcat.TomcatWebServer  : Tomcat started on port(s): 8080 (http) with context path ''
2023-07-31T20:48:06.814+03:00  INFO 8044 --- [main] c.e.s.SpringProjetV1Application          : Started SpringProjetV1Application in 4.11 seconds (process running for 4.706)
2023-07-31T21:04:21.789+03:00  INFO 8044 --- [SpringApplicationShutdownHook] j.LocalContainerEntityManagerFactoryBean : Closing JPA EntityManagerFactory for persistence unit 'default'
2023-07-31T21:04:21.791+03:00  INFO 8044 --- [SpringApplicationShutdownHook] com.zaxxer.hikari.HikariDataSource       : HikariPool-1 - Shutdown initiated...
2023-07-31T21:04:21.793+03:00  INFO 8044 --- [SpringApplicationShutdownHook] com.zaxxer.hikari.HikariDataSource       : HikariPool-1 - Shutdown completed.
2023-07-31T21:38:39.343+03:00  INFO 18280 --- [main] c.e.s.SpringProjetV1Application          : Starting SpringProjetV1Application using Java 17.0.7 with PID 18280 (D:\Progects\spring projet v1\target\classes started by kovty in D:\Progects\spring projet v1)
2023-07-31T21:38:39.346+03:00  INFO 18280 --- [main] c.e.s.SpringProjetV1Application          : No active profile set, falling back to 1 default profile: "default"
2023-07-31T21:38:39.905+03:00  INFO 18280 --- [main] .s.d.r.c.RepositoryConfigurationDelegate : Bootstrapping Spring Data JPA repositories in DEFAULT mode.
2023-07-31T21:38:39.965+03:00  INFO 18280 --- [main] .s.d.r.c.RepositoryConfigurationDelegate : Finished Spring Data repository scanning in 46 ms. Found 1 JPA repository interfaces.
2023-07-31T21:38:40.367+03:00  INFO 18280 --- [main] o.s.b.w.embedded.tomcat.TomcatWebServer  : Tomcat initialized with port(s): 8080 (http)
2023-07-31T21:38:40.374+03:00  INFO 18280 --- [main] o.apache.catalina.core.StandardService   : Starting service [Tomcat]
2023-07-31T21:38:40.375+03:00  INFO 18280 --- [main] o.apache.catalina.core.StandardEngine    : Starting Servlet engine: [Apache Tomcat/10.1.11]
2023-07-31T21:38:40.450+03:00  INFO 18280 --- [main] o.a.c.c.C.[Tomcat].[localhost].[/]       : Initializing Spring embedded WebApplicationContext
2023-07-31T21:38:40.451+03:00  INFO 18280 --- [main] w.s.c.ServletWebServerApplicationContext : Root WebApplicationContext: initialization completed in 1049 ms
2023-07-31T21:38:40.563+03:00  INFO 18280 --- [main] com.zaxxer.hikari.HikariDataSource       : HikariPool-1 - Starting...
2023-07-31T21:38:40.715+03:00  INFO 18280 --- [main] com.zaxxer.hikari.pool.HikariPool        : HikariPool-1 - Added connection org.postgresql.jdbc.PgConnection@72443081
2023-07-31T21:38:40.716+03:00  INFO 18280 --- [main] com.zaxxer.hikari.HikariDataSource       : HikariPool-1 - Start completed.
2023-07-31T21:38:40.750+03:00  INFO 18280 --- [main] o.hibernate.jpa.internal.util.LogHelper  : HHH000204: Processing PersistenceUnitInfo [name: default]
2023-07-31T21:38:40.789+03:00  INFO 18280 --- [main] org.hibernate.Version                    : HHH000412: Hibernate ORM core version 6.2.6.Final
2023-07-31T21:38:40.790+03:00  INFO 18280 --- [main] org.hibernate.cfg.Environment            : HHH000406: Using bytecode reflection optimizer
2023-07-31T21:38:40.887+03:00  INFO 18280 --- [main] o.h.b.i.BytecodeProviderInitiator        : HHH000021: Bytecode provider name : bytebuddy
2023-07-31T21:38:41.016+03:00  INFO 18280 --- [main] o.s.o.j.p.SpringPersistenceUnitInfo      : No LoadTimeWeaver setup: ignoring JPA class transformer
2023-07-31T21:38:41.289+03:00  INFO 18280 --- [main] o.h.b.i.BytecodeProviderInitiator        : HHH000021: Bytecode provider name : bytebuddy
2023-07-31T21:38:41.844+03:00  INFO 18280 --- [main] o.h.e.t.j.p.i.JtaPlatformInitiator       : HHH000490: Using JtaPlatform implementation: [org.hibernate.engine.transaction.jta.platform.internal.NoJtaPlatform]
2023-07-31T21:38:41.848+03:00  INFO 18280 --- [main] j.LocalContainerEntityManagerFactoryBean : Initialized JPA EntityManagerFactory for persistence unit 'default'
2023-07-31T21:38:42.016+03:00  INFO 18280 --- [main] c.e.s.service.CompanyService             : Начальная загрузка init method class CompanyService
2023-07-31T21:38:42.066+03:00  WARN 18280 --- [main] JpaBaseConfiguration$JpaWebConfiguration : spring.jpa.open-in-view is enabled by default. Therefore, database queries may be performed during view rendering. Explicitly configure spring.jpa.open-in-view to disable this warning
2023-07-31T21:38:42.342+03:00  INFO 18280 --- [main] o.s.b.w.embedded.tomcat.TomcatWebServer  : Tomcat started on port(s): 8080 (http) with context path ''
2023-07-31T21:38:42.350+03:00  INFO 18280 --- [main] c.e.s.SpringProjetV1Application          : Started SpringProjetV1Application in 3.49 seconds (process running for 4.012)
2023-07-31T21:39:07.492+03:00  INFO 18280 --- [SpringApplicationShutdownHook] j.LocalContainerEntityManagerFactoryBean : Closing JPA EntityManagerFactory for persistence unit 'default'
2023-07-31T21:39:07.494+03:00  INFO 18280 --- [SpringApplicationShutdownHook] com.zaxxer.hikari.HikariDataSource       : HikariPool-1 - Shutdown initiated...
2023-07-31T21:39:07.499+03:00  INFO 18280 --- [SpringApplicationShutdownHook] com.zaxxer.hikari.HikariDataSource       : HikariPool-1 - Shutdown completed.
2023-07-31T21:39:09.735+03:00  INFO 16428 --- [main] c.e.s.SpringProjetV1Application          : Starting SpringProjetV1Application using Java 17.0.7 with PID 16428 (D:\Progects\spring projet v1\target\classes started by kovty in D:\Progects\spring projet v1)
2023-07-31T21:39:09.739+03:00  INFO 16428 --- [main] c.e.s.SpringProjetV1Application          : No active profile set, falling back to 1 default profile: "default"
2023-07-31T21:39:10.272+03:00  INFO 16428 --- [main] .s.d.r.c.RepositoryConfigurationDelegate : Bootstrapping Spring Data JPA repositories in DEFAULT mode.
2023-07-31T21:39:10.329+03:00  INFO 16428 --- [main] .s.d.r.c.RepositoryConfigurationDelegate : Finished Spring Data repository scanning in 43 ms. Found 1 JPA repository interfaces.
2023-07-31T21:39:10.751+03:00  INFO 16428 --- [main] o.s.b.w.embedded.tomcat.TomcatWebServer  : Tomcat initialized with port(s): 8080 (http)
2023-07-31T21:39:10.760+03:00  INFO 16428 --- [main] o.apache.catalina.core.StandardService   : Starting service [Tomcat]
2023-07-31T21:39:10.761+03:00  INFO 16428 --- [main] o.apache.catalina.core.StandardEngine    : Starting Servlet engine: [Apache Tomcat/10.1.11]
2023-07-31T21:39:10.836+03:00  INFO 16428 --- [main] o.a.c.c.C.[Tomcat].[localhost].[/]       : Initializing Spring embedded WebApplicationContext
2023-07-31T21:39:10.836+03:00  INFO 16428 --- [main] w.s.c.ServletWebServerApplicationContext : Root WebApplicationContext: initialization completed in 1034 ms
2023-07-31T21:39:10.952+03:00  INFO 16428 --- [main] o.hibernate.jpa.internal.util.LogHelper  : HHH000204: Processing PersistenceUnitInfo [name: default]
2023-07-31T21:39:11.001+03:00  INFO 16428 --- [main] org.hibernate.Version                    : HHH000412: Hibernate ORM core version 6.2.6.Final
2023-07-31T21:39:11.004+03:00  INFO 16428 --- [main] org.hibernate.cfg.Environment            : HHH000406: Using bytecode reflection optimizer
2023-07-31T21:39:11.105+03:00  INFO 16428 --- [main] o.h.b.i.BytecodeProviderInitiator        : HHH000021: Bytecode provider name : bytebuddy
2023-07-31T21:39:11.195+03:00  INFO 16428 --- [main] o.s.o.j.p.SpringPersistenceUnitInfo      : No LoadTimeWeaver setup: ignoring JPA class transformer
2023-07-31T21:39:11.210+03:00  INFO 16428 --- [main] com.zaxxer.hikari.HikariDataSource       : HikariPool-1 - Starting...
2023-07-31T21:39:11.355+03:00  INFO 16428 --- [main] com.zaxxer.hikari.pool.HikariPool        : HikariPool-1 - Added connection org.postgresql.jdbc.PgConnection@2ccc9681
2023-07-31T21:39:11.356+03:00  INFO 16428 --- [main] com.zaxxer.hikari.HikariDataSource       : HikariPool-1 - Start completed.
2023-07-31T21:39:11.601+03:00  INFO 16428 --- [main] o.h.b.i.BytecodeProviderInitiator        : HHH000021: Bytecode provider name : bytebuddy
2023-07-31T21:39:12.203+03:00  INFO 16428 --- [main] o.h.e.t.j.p.i.JtaPlatformInitiator       : HHH000490: Using JtaPlatform implementation: [org.hibernate.engine.transaction.jta.platform.internal.NoJtaPlatform]
2023-07-31T21:39:12.232+03:00  WARN 16428 --- [main] o.h.engine.jdbc.spi.SqlExceptionHelper   : SQL Warning Code: 0, SQLState: 00000
2023-07-31T21:39:12.233+03:00  WARN 16428 --- [main] o.h.engine.jdbc.spi.SqlExceptionHelper   : relation "company_locales" does not exist, skipping
2023-07-31T21:39:12.235+03:00  WARN 16428 --- [main] o.h.engine.jdbc.spi.SqlExceptionHelper   : SQL Warning Code: 0, SQLState: 00000
2023-07-31T21:39:12.235+03:00  WARN 16428 --- [main] o.h.engine.jdbc.spi.SqlExceptionHelper   : relation "payment" does not exist, skipping
2023-07-31T21:39:12.237+03:00  WARN 16428 --- [main] o.h.engine.jdbc.spi.SqlExceptionHelper   : SQL Warning Code: 0, SQLState: 00000
2023-07-31T21:39:12.237+03:00  WARN 16428 --- [main] o.h.engine.jdbc.spi.SqlExceptionHelper   : relation "user_chat" does not exist, skipping
2023-07-31T21:39:12.239+03:00  WARN 16428 --- [main] o.h.engine.jdbc.spi.SqlExceptionHelper   : SQL Warning Code: 0, SQLState: 00000
2023-07-31T21:39:12.240+03:00  WARN 16428 --- [main] o.h.engine.jdbc.spi.SqlExceptionHelper   : relation "user_chat" does not exist, skipping
2023-07-31T21:39:12.241+03:00  WARN 16428 --- [main] o.h.engine.jdbc.spi.SqlExceptionHelper   : SQL Warning Code: 0, SQLState: 00000
2023-07-31T21:39:12.242+03:00  WARN 16428 --- [main] o.h.engine.jdbc.spi.SqlExceptionHelper   : relation "users" does not exist, skipping
2023-07-31T21:39:12.245+03:00  WARN 16428 --- [main] o.h.engine.jdbc.spi.SqlExceptionHelper   : SQL Warning Code: 0, SQLState: 00000
2023-07-31T21:39:12.245+03:00  WARN 16428 --- [main] o.h.engine.jdbc.spi.SqlExceptionHelper   : table "chat" does not exist, skipping
2023-07-31T21:39:12.247+03:00  WARN 16428 --- [main] o.h.engine.jdbc.spi.SqlExceptionHelper   : SQL Warning Code: 0, SQLState: 00000
2023-07-31T21:39:12.247+03:00  WARN 16428 --- [main] o.h.engine.jdbc.spi.SqlExceptionHelper   : table "company" does not exist, skipping
2023-07-31T21:39:12.249+03:00  WARN 16428 --- [main] o.h.engine.jdbc.spi.SqlExceptionHelper   : SQL Warning Code: 0, SQLState: 00000
2023-07-31T21:39:12.249+03:00  WARN 16428 --- [main] o.h.engine.jdbc.spi.SqlExceptionHelper   : table "company_locales" does not exist, skipping
2023-07-31T21:39:12.251+03:00  WARN 16428 --- [main] o.h.engine.jdbc.spi.SqlExceptionHelper   : SQL Warning Code: 0, SQLState: 00000
2023-07-31T21:39:12.251+03:00  WARN 16428 --- [main] o.h.engine.jdbc.spi.SqlExceptionHelper   : table "payment" does not exist, skipping
2023-07-31T21:39:12.253+03:00  WARN 16428 --- [main] o.h.engine.jdbc.spi.SqlExceptionHelper   : SQL Warning Code: 0, SQLState: 00000
2023-07-31T21:39:12.253+03:00  WARN 16428 --- [main] o.h.engine.jdbc.spi.SqlExceptionHelper   : table "user_chat" does not exist, skipping
2023-07-31T21:39:12.255+03:00  WARN 16428 --- [main] o.h.engine.jdbc.spi.SqlExceptionHelper   : SQL Warning Code: 0, SQLState: 00000
2023-07-31T21:39:12.255+03:00  WARN 16428 --- [main] o.h.engine.jdbc.spi.SqlExceptionHelper   : table "users" does not exist, skipping
2023-07-31T21:39:12.295+03:00 ERROR 16428 --- [main] j.LocalContainerEntityManagerFactoryBean : Failed to initialize JPA EntityManagerFactory: [PersistenceUnit: default] Unable to build Hibernate SessionFactory; nested exception is org.hibernate.MappingException: Error creating SQL create commands for table : company_locales
2023-07-31T21:39:12.295+03:00  WARN 16428 --- [main] ConfigServletWebServerApplicationContext : Exception encountered during context initialization - cancelling refresh attempt: org.springframework.beans.factory.BeanCreationException: Error creating bean with name 'entityManagerFactory' defined in class path resource [org/springframework/boot/autoconfigure/orm/jpa/HibernateJpaConfiguration.class]: [PersistenceUnit: default] Unable to build Hibernate SessionFactory; nested exception is org.hibernate.MappingException: Error creating SQL create commands for table : company_locales
2023-07-31T21:39:12.295+03:00  INFO 16428 --- [main] com.zaxxer.hikari.HikariDataSource       : HikariPool-1 - Shutdown initiated...
2023-07-31T21:39:12.300+03:00  INFO 16428 --- [main] com.zaxxer.hikari.HikariDataSource       : HikariPool-1 - Shutdown completed.
2023-07-31T21:39:12.304+03:00  INFO 16428 --- [main] o.apache.catalina.core.StandardService   : Stopping service [Tomcat]
2023-07-31T21:39:12.314+03:00  INFO 16428 --- [main] .s.b.a.l.ConditionEvaluationReportLogger : 

Error starting ApplicationContext. To display the condition evaluation report re-run your application with 'debug' enabled.
2023-07-31T21:39:12.333+03:00 ERROR 16428 --- [main] o.s.boot.SpringApplication               : Application run failed

org.springframework.beans.factory.BeanCreationException: Error creating bean with name 'entityManagerFactory' defined in class path resource [org/springframework/boot/autoconfigure/orm/jpa/HibernateJpaConfiguration.class]: [PersistenceUnit: default] Unable to build Hibernate SessionFactory; nested exception is org.hibernate.MappingException: Error creating SQL create commands for table : company_locales
	at org.springframework.beans.factory.support.AbstractAutowireCapableBeanFactory.initializeBean(AbstractAutowireCapableBeanFactory.java:1770) ~[spring-beans-6.0.11.jar:6.0.11]
	at org.springframework.beans.factory.support.AbstractAutowireCapableBeanFactory.doCreateBean(AbstractAutowireCapableBeanFactory.java:598) ~[spring-beans-6.0.11.jar:6.0.11]
	at org.springframework.beans.factory.support.AbstractAutowireCapableBeanFactory.createBean(AbstractAutowireCapableBeanFactory.java:520) ~[spring-beans-6.0.11.jar:6.0.11]
	at org.springframework.beans.factory.support.AbstractBeanFactory.lambda$doGetBean$0(AbstractBeanFactory.java:326) ~[spring-beans-6.0.11.jar:6.0.11]
	at org.springframework.beans.factory.support.DefaultSingletonBeanRegistry.getSingleton(DefaultSingletonBeanRegistry.java:234) ~[spring-beans-6.0.11.jar:6.0.11]
	at org.springframework.beans.factory.support.AbstractBeanFactory.doGetBean(AbstractBeanFactory.java:324) ~[spring-beans-6.0.11.jar:6.0.11]
	at org.springframework.beans.factory.support.AbstractBeanFactory.getBean(AbstractBeanFactory.java:200) ~[spring-beans-6.0.11.jar:6.0.11]
	at org.springframework.context.support.AbstractApplicationContext.getBean(AbstractApplicationContext.java:1155) ~[spring-context-6.0.11.jar:6.0.11]
	at org.springframework.context.support.AbstractApplicationContext.finishBeanFactoryInitialization(AbstractApplicationContext.java:932) ~[spring-context-6.0.11.jar:6.0.11]
	at org.springframework.context.support.AbstractApplicationContext.refresh(AbstractApplicationContext.java:608) ~[spring-context-6.0.11.jar:6.0.11]
	at org.springframework.boot.web.servlet.context.ServletWebServerApplicationContext.refresh(ServletWebServerApplicationContext.java:146) ~[spring-boot-3.1.2.jar:3.1.2]
	at org.springframework.boot.SpringApplication.refresh(SpringApplication.java:734) ~[spring-boot-3.1.2.jar:3.1.2]
	at org.springframework.boot.SpringApplication.refreshContext(SpringApplication.java:436) ~[spring-boot-3.1.2.jar:3.1.2]
	at org.springframework.boot.SpringApplication.run(SpringApplication.java:312) ~[spring-boot-3.1.2.jar:3.1.2]
	at org.springframework.boot.SpringApplication.run(SpringApplication.java:1306) ~[spring-boot-3.1.2.jar:3.1.2]
	at org.springframework.boot.SpringApplication.run(SpringApplication.java:1295) ~[spring-boot-3.1.2.jar:3.1.2]
	at com.example.springprojetv1.SpringProjetV1Application.main(SpringProjetV1Application.java:10) ~[classes/:na]
Caused by: jakarta.persistence.PersistenceException: [PersistenceUnit: default] Unable to build Hibernate SessionFactory; nested exception is org.hibernate.MappingException: Error creating SQL create commands for table : company_locales
	at org.springframework.orm.jpa.AbstractEntityManagerFactoryBean.buildNativeEntityManagerFactory(AbstractEntityManagerFactoryBean.java:421) ~[spring-orm-6.0.11.jar:6.0.11]
	at org.springframework.orm.jpa.AbstractEntityManagerFactoryBean.afterPropertiesSet(AbstractEntityManagerFactoryBean.java:396) ~[spring-orm-6.0.11.jar:6.0.11]
	at org.springframework.orm.jpa.LocalContainerEntityManagerFactoryBean.afterPropertiesSet(LocalContainerEntityManagerFactoryBean.java:352) ~[spring-orm-6.0.11.jar:6.0.11]
	at org.springframework.beans.factory.support.AbstractAutowireCapableBeanFactory.invokeInitMethods(AbstractAutowireCapableBeanFactory.java:1817) ~[spring-beans-6.0.11.jar:6.0.11]
	at org.springframework.beans.factory.support.AbstractAutowireCapableBeanFactory.initializeBean(AbstractAutowireCapableBeanFactory.java:1766) ~[spring-beans-6.0.11.jar:6.0.11]
	... 16 common frames omitted
Caused by: org.hibernate.MappingException: Error creating SQL create commands for table : company_locales
	at org.hibernate.tool.schema.internal.StandardTableExporter.getSqlCreateStrings(StandardTableExporter.java:104) ~[hibernate-core-6.2.6.Final.jar:6.2.6.Final]
	at org.hibernate.tool.schema.internal.StandardTableExporter.getSqlCreateStrings(StandardTableExporter.java:41) ~[hibernate-core-6.2.6.Final.jar:6.2.6.Final]
	at org.hibernate.tool.schema.internal.SchemaCreatorImpl.createTables(SchemaCreatorImpl.java:420) ~[hibernate-core-6.2.6.Final.jar:6.2.6.Final]
	at org.hibernate.tool.schema.internal.SchemaCreatorImpl.createSequencesTablesConstraints(SchemaCreatorImpl.java:340) ~[hibernate-core-6.2.6.Final.jar:6.2.6.Final]
	at org.hibernate.tool.schema.internal.SchemaCreatorImpl.createFromMetadata(SchemaCreatorImpl.java:239) ~[hibernate-core-6.2.6.Final.jar:6.2.6.Final]
	at org.hibernate.tool.schema.internal.SchemaCreatorImpl.performCreation(SchemaCreatorImpl.java:172) ~[hibernate-core-6.2.6.Final.jar:6.2.6.Final]
	at org.hibernate.tool.schema.internal.SchemaCreatorImpl.doCreation(SchemaCreatorImpl.java:142) ~[hibernate-core-6.2.6.Final.jar:6.2.6.Final]
	at org.hibernate.tool.schema.internal.SchemaCreatorImpl.doCreation(SchemaCreatorImpl.java:118) ~[hibernate-core-6.2.6.Final.jar:6.2.6.Final]
	at org.hibernate.tool.schema.spi.SchemaManagementToolCoordinator.performDatabaseAction(SchemaManagementToolCoordinator.java:254) ~[hibernate-core-6.2.6.Final.jar:6.2.6.Final]
	at org.hibernate.tool.schema.spi.SchemaManagementToolCoordinator.lambda$process$5(SchemaManagementToolCoordinator.java:143) ~[hibernate-core-6.2.6.Final.jar:6.2.6.Final]
	at java.base/java.util.HashMap.forEach(HashMap.java:1421) ~[na:na]
	at org.hibernate.tool.schema.spi.SchemaManagementToolCoordinator.process(SchemaManagementToolCoordinator.java:140) ~[hibernate-core-6.2.6.Final.jar:6.2.6.Final]
	at org.hibernate.boot.internal.SessionFactoryObserverForSchemaExport.sessionFactoryCreated(SessionFactoryObserverForSchemaExport.java:37) ~[hibernate-core-6.2.6.Final.jar:6.2.6.Final]
	at org.hibernate.internal.SessionFactoryObserverChain.sessionFactoryCreated(SessionFactoryObserverChain.java:35) ~[hibernate-core-6.2.6.Final.jar:6.2.6.Final]
	at org.hibernate.internal.SessionFactoryImpl.<init>(SessionFactoryImpl.java:292) ~[hibernate-core-6.2.6.Final.jar:6.2.6.Final]
	at org.hibernate.boot.internal.SessionFactoryBuilderImpl.build(SessionFactoryBuilderImpl.java:431) ~[hibernate-core-6.2.6.Final.jar:6.2.6.Final]
	at org.hibernate.jpa.boot.internal.EntityManagerFactoryBuilderImpl.build(EntityManagerFactoryBuilderImpl.java:1455) ~[hibernate-core-6.2.6.Final.jar:6.2.6.Final]
	at org.springframework.orm.jpa.vendor.SpringHibernateJpaPersistenceProvider.createContainerEntityManagerFactory(SpringHibernateJpaPersistenceProvider.java:75) ~[spring-orm-6.0.11.jar:6.0.11]
	at org.springframework.orm.jpa.LocalContainerEntityManagerFactoryBean.createNativeEntityManagerFactory(LocalContainerEntityManagerFactoryBean.java:376) ~[spring-orm-6.0.11.jar:6.0.11]
	at org.springframework.orm.jpa.AbstractEntityManagerFactoryBean.buildNativeEntityManagerFactory(AbstractEntityManagerFactoryBean.java:409) ~[spring-orm-6.0.11.jar:6.0.11]
	... 20 common frames omitted
Caused by: org.hibernate.MappingException: Unable to determine SQL type name for column 'description' of table 'company_locales'
	at org.hibernate.mapping.Column.getSqlTypeName(Column.java:281) ~[hibernate-core-6.2.6.Final.jar:6.2.6.Final]
	at org.hibernate.mapping.Column.getSqlType(Column.java:339) ~[hibernate-core-6.2.6.Final.jar:6.2.6.Final]
	at org.hibernate.tool.schema.internal.ColumnDefinitions.appendColumnDefinition(ColumnDefinitions.java:161) ~[hibernate-core-6.2.6.Final.jar:6.2.6.Final]
	at org.hibernate.tool.schema.internal.ColumnDefinitions.appendColumn(ColumnDefinitions.java:95) ~[hibernate-core-6.2.6.Final.jar:6.2.6.Final]
	at org.hibernate.tool.schema.internal.StandardTableExporter.getSqlCreateStrings(StandardTableExporter.java:73) ~[hibernate-core-6.2.6.Final.jar:6.2.6.Final]
	... 39 common frames omitted
Caused by: org.hibernate.HibernateException: No type mapping for org.hibernate.type.SqlTypes code: 2000 (JAVA_OBJECT)
	at org.hibernate.type.descriptor.sql.spi.DdlTypeRegistry.getTypeName(DdlTypeRegistry.java:205) ~[hibernate-core-6.2.6.Final.jar:6.2.6.Final]
	at org.hibernate.type.descriptor.sql.spi.DdlTypeRegistry.getTypeName(DdlTypeRegistry.java:184) ~[hibernate-core-6.2.6.Final.jar:6.2.6.Final]
	at org.hibernate.mapping.Column.getSqlTypeName(Column.java:277) ~[hibernate-core-6.2.6.Final.jar:6.2.6.Final]
	... 43 common frames omitted

2023-07-31T21:43:21.282+03:00  INFO 2316 --- [main] c.e.s.SpringProjetV1Application          : Starting SpringProjetV1Application using Java 17.0.7 with PID 2316 (D:\Progects\spring projet v1\target\classes started by kovty in D:\Progects\spring projet v1)
2023-07-31T21:43:21.285+03:00  INFO 2316 --- [main] c.e.s.SpringProjetV1Application          : No active profile set, falling back to 1 default profile: "default"
2023-07-31T21:43:21.959+03:00  INFO 2316 --- [main] .s.d.r.c.RepositoryConfigurationDelegate : Bootstrapping Spring Data JPA repositories in DEFAULT mode.
2023-07-31T21:43:22.024+03:00  INFO 2316 --- [main] .s.d.r.c.RepositoryConfigurationDelegate : Finished Spring Data repository scanning in 45 ms. Found 1 JPA repository interfaces.
2023-07-31T21:43:22.422+03:00  INFO 2316 --- [main] o.s.b.w.embedded.tomcat.TomcatWebServer  : Tomcat initialized with port(s): 8080 (http)
2023-07-31T21:43:22.429+03:00  INFO 2316 --- [main] o.apache.catalina.core.StandardService   : Starting service [Tomcat]
2023-07-31T21:43:22.429+03:00  INFO 2316 --- [main] o.apache.catalina.core.StandardEngine    : Starting Servlet engine: [Apache Tomcat/10.1.11]
2023-07-31T21:43:22.507+03:00  INFO 2316 --- [main] o.a.c.c.C.[Tomcat].[localhost].[/]       : Initializing Spring embedded WebApplicationContext
2023-07-31T21:43:22.507+03:00  INFO 2316 --- [main] w.s.c.ServletWebServerApplicationContext : Root WebApplicationContext: initialization completed in 1159 ms
2023-07-31T21:43:22.621+03:00  INFO 2316 --- [main] o.hibernate.jpa.internal.util.LogHelper  : HHH000204: Processing PersistenceUnitInfo [name: default]
2023-07-31T21:43:22.662+03:00  INFO 2316 --- [main] org.hibernate.Version                    : HHH000412: Hibernate ORM core version 6.2.6.Final
2023-07-31T21:43:22.664+03:00  INFO 2316 --- [main] org.hibernate.cfg.Environment            : HHH000406: Using bytecode reflection optimizer
2023-07-31T21:43:22.756+03:00  INFO 2316 --- [main] o.h.b.i.BytecodeProviderInitiator        : HHH000021: Bytecode provider name : bytebuddy
2023-07-31T21:43:22.853+03:00  INFO 2316 --- [main] o.s.o.j.p.SpringPersistenceUnitInfo      : No LoadTimeWeaver setup: ignoring JPA class transformer
2023-07-31T21:43:22.887+03:00  INFO 2316 --- [main] com.zaxxer.hikari.HikariDataSource       : HikariPool-1 - Starting...
2023-07-31T21:43:23.058+03:00  INFO 2316 --- [main] com.zaxxer.hikari.pool.HikariPool        : HikariPool-1 - Added connection org.postgresql.jdbc.PgConnection@7c901203
2023-07-31T21:43:23.061+03:00  INFO 2316 --- [main] com.zaxxer.hikari.HikariDataSource       : HikariPool-1 - Start completed.
2023-07-31T21:43:23.332+03:00  INFO 2316 --- [main] o.h.b.i.BytecodeProviderInitiator        : HHH000021: Bytecode provider name : bytebuddy
2023-07-31T21:43:23.958+03:00  INFO 2316 --- [main] o.h.e.t.j.p.i.JtaPlatformInitiator       : HHH000490: Using JtaPlatform implementation: [org.hibernate.engine.transaction.jta.platform.internal.NoJtaPlatform]
2023-07-31T21:43:23.979+03:00  WARN 2316 --- [main] o.h.engine.jdbc.spi.SqlExceptionHelper   : SQL Warning Code: 0, SQLState: 00000
2023-07-31T21:43:23.979+03:00  WARN 2316 --- [main] o.h.engine.jdbc.spi.SqlExceptionHelper   : relation "company_locales" does not exist, skipping
2023-07-31T21:43:23.981+03:00  WARN 2316 --- [main] o.h.engine.jdbc.spi.SqlExceptionHelper   : SQL Warning Code: 0, SQLState: 00000
2023-07-31T21:43:23.982+03:00  WARN 2316 --- [main] o.h.engine.jdbc.spi.SqlExceptionHelper   : relation "payment" does not exist, skipping
2023-07-31T21:43:23.983+03:00  WARN 2316 --- [main] o.h.engine.jdbc.spi.SqlExceptionHelper   : SQL Warning Code: 0, SQLState: 00000
2023-07-31T21:43:23.984+03:00  WARN 2316 --- [main] o.h.engine.jdbc.spi.SqlExceptionHelper   : relation "user_chat" does not exist, skipping
2023-07-31T21:43:23.986+03:00  WARN 2316 --- [main] o.h.engine.jdbc.spi.SqlExceptionHelper   : SQL Warning Code: 0, SQLState: 00000
2023-07-31T21:43:23.986+03:00  WARN 2316 --- [main] o.h.engine.jdbc.spi.SqlExceptionHelper   : relation "user_chat" does not exist, skipping
2023-07-31T21:43:23.988+03:00  WARN 2316 --- [main] o.h.engine.jdbc.spi.SqlExceptionHelper   : SQL Warning Code: 0, SQLState: 00000
2023-07-31T21:43:23.988+03:00  WARN 2316 --- [main] o.h.engine.jdbc.spi.SqlExceptionHelper   : relation "users" does not exist, skipping
2023-07-31T21:43:24.009+03:00  WARN 2316 --- [main] o.h.engine.jdbc.spi.SqlExceptionHelper   : SQL Warning Code: 0, SQLState: 00000
2023-07-31T21:43:24.009+03:00  WARN 2316 --- [main] o.h.engine.jdbc.spi.SqlExceptionHelper   : table "company_locales" does not exist, skipping
2023-07-31T21:43:24.011+03:00  WARN 2316 --- [main] o.h.engine.jdbc.spi.SqlExceptionHelper   : SQL Warning Code: 0, SQLState: 00000
2023-07-31T21:43:24.011+03:00  WARN 2316 --- [main] o.h.engine.jdbc.spi.SqlExceptionHelper   : table "payment" does not exist, skipping
2023-07-31T21:43:24.013+03:00  WARN 2316 --- [main] o.h.engine.jdbc.spi.SqlExceptionHelper   : SQL Warning Code: 0, SQLState: 00000
2023-07-31T21:43:24.013+03:00  WARN 2316 --- [main] o.h.engine.jdbc.spi.SqlExceptionHelper   : table "user_chat" does not exist, skipping
2023-07-31T21:43:24.015+03:00  WARN 2316 --- [main] o.h.engine.jdbc.spi.SqlExceptionHelper   : SQL Warning Code: 0, SQLState: 00000
2023-07-31T21:43:24.015+03:00  WARN 2316 --- [main] o.h.engine.jdbc.spi.SqlExceptionHelper   : table "users" does not exist, skipping
2023-07-31T21:43:24.041+03:00 ERROR 2316 --- [main] j.LocalContainerEntityManagerFactoryBean : Failed to initialize JPA EntityManagerFactory: [PersistenceUnit: default] Unable to build Hibernate SessionFactory; nested exception is org.hibernate.MappingException: Error creating SQL create commands for table : company_locales
2023-07-31T21:43:24.042+03:00  WARN 2316 --- [main] ConfigServletWebServerApplicationContext : Exception encountered during context initialization - cancelling refresh attempt: org.springframework.beans.factory.BeanCreationException: Error creating bean with name 'entityManagerFactory' defined in class path resource [org/springframework/boot/autoconfigure/orm/jpa/HibernateJpaConfiguration.class]: [PersistenceUnit: default] Unable to build Hibernate SessionFactory; nested exception is org.hibernate.MappingException: Error creating SQL create commands for table : company_locales
2023-07-31T21:43:24.042+03:00  INFO 2316 --- [main] com.zaxxer.hikari.HikariDataSource       : HikariPool-1 - Shutdown initiated...
2023-07-31T21:43:24.046+03:00  INFO 2316 --- [main] com.zaxxer.hikari.HikariDataSource       : HikariPool-1 - Shutdown completed.
2023-07-31T21:43:24.049+03:00  INFO 2316 --- [main] o.apache.catalina.core.StandardService   : Stopping service [Tomcat]
2023-07-31T21:43:24.061+03:00  INFO 2316 --- [main] .s.b.a.l.ConditionEvaluationReportLogger : 

Error starting ApplicationContext. To display the condition evaluation report re-run your application with 'debug' enabled.
2023-07-31T21:43:24.075+03:00 ERROR 2316 --- [main] o.s.boot.SpringApplication               : Application run failed

org.springframework.beans.factory.BeanCreationException: Error creating bean with name 'entityManagerFactory' defined in class path resource [org/springframework/boot/autoconfigure/orm/jpa/HibernateJpaConfiguration.class]: [PersistenceUnit: default] Unable to build Hibernate SessionFactory; nested exception is org.hibernate.MappingException: Error creating SQL create commands for table : company_locales
	at org.springframework.beans.factory.support.AbstractAutowireCapableBeanFactory.initializeBean(AbstractAutowireCapableBeanFactory.java:1770) ~[spring-beans-6.0.11.jar:6.0.11]
	at org.springframework.beans.factory.support.AbstractAutowireCapableBeanFactory.doCreateBean(AbstractAutowireCapableBeanFactory.java:598) ~[spring-beans-6.0.11.jar:6.0.11]
	at org.springframework.beans.factory.support.AbstractAutowireCapableBeanFactory.createBean(AbstractAutowireCapableBeanFactory.java:520) ~[spring-beans-6.0.11.jar:6.0.11]
	at org.springframework.beans.factory.support.AbstractBeanFactory.lambda$doGetBean$0(AbstractBeanFactory.java:326) ~[spring-beans-6.0.11.jar:6.0.11]
	at org.springframework.beans.factory.support.DefaultSingletonBeanRegistry.getSingleton(DefaultSingletonBeanRegistry.java:234) ~[spring-beans-6.0.11.jar:6.0.11]
	at org.springframework.beans.factory.support.AbstractBeanFactory.doGetBean(AbstractBeanFactory.java:324) ~[spring-beans-6.0.11.jar:6.0.11]
	at org.springframework.beans.factory.support.AbstractBeanFactory.getBean(AbstractBeanFactory.java:200) ~[spring-beans-6.0.11.jar:6.0.11]
	at org.springframework.context.support.AbstractApplicationContext.getBean(AbstractApplicationContext.java:1155) ~[spring-context-6.0.11.jar:6.0.11]
	at org.springframework.context.support.AbstractApplicationContext.finishBeanFactoryInitialization(AbstractApplicationContext.java:932) ~[spring-context-6.0.11.jar:6.0.11]
	at org.springframework.context.support.AbstractApplicationContext.refresh(AbstractApplicationContext.java:608) ~[spring-context-6.0.11.jar:6.0.11]
	at org.springframework.boot.web.servlet.context.ServletWebServerApplicationContext.refresh(ServletWebServerApplicationContext.java:146) ~[spring-boot-3.1.2.jar:3.1.2]
	at org.springframework.boot.SpringApplication.refresh(SpringApplication.java:734) ~[spring-boot-3.1.2.jar:3.1.2]
	at org.springframework.boot.SpringApplication.refreshContext(SpringApplication.java:436) ~[spring-boot-3.1.2.jar:3.1.2]
	at org.springframework.boot.SpringApplication.run(SpringApplication.java:312) ~[spring-boot-3.1.2.jar:3.1.2]
	at org.springframework.boot.SpringApplication.run(SpringApplication.java:1306) ~[spring-boot-3.1.2.jar:3.1.2]
	at org.springframework.boot.SpringApplication.run(SpringApplication.java:1295) ~[spring-boot-3.1.2.jar:3.1.2]
	at com.example.springprojetv1.SpringProjetV1Application.main(SpringProjetV1Application.java:10) ~[classes/:na]
Caused by: jakarta.persistence.PersistenceException: [PersistenceUnit: default] Unable to build Hibernate SessionFactory; nested exception is org.hibernate.MappingException: Error creating SQL create commands for table : company_locales
	at org.springframework.orm.jpa.AbstractEntityManagerFactoryBean.buildNativeEntityManagerFactory(AbstractEntityManagerFactoryBean.java:421) ~[spring-orm-6.0.11.jar:6.0.11]
	at org.springframework.orm.jpa.AbstractEntityManagerFactoryBean.afterPropertiesSet(AbstractEntityManagerFactoryBean.java:396) ~[spring-orm-6.0.11.jar:6.0.11]
	at org.springframework.orm.jpa.LocalContainerEntityManagerFactoryBean.afterPropertiesSet(LocalContainerEntityManagerFactoryBean.java:352) ~[spring-orm-6.0.11.jar:6.0.11]
	at org.springframework.beans.factory.support.AbstractAutowireCapableBeanFactory.invokeInitMethods(AbstractAutowireCapableBeanFactory.java:1817) ~[spring-beans-6.0.11.jar:6.0.11]
	at org.springframework.beans.factory.support.AbstractAutowireCapableBeanFactory.initializeBean(AbstractAutowireCapableBeanFactory.java:1766) ~[spring-beans-6.0.11.jar:6.0.11]
	... 16 common frames omitted
Caused by: org.hibernate.MappingException: Error creating SQL create commands for table : company_locales
	at org.hibernate.tool.schema.internal.StandardTableExporter.getSqlCreateStrings(StandardTableExporter.java:104) ~[hibernate-core-6.2.6.Final.jar:6.2.6.Final]
	at org.hibernate.tool.schema.internal.StandardTableExporter.getSqlCreateStrings(StandardTableExporter.java:41) ~[hibernate-core-6.2.6.Final.jar:6.2.6.Final]
	at org.hibernate.tool.schema.internal.SchemaCreatorImpl.createTables(SchemaCreatorImpl.java:420) ~[hibernate-core-6.2.6.Final.jar:6.2.6.Final]
	at org.hibernate.tool.schema.internal.SchemaCreatorImpl.createSequencesTablesConstraints(SchemaCreatorImpl.java:340) ~[hibernate-core-6.2.6.Final.jar:6.2.6.Final]
	at org.hibernate.tool.schema.internal.SchemaCreatorImpl.createFromMetadata(SchemaCreatorImpl.java:239) ~[hibernate-core-6.2.6.Final.jar:6.2.6.Final]
	at org.hibernate.tool.schema.internal.SchemaCreatorImpl.performCreation(SchemaCreatorImpl.java:172) ~[hibernate-core-6.2.6.Final.jar:6.2.6.Final]
	at org.hibernate.tool.schema.internal.SchemaCreatorImpl.doCreation(SchemaCreatorImpl.java:142) ~[hibernate-core-6.2.6.Final.jar:6.2.6.Final]
	at org.hibernate.tool.schema.internal.SchemaCreatorImpl.doCreation(SchemaCreatorImpl.java:118) ~[hibernate-core-6.2.6.Final.jar:6.2.6.Final]
	at org.hibernate.tool.schema.spi.SchemaManagementToolCoordinator.performDatabaseAction(SchemaManagementToolCoordinator.java:254) ~[hibernate-core-6.2.6.Final.jar:6.2.6.Final]
	at org.hibernate.tool.schema.spi.SchemaManagementToolCoordinator.lambda$process$5(SchemaManagementToolCoordinator.java:143) ~[hibernate-core-6.2.6.Final.jar:6.2.6.Final]
	at java.base/java.util.HashMap.forEach(HashMap.java:1421) ~[na:na]
	at org.hibernate.tool.schema.spi.SchemaManagementToolCoordinator.process(SchemaManagementToolCoordinator.java:140) ~[hibernate-core-6.2.6.Final.jar:6.2.6.Final]
	at org.hibernate.boot.internal.SessionFactoryObserverForSchemaExport.sessionFactoryCreated(SessionFactoryObserverForSchemaExport.java:37) ~[hibernate-core-6.2.6.Final.jar:6.2.6.Final]
	at org.hibernate.internal.SessionFactoryObserverChain.sessionFactoryCreated(SessionFactoryObserverChain.java:35) ~[hibernate-core-6.2.6.Final.jar:6.2.6.Final]
	at org.hibernate.internal.SessionFactoryImpl.<init>(SessionFactoryImpl.java:292) ~[hibernate-core-6.2.6.Final.jar:6.2.6.Final]
	at org.hibernate.boot.internal.SessionFactoryBuilderImpl.build(SessionFactoryBuilderImpl.java:431) ~[hibernate-core-6.2.6.Final.jar:6.2.6.Final]
	at org.hibernate.jpa.boot.internal.EntityManagerFactoryBuilderImpl.build(EntityManagerFactoryBuilderImpl.java:1455) ~[hibernate-core-6.2.6.Final.jar:6.2.6.Final]
	at org.springframework.orm.jpa.vendor.SpringHibernateJpaPersistenceProvider.createContainerEntityManagerFactory(SpringHibernateJpaPersistenceProvider.java:75) ~[spring-orm-6.0.11.jar:6.0.11]
	at org.springframework.orm.jpa.LocalContainerEntityManagerFactoryBean.createNativeEntityManagerFactory(LocalContainerEntityManagerFactoryBean.java:376) ~[spring-orm-6.0.11.jar:6.0.11]
	at org.springframework.orm.jpa.AbstractEntityManagerFactoryBean.buildNativeEntityManagerFactory(AbstractEntityManagerFactoryBean.java:409) ~[spring-orm-6.0.11.jar:6.0.11]
	... 20 common frames omitted
Caused by: org.hibernate.MappingException: Unable to determine SQL type name for column 'description' of table 'company_locales'
	at org.hibernate.mapping.Column.getSqlTypeName(Column.java:281) ~[hibernate-core-6.2.6.Final.jar:6.2.6.Final]
	at org.hibernate.mapping.Column.getSqlType(Column.java:339) ~[hibernate-core-6.2.6.Final.jar:6.2.6.Final]
	at org.hibernate.tool.schema.internal.ColumnDefinitions.appendColumnDefinition(ColumnDefinitions.java:161) ~[hibernate-core-6.2.6.Final.jar:6.2.6.Final]
	at org.hibernate.tool.schema.internal.ColumnDefinitions.appendColumn(ColumnDefinitions.java:95) ~[hibernate-core-6.2.6.Final.jar:6.2.6.Final]
	at org.hibernate.tool.schema.internal.StandardTableExporter.getSqlCreateStrings(StandardTableExporter.java:73) ~[hibernate-core-6.2.6.Final.jar:6.2.6.Final]
	... 39 common frames omitted
Caused by: org.hibernate.HibernateException: No type mapping for org.hibernate.type.SqlTypes code: 2000 (JAVA_OBJECT)
	at org.hibernate.type.descriptor.sql.spi.DdlTypeRegistry.getTypeName(DdlTypeRegistry.java:205) ~[hibernate-core-6.2.6.Final.jar:6.2.6.Final]
	at org.hibernate.type.descriptor.sql.spi.DdlTypeRegistry.getTypeName(DdlTypeRegistry.java:184) ~[hibernate-core-6.2.6.Final.jar:6.2.6.Final]
	at org.hibernate.mapping.Column.getSqlTypeName(Column.java:277) ~[hibernate-core-6.2.6.Final.jar:6.2.6.Final]
	... 43 common frames omitted

2023-07-31T21:44:35.948+03:00  INFO 22456 --- [main] c.e.s.SpringProjetV1Application          : Starting SpringProjetV1Application using Java 17.0.7 with PID 22456 (D:\Progects\spring projet v1\target\classes started by kovty in D:\Progects\spring projet v1)
2023-07-31T21:44:35.950+03:00  INFO 22456 --- [main] c.e.s.SpringProjetV1Application          : No active profile set, falling back to 1 default profile: "default"
2023-07-31T21:44:36.585+03:00  INFO 22456 --- [main] .s.d.r.c.RepositoryConfigurationDelegate : Bootstrapping Spring Data JPA repositories in DEFAULT mode.
2023-07-31T21:44:36.643+03:00  INFO 22456 --- [main] .s.d.r.c.RepositoryConfigurationDelegate : Finished Spring Data repository scanning in 44 ms. Found 1 JPA repository interfaces.
2023-07-31T21:44:37.075+03:00  INFO 22456 --- [main] o.s.b.w.embedded.tomcat.TomcatWebServer  : Tomcat initialized with port(s): 8080 (http)
2023-07-31T21:44:37.084+03:00  INFO 22456 --- [main] o.apache.catalina.core.StandardService   : Starting service [Tomcat]
2023-07-31T21:44:37.084+03:00  INFO 22456 --- [main] o.apache.catalina.core.StandardEngine    : Starting Servlet engine: [Apache Tomcat/10.1.11]
2023-07-31T21:44:37.169+03:00  INFO 22456 --- [main] o.a.c.c.C.[Tomcat].[localhost].[/]       : Initializing Spring embedded WebApplicationContext
2023-07-31T21:44:37.169+03:00  INFO 22456 --- [main] w.s.c.ServletWebServerApplicationContext : Root WebApplicationContext: initialization completed in 1151 ms
2023-07-31T21:44:37.313+03:00  INFO 22456 --- [main] o.hibernate.jpa.internal.util.LogHelper  : HHH000204: Processing PersistenceUnitInfo [name: default]
2023-07-31T21:44:37.363+03:00  INFO 22456 --- [main] org.hibernate.Version                    : HHH000412: Hibernate ORM core version 6.2.6.Final
2023-07-31T21:44:37.365+03:00  INFO 22456 --- [main] org.hibernate.cfg.Environment            : HHH000406: Using bytecode reflection optimizer
2023-07-31T21:44:37.516+03:00  INFO 22456 --- [main] o.h.b.i.BytecodeProviderInitiator        : HHH000021: Bytecode provider name : bytebuddy
2023-07-31T21:44:37.691+03:00  INFO 22456 --- [main] o.s.o.j.p.SpringPersistenceUnitInfo      : No LoadTimeWeaver setup: ignoring JPA class transformer
2023-07-31T21:44:37.714+03:00  INFO 22456 --- [main] com.zaxxer.hikari.HikariDataSource       : HikariPool-1 - Starting...
2023-07-31T21:44:37.898+03:00  INFO 22456 --- [main] com.zaxxer.hikari.pool.HikariPool        : HikariPool-1 - Added connection org.postgresql.jdbc.PgConnection@120350eb
2023-07-31T21:44:37.900+03:00  INFO 22456 --- [main] com.zaxxer.hikari.HikariDataSource       : HikariPool-1 - Start completed.
2023-07-31T21:44:38.180+03:00  INFO 22456 --- [main] o.h.b.i.BytecodeProviderInitiator        : HHH000021: Bytecode provider name : bytebuddy
2023-07-31T21:44:38.767+03:00  INFO 22456 --- [main] o.h.e.t.j.p.i.JtaPlatformInitiator       : HHH000490: Using JtaPlatform implementation: [org.hibernate.engine.transaction.jta.platform.internal.NoJtaPlatform]
2023-07-31T21:44:38.785+03:00  WARN 22456 --- [main] o.h.engine.jdbc.spi.SqlExceptionHelper   : SQL Warning Code: 0, SQLState: 00000
2023-07-31T21:44:38.785+03:00  WARN 22456 --- [main] o.h.engine.jdbc.spi.SqlExceptionHelper   : relation "company_locales" does not exist, skipping
2023-07-31T21:44:38.787+03:00  WARN 22456 --- [main] o.h.engine.jdbc.spi.SqlExceptionHelper   : SQL Warning Code: 0, SQLState: 00000
2023-07-31T21:44:38.787+03:00  WARN 22456 --- [main] o.h.engine.jdbc.spi.SqlExceptionHelper   : relation "payment" does not exist, skipping
2023-07-31T21:44:38.789+03:00  WARN 22456 --- [main] o.h.engine.jdbc.spi.SqlExceptionHelper   : SQL Warning Code: 0, SQLState: 00000
2023-07-31T21:44:38.789+03:00  WARN 22456 --- [main] o.h.engine.jdbc.spi.SqlExceptionHelper   : relation "user_chat" does not exist, skipping
2023-07-31T21:44:38.791+03:00  WARN 22456 --- [main] o.h.engine.jdbc.spi.SqlExceptionHelper   : SQL Warning Code: 0, SQLState: 00000
2023-07-31T21:44:38.791+03:00  WARN 22456 --- [main] o.h.engine.jdbc.spi.SqlExceptionHelper   : relation "user_chat" does not exist, skipping
2023-07-31T21:44:38.793+03:00  WARN 22456 --- [main] o.h.engine.jdbc.spi.SqlExceptionHelper   : SQL Warning Code: 0, SQLState: 00000
2023-07-31T21:44:38.793+03:00  WARN 22456 --- [main] o.h.engine.jdbc.spi.SqlExceptionHelper   : relation "users" does not exist, skipping
2023-07-31T21:44:38.795+03:00  WARN 22456 --- [main] o.h.engine.jdbc.spi.SqlExceptionHelper   : SQL Warning Code: 0, SQLState: 00000
2023-07-31T21:44:38.796+03:00  WARN 22456 --- [main] o.h.engine.jdbc.spi.SqlExceptionHelper   : table "chat" does not exist, skipping
2023-07-31T21:44:38.798+03:00  WARN 22456 --- [main] o.h.engine.jdbc.spi.SqlExceptionHelper   : SQL Warning Code: 0, SQLState: 00000
2023-07-31T21:44:38.798+03:00  WARN 22456 --- [main] o.h.engine.jdbc.spi.SqlExceptionHelper   : table "company" does not exist, skipping
2023-07-31T21:44:38.800+03:00  WARN 22456 --- [main] o.h.engine.jdbc.spi.SqlExceptionHelper   : SQL Warning Code: 0, SQLState: 00000
2023-07-31T21:44:38.800+03:00  WARN 22456 --- [main] o.h.engine.jdbc.spi.SqlExceptionHelper   : table "company_locales" does not exist, skipping
2023-07-31T21:44:38.802+03:00  WARN 22456 --- [main] o.h.engine.jdbc.spi.SqlExceptionHelper   : SQL Warning Code: 0, SQLState: 00000
2023-07-31T21:44:38.802+03:00  WARN 22456 --- [main] o.h.engine.jdbc.spi.SqlExceptionHelper   : table "payment" does not exist, skipping
2023-07-31T21:44:38.804+03:00  WARN 22456 --- [main] o.h.engine.jdbc.spi.SqlExceptionHelper   : SQL Warning Code: 0, SQLState: 00000
2023-07-31T21:44:38.804+03:00  WARN 22456 --- [main] o.h.engine.jdbc.spi.SqlExceptionHelper   : table "user_chat" does not exist, skipping
2023-07-31T21:44:38.806+03:00  WARN 22456 --- [main] o.h.engine.jdbc.spi.SqlExceptionHelper   : SQL Warning Code: 0, SQLState: 00000
2023-07-31T21:44:38.806+03:00  WARN 22456 --- [main] o.h.engine.jdbc.spi.SqlExceptionHelper   : table "users" does not exist, skipping
2023-07-31T21:44:38.840+03:00 ERROR 22456 --- [main] j.LocalContainerEntityManagerFactoryBean : Failed to initialize JPA EntityManagerFactory: [PersistenceUnit: default] Unable to build Hibernate SessionFactory; nested exception is org.hibernate.MappingException: Error creating SQL create commands for table : company_locales
2023-07-31T21:44:38.840+03:00  WARN 22456 --- [main] ConfigServletWebServerApplicationContext : Exception encountered during context initialization - cancelling refresh attempt: org.springframework.beans.factory.BeanCreationException: Error creating bean with name 'entityManagerFactory' defined in class path resource [org/springframework/boot/autoconfigure/orm/jpa/HibernateJpaConfiguration.class]: [PersistenceUnit: default] Unable to build Hibernate SessionFactory; nested exception is org.hibernate.MappingException: Error creating SQL create commands for table : company_locales
2023-07-31T21:44:38.841+03:00  INFO 22456 --- [main] com.zaxxer.hikari.HikariDataSource       : HikariPool-1 - Shutdown initiated...
2023-07-31T21:44:38.845+03:00  INFO 22456 --- [main] com.zaxxer.hikari.HikariDataSource       : HikariPool-1 - Shutdown completed.
2023-07-31T21:44:38.850+03:00  INFO 22456 --- [main] o.apache.catalina.core.StandardService   : Stopping service [Tomcat]
2023-07-31T21:44:38.861+03:00  INFO 22456 --- [main] .s.b.a.l.ConditionEvaluationReportLogger : 

Error starting ApplicationContext. To display the condition evaluation report re-run your application with 'debug' enabled.
2023-07-31T21:44:38.879+03:00 ERROR 22456 --- [main] o.s.boot.SpringApplication               : Application run failed

org.springframework.beans.factory.BeanCreationException: Error creating bean with name 'entityManagerFactory' defined in class path resource [org/springframework/boot/autoconfigure/orm/jpa/HibernateJpaConfiguration.class]: [PersistenceUnit: default] Unable to build Hibernate SessionFactory; nested exception is org.hibernate.MappingException: Error creating SQL create commands for table : company_locales
	at org.springframework.beans.factory.support.AbstractAutowireCapableBeanFactory.initializeBean(AbstractAutowireCapableBeanFactory.java:1770) ~[spring-beans-6.0.11.jar:6.0.11]
	at org.springframework.beans.factory.support.AbstractAutowireCapableBeanFactory.doCreateBean(AbstractAutowireCapableBeanFactory.java:598) ~[spring-beans-6.0.11.jar:6.0.11]
	at org.springframework.beans.factory.support.AbstractAutowireCapableBeanFactory.createBean(AbstractAutowireCapableBeanFactory.java:520) ~[spring-beans-6.0.11.jar:6.0.11]
	at org.springframework.beans.factory.support.AbstractBeanFactory.lambda$doGetBean$0(AbstractBeanFactory.java:326) ~[spring-beans-6.0.11.jar:6.0.11]
	at org.springframework.beans.factory.support.DefaultSingletonBeanRegistry.getSingleton(DefaultSingletonBeanRegistry.java:234) ~[spring-beans-6.0.11.jar:6.0.11]
	at org.springframework.beans.factory.support.AbstractBeanFactory.doGetBean(AbstractBeanFactory.java:324) ~[spring-beans-6.0.11.jar:6.0.11]
	at org.springframework.beans.factory.support.AbstractBeanFactory.getBean(AbstractBeanFactory.java:200) ~[spring-beans-6.0.11.jar:6.0.11]
	at org.springframework.context.support.AbstractApplicationContext.getBean(AbstractApplicationContext.java:1155) ~[spring-context-6.0.11.jar:6.0.11]
	at org.springframework.context.support.AbstractApplicationContext.finishBeanFactoryInitialization(AbstractApplicationContext.java:932) ~[spring-context-6.0.11.jar:6.0.11]
	at org.springframework.context.support.AbstractApplicationContext.refresh(AbstractApplicationContext.java:608) ~[spring-context-6.0.11.jar:6.0.11]
	at org.springframework.boot.web.servlet.context.ServletWebServerApplicationContext.refresh(ServletWebServerApplicationContext.java:146) ~[spring-boot-3.1.2.jar:3.1.2]
	at org.springframework.boot.SpringApplication.refresh(SpringApplication.java:734) ~[spring-boot-3.1.2.jar:3.1.2]
	at org.springframework.boot.SpringApplication.refreshContext(SpringApplication.java:436) ~[spring-boot-3.1.2.jar:3.1.2]
	at org.springframework.boot.SpringApplication.run(SpringApplication.java:312) ~[spring-boot-3.1.2.jar:3.1.2]
	at org.springframework.boot.SpringApplication.run(SpringApplication.java:1306) ~[spring-boot-3.1.2.jar:3.1.2]
	at org.springframework.boot.SpringApplication.run(SpringApplication.java:1295) ~[spring-boot-3.1.2.jar:3.1.2]
	at com.example.springprojetv1.SpringProjetV1Application.main(SpringProjetV1Application.java:10) ~[classes/:na]
Caused by: jakarta.persistence.PersistenceException: [PersistenceUnit: default] Unable to build Hibernate SessionFactory; nested exception is org.hibernate.MappingException: Error creating SQL create commands for table : company_locales
	at org.springframework.orm.jpa.AbstractEntityManagerFactoryBean.buildNativeEntityManagerFactory(AbstractEntityManagerFactoryBean.java:421) ~[spring-orm-6.0.11.jar:6.0.11]
	at org.springframework.orm.jpa.AbstractEntityManagerFactoryBean.afterPropertiesSet(AbstractEntityManagerFactoryBean.java:396) ~[spring-orm-6.0.11.jar:6.0.11]
	at org.springframework.orm.jpa.LocalContainerEntityManagerFactoryBean.afterPropertiesSet(LocalContainerEntityManagerFactoryBean.java:352) ~[spring-orm-6.0.11.jar:6.0.11]
	at org.springframework.beans.factory.support.AbstractAutowireCapableBeanFactory.invokeInitMethods(AbstractAutowireCapableBeanFactory.java:1817) ~[spring-beans-6.0.11.jar:6.0.11]
	at org.springframework.beans.factory.support.AbstractAutowireCapableBeanFactory.initializeBean(AbstractAutowireCapableBeanFactory.java:1766) ~[spring-beans-6.0.11.jar:6.0.11]
	... 16 common frames omitted
Caused by: org.hibernate.MappingException: Error creating SQL create commands for table : company_locales
	at org.hibernate.tool.schema.internal.StandardTableExporter.getSqlCreateStrings(StandardTableExporter.java:104) ~[hibernate-core-6.2.6.Final.jar:6.2.6.Final]
	at org.hibernate.tool.schema.internal.StandardTableExporter.getSqlCreateStrings(StandardTableExporter.java:41) ~[hibernate-core-6.2.6.Final.jar:6.2.6.Final]
	at org.hibernate.tool.schema.internal.SchemaCreatorImpl.createTables(SchemaCreatorImpl.java:420) ~[hibernate-core-6.2.6.Final.jar:6.2.6.Final]
	at org.hibernate.tool.schema.internal.SchemaCreatorImpl.createSequencesTablesConstraints(SchemaCreatorImpl.java:340) ~[hibernate-core-6.2.6.Final.jar:6.2.6.Final]
	at org.hibernate.tool.schema.internal.SchemaCreatorImpl.createFromMetadata(SchemaCreatorImpl.java:239) ~[hibernate-core-6.2.6.Final.jar:6.2.6.Final]
	at org.hibernate.tool.schema.internal.SchemaCreatorImpl.performCreation(SchemaCreatorImpl.java:172) ~[hibernate-core-6.2.6.Final.jar:6.2.6.Final]
	at org.hibernate.tool.schema.internal.SchemaCreatorImpl.doCreation(SchemaCreatorImpl.java:142) ~[hibernate-core-6.2.6.Final.jar:6.2.6.Final]
	at org.hibernate.tool.schema.internal.SchemaCreatorImpl.doCreation(SchemaCreatorImpl.java:118) ~[hibernate-core-6.2.6.Final.jar:6.2.6.Final]
	at org.hibernate.tool.schema.spi.SchemaManagementToolCoordinator.performDatabaseAction(SchemaManagementToolCoordinator.java:254) ~[hibernate-core-6.2.6.Final.jar:6.2.6.Final]
	at org.hibernate.tool.schema.spi.SchemaManagementToolCoordinator.lambda$process$5(SchemaManagementToolCoordinator.java:143) ~[hibernate-core-6.2.6.Final.jar:6.2.6.Final]
	at java.base/java.util.HashMap.forEach(HashMap.java:1421) ~[na:na]
	at org.hibernate.tool.schema.spi.SchemaManagementToolCoordinator.process(SchemaManagementToolCoordinator.java:140) ~[hibernate-core-6.2.6.Final.jar:6.2.6.Final]
	at org.hibernate.boot.internal.SessionFactoryObserverForSchemaExport.sessionFactoryCreated(SessionFactoryObserverForSchemaExport.java:37) ~[hibernate-core-6.2.6.Final.jar:6.2.6.Final]
	at org.hibernate.internal.SessionFactoryObserverChain.sessionFactoryCreated(SessionFactoryObserverChain.java:35) ~[hibernate-core-6.2.6.Final.jar:6.2.6.Final]
	at org.hibernate.internal.SessionFactoryImpl.<init>(SessionFactoryImpl.java:292) ~[hibernate-core-6.2.6.Final.jar:6.2.6.Final]
	at org.hibernate.boot.internal.SessionFactoryBuilderImpl.build(SessionFactoryBuilderImpl.java:431) ~[hibernate-core-6.2.6.Final.jar:6.2.6.Final]
	at org.hibernate.jpa.boot.internal.EntityManagerFactoryBuilderImpl.build(EntityManagerFactoryBuilderImpl.java:1455) ~[hibernate-core-6.2.6.Final.jar:6.2.6.Final]
	at org.springframework.orm.jpa.vendor.SpringHibernateJpaPersistenceProvider.createContainerEntityManagerFactory(SpringHibernateJpaPersistenceProvider.java:75) ~[spring-orm-6.0.11.jar:6.0.11]
	at org.springframework.orm.jpa.LocalContainerEntityManagerFactoryBean.createNativeEntityManagerFactory(LocalContainerEntityManagerFactoryBean.java:376) ~[spring-orm-6.0.11.jar:6.0.11]
	at org.springframework.orm.jpa.AbstractEntityManagerFactoryBean.buildNativeEntityManagerFactory(AbstractEntityManagerFactoryBean.java:409) ~[spring-orm-6.0.11.jar:6.0.11]
	... 20 common frames omitted
Caused by: org.hibernate.MappingException: Unable to determine SQL type name for column 'description' of table 'company_locales'
	at org.hibernate.mapping.Column.getSqlTypeName(Column.java:281) ~[hibernate-core-6.2.6.Final.jar:6.2.6.Final]
	at org.hibernate.mapping.Column.getSqlType(Column.java:339) ~[hibernate-core-6.2.6.Final.jar:6.2.6.Final]
	at org.hibernate.tool.schema.internal.ColumnDefinitions.appendColumnDefinition(ColumnDefinitions.java:161) ~[hibernate-core-6.2.6.Final.jar:6.2.6.Final]
	at org.hibernate.tool.schema.internal.ColumnDefinitions.appendColumn(ColumnDefinitions.java:95) ~[hibernate-core-6.2.6.Final.jar:6.2.6.Final]
	at org.hibernate.tool.schema.internal.StandardTableExporter.getSqlCreateStrings(StandardTableExporter.java:73) ~[hibernate-core-6.2.6.Final.jar:6.2.6.Final]
	... 39 common frames omitted
Caused by: org.hibernate.HibernateException: No type mapping for org.hibernate.type.SqlTypes code: 2000 (JAVA_OBJECT)
	at org.hibernate.type.descriptor.sql.spi.DdlTypeRegistry.getTypeName(DdlTypeRegistry.java:205) ~[hibernate-core-6.2.6.Final.jar:6.2.6.Final]
	at org.hibernate.type.descriptor.sql.spi.DdlTypeRegistry.getTypeName(DdlTypeRegistry.java:184) ~[hibernate-core-6.2.6.Final.jar:6.2.6.Final]
	at org.hibernate.mapping.Column.getSqlTypeName(Column.java:277) ~[hibernate-core-6.2.6.Final.jar:6.2.6.Final]
	... 43 common frames omitted

2023-07-31T21:47:32.914+03:00  INFO 23508 --- [main] c.e.s.SpringProjetV1Application          : Starting SpringProjetV1Application using Java 17.0.7 with PID 23508 (D:\Progects\spring projet v1\target\classes started by kovty in D:\Progects\spring projet v1)
2023-07-31T21:47:32.917+03:00  INFO 23508 --- [main] c.e.s.SpringProjetV1Application          : No active profile set, falling back to 1 default profile: "default"
2023-07-31T21:47:33.465+03:00  INFO 23508 --- [main] .s.d.r.c.RepositoryConfigurationDelegate : Bootstrapping Spring Data JPA repositories in DEFAULT mode.
2023-07-31T21:47:33.538+03:00  INFO 23508 --- [main] .s.d.r.c.RepositoryConfigurationDelegate : Finished Spring Data repository scanning in 46 ms. Found 1 JPA repository interfaces.
2023-07-31T21:47:33.939+03:00  INFO 23508 --- [main] o.s.b.w.embedded.tomcat.TomcatWebServer  : Tomcat initialized with port(s): 8080 (http)
2023-07-31T21:47:33.946+03:00  INFO 23508 --- [main] o.apache.catalina.core.StandardService   : Starting service [Tomcat]
2023-07-31T21:47:33.946+03:00  INFO 23508 --- [main] o.apache.catalina.core.StandardEngine    : Starting Servlet engine: [Apache Tomcat/10.1.11]
2023-07-31T21:47:34.015+03:00  INFO 23508 --- [main] o.a.c.c.C.[Tomcat].[localhost].[/]       : Initializing Spring embedded WebApplicationContext
2023-07-31T21:47:34.015+03:00  INFO 23508 --- [main] w.s.c.ServletWebServerApplicationContext : Root WebApplicationContext: initialization completed in 1049 ms
2023-07-31T21:47:34.134+03:00  INFO 23508 --- [main] o.hibernate.jpa.internal.util.LogHelper  : HHH000204: Processing PersistenceUnitInfo [name: default]
2023-07-31T21:47:34.174+03:00  INFO 23508 --- [main] org.hibernate.Version                    : HHH000412: Hibernate ORM core version 6.2.6.Final
2023-07-31T21:47:34.176+03:00  INFO 23508 --- [main] org.hibernate.cfg.Environment            : HHH000406: Using bytecode reflection optimizer
2023-07-31T21:47:34.274+03:00  INFO 23508 --- [main] o.h.b.i.BytecodeProviderInitiator        : HHH000021: Bytecode provider name : bytebuddy
2023-07-31T21:47:34.396+03:00  INFO 23508 --- [main] o.s.o.j.p.SpringPersistenceUnitInfo      : No LoadTimeWeaver setup: ignoring JPA class transformer
2023-07-31T21:47:34.414+03:00  INFO 23508 --- [main] com.zaxxer.hikari.HikariDataSource       : HikariPool-1 - Starting...
2023-07-31T21:47:34.571+03:00  INFO 23508 --- [main] com.zaxxer.hikari.pool.HikariPool        : HikariPool-1 - Added connection org.postgresql.jdbc.PgConnection@edb83f8
2023-07-31T21:47:34.573+03:00  INFO 23508 --- [main] com.zaxxer.hikari.HikariDataSource       : HikariPool-1 - Start completed.
2023-07-31T21:47:34.843+03:00  INFO 23508 --- [main] o.h.b.i.BytecodeProviderInitiator        : HHH000021: Bytecode provider name : bytebuddy
2023-07-31T21:47:35.435+03:00  INFO 23508 --- [main] o.h.e.t.j.p.i.JtaPlatformInitiator       : HHH000490: Using JtaPlatform implementation: [org.hibernate.engine.transaction.jta.platform.internal.NoJtaPlatform]
2023-07-31T21:47:35.454+03:00  WARN 23508 --- [main] o.h.engine.jdbc.spi.SqlExceptionHelper   : SQL Warning Code: 0, SQLState: 00000
2023-07-31T21:47:35.455+03:00  WARN 23508 --- [main] o.h.engine.jdbc.spi.SqlExceptionHelper   : relation "company_locales" does not exist, skipping
2023-07-31T21:47:35.457+03:00  WARN 23508 --- [main] o.h.engine.jdbc.spi.SqlExceptionHelper   : SQL Warning Code: 0, SQLState: 00000
2023-07-31T21:47:35.457+03:00  WARN 23508 --- [main] o.h.engine.jdbc.spi.SqlExceptionHelper   : relation "payment" does not exist, skipping
2023-07-31T21:47:35.459+03:00  WARN 23508 --- [main] o.h.engine.jdbc.spi.SqlExceptionHelper   : SQL Warning Code: 0, SQLState: 00000
2023-07-31T21:47:35.459+03:00  WARN 23508 --- [main] o.h.engine.jdbc.spi.SqlExceptionHelper   : relation "user_chat" does not exist, skipping
2023-07-31T21:47:35.461+03:00  WARN 23508 --- [main] o.h.engine.jdbc.spi.SqlExceptionHelper   : SQL Warning Code: 0, SQLState: 00000
2023-07-31T21:47:35.461+03:00  WARN 23508 --- [main] o.h.engine.jdbc.spi.SqlExceptionHelper   : relation "user_chat" does not exist, skipping
2023-07-31T21:47:35.463+03:00  WARN 23508 --- [main] o.h.engine.jdbc.spi.SqlExceptionHelper   : SQL Warning Code: 0, SQLState: 00000
2023-07-31T21:47:35.464+03:00  WARN 23508 --- [main] o.h.engine.jdbc.spi.SqlExceptionHelper   : relation "users" does not exist, skipping
2023-07-31T21:47:35.466+03:00  WARN 23508 --- [main] o.h.engine.jdbc.spi.SqlExceptionHelper   : SQL Warning Code: 0, SQLState: 00000
2023-07-31T21:47:35.466+03:00  WARN 23508 --- [main] o.h.engine.jdbc.spi.SqlExceptionHelper   : table "chat" does not exist, skipping
2023-07-31T21:47:35.467+03:00  WARN 23508 --- [main] o.h.engine.jdbc.spi.SqlExceptionHelper   : SQL Warning Code: 0, SQLState: 00000
2023-07-31T21:47:35.468+03:00  WARN 23508 --- [main] o.h.engine.jdbc.spi.SqlExceptionHelper   : table "company" does not exist, skipping
2023-07-31T21:47:35.469+03:00  WARN 23508 --- [main] o.h.engine.jdbc.spi.SqlExceptionHelper   : SQL Warning Code: 0, SQLState: 00000
2023-07-31T21:47:35.469+03:00  WARN 23508 --- [main] o.h.engine.jdbc.spi.SqlExceptionHelper   : table "company_locales" does not exist, skipping
2023-07-31T21:47:35.471+03:00  WARN 23508 --- [main] o.h.engine.jdbc.spi.SqlExceptionHelper   : SQL Warning Code: 0, SQLState: 00000
2023-07-31T21:47:35.472+03:00  WARN 23508 --- [main] o.h.engine.jdbc.spi.SqlExceptionHelper   : table "payment" does not exist, skipping
2023-07-31T21:47:35.473+03:00  WARN 23508 --- [main] o.h.engine.jdbc.spi.SqlExceptionHelper   : SQL Warning Code: 0, SQLState: 00000
2023-07-31T21:47:35.474+03:00  WARN 23508 --- [main] o.h.engine.jdbc.spi.SqlExceptionHelper   : table "user_chat" does not exist, skipping
2023-07-31T21:47:35.476+03:00  WARN 23508 --- [main] o.h.engine.jdbc.spi.SqlExceptionHelper   : SQL Warning Code: 0, SQLState: 00000
2023-07-31T21:47:35.476+03:00  WARN 23508 --- [main] o.h.engine.jdbc.spi.SqlExceptionHelper   : table "users" does not exist, skipping
2023-07-31T21:47:35.509+03:00 ERROR 23508 --- [main] j.LocalContainerEntityManagerFactoryBean : Failed to initialize JPA EntityManagerFactory: [PersistenceUnit: default] Unable to build Hibernate SessionFactory; nested exception is org.hibernate.MappingException: Error creating SQL create commands for table : company_locales
2023-07-31T21:47:35.510+03:00  WARN 23508 --- [main] ConfigServletWebServerApplicationContext : Exception encountered during context initialization - cancelling refresh attempt: org.springframework.beans.factory.BeanCreationException: Error creating bean with name 'entityManagerFactory' defined in class path resource [org/springframework/boot/autoconfigure/orm/jpa/HibernateJpaConfiguration.class]: [PersistenceUnit: default] Unable to build Hibernate SessionFactory; nested exception is org.hibernate.MappingException: Error creating SQL create commands for table : company_locales
2023-07-31T21:47:35.510+03:00  INFO 23508 --- [main] com.zaxxer.hikari.HikariDataSource       : HikariPool-1 - Shutdown initiated...
2023-07-31T21:47:35.514+03:00  INFO 23508 --- [main] com.zaxxer.hikari.HikariDataSource       : HikariPool-1 - Shutdown completed.
2023-07-31T21:47:35.518+03:00  INFO 23508 --- [main] o.apache.catalina.core.StandardService   : Stopping service [Tomcat]
2023-07-31T21:47:35.529+03:00  INFO 23508 --- [main] .s.b.a.l.ConditionEvaluationReportLogger : 

Error starting ApplicationContext. To display the condition evaluation report re-run your application with 'debug' enabled.
2023-07-31T21:47:35.542+03:00 ERROR 23508 --- [main] o.s.boot.SpringApplication               : Application run failed

org.springframework.beans.factory.BeanCreationException: Error creating bean with name 'entityManagerFactory' defined in class path resource [org/springframework/boot/autoconfigure/orm/jpa/HibernateJpaConfiguration.class]: [PersistenceUnit: default] Unable to build Hibernate SessionFactory; nested exception is org.hibernate.MappingException: Error creating SQL create commands for table : company_locales
	at org.springframework.beans.factory.support.AbstractAutowireCapableBeanFactory.initializeBean(AbstractAutowireCapableBeanFactory.java:1770) ~[spring-beans-6.0.11.jar:6.0.11]
	at org.springframework.beans.factory.support.AbstractAutowireCapableBeanFactory.doCreateBean(AbstractAutowireCapableBeanFactory.java:598) ~[spring-beans-6.0.11.jar:6.0.11]
	at org.springframework.beans.factory.support.AbstractAutowireCapableBeanFactory.createBean(AbstractAutowireCapableBeanFactory.java:520) ~[spring-beans-6.0.11.jar:6.0.11]
	at org.springframework.beans.factory.support.AbstractBeanFactory.lambda$doGetBean$0(AbstractBeanFactory.java:326) ~[spring-beans-6.0.11.jar:6.0.11]
	at org.springframework.beans.factory.support.DefaultSingletonBeanRegistry.getSingleton(DefaultSingletonBeanRegistry.java:234) ~[spring-beans-6.0.11.jar:6.0.11]
	at org.springframework.beans.factory.support.AbstractBeanFactory.doGetBean(AbstractBeanFactory.java:324) ~[spring-beans-6.0.11.jar:6.0.11]
	at org.springframework.beans.factory.support.AbstractBeanFactory.getBean(AbstractBeanFactory.java:200) ~[spring-beans-6.0.11.jar:6.0.11]
	at org.springframework.context.support.AbstractApplicationContext.getBean(AbstractApplicationContext.java:1155) ~[spring-context-6.0.11.jar:6.0.11]
	at org.springframework.context.support.AbstractApplicationContext.finishBeanFactoryInitialization(AbstractApplicationContext.java:932) ~[spring-context-6.0.11.jar:6.0.11]
	at org.springframework.context.support.AbstractApplicationContext.refresh(AbstractApplicationContext.java:608) ~[spring-context-6.0.11.jar:6.0.11]
	at org.springframework.boot.web.servlet.context.ServletWebServerApplicationContext.refresh(ServletWebServerApplicationContext.java:146) ~[spring-boot-3.1.2.jar:3.1.2]
	at org.springframework.boot.SpringApplication.refresh(SpringApplication.java:734) ~[spring-boot-3.1.2.jar:3.1.2]
	at org.springframework.boot.SpringApplication.refreshContext(SpringApplication.java:436) ~[spring-boot-3.1.2.jar:3.1.2]
	at org.springframework.boot.SpringApplication.run(SpringApplication.java:312) ~[spring-boot-3.1.2.jar:3.1.2]
	at org.springframework.boot.SpringApplication.run(SpringApplication.java:1306) ~[spring-boot-3.1.2.jar:3.1.2]
	at org.springframework.boot.SpringApplication.run(SpringApplication.java:1295) ~[spring-boot-3.1.2.jar:3.1.2]
	at com.example.springprojetv1.SpringProjetV1Application.main(SpringProjetV1Application.java:10) ~[classes/:na]
Caused by: jakarta.persistence.PersistenceException: [PersistenceUnit: default] Unable to build Hibernate SessionFactory; nested exception is org.hibernate.MappingException: Error creating SQL create commands for table : company_locales
	at org.springframework.orm.jpa.AbstractEntityManagerFactoryBean.buildNativeEntityManagerFactory(AbstractEntityManagerFactoryBean.java:421) ~[spring-orm-6.0.11.jar:6.0.11]
	at org.springframework.orm.jpa.AbstractEntityManagerFactoryBean.afterPropertiesSet(AbstractEntityManagerFactoryBean.java:396) ~[spring-orm-6.0.11.jar:6.0.11]
	at org.springframework.orm.jpa.LocalContainerEntityManagerFactoryBean.afterPropertiesSet(LocalContainerEntityManagerFactoryBean.java:352) ~[spring-orm-6.0.11.jar:6.0.11]
	at org.springframework.beans.factory.support.AbstractAutowireCapableBeanFactory.invokeInitMethods(AbstractAutowireCapableBeanFactory.java:1817) ~[spring-beans-6.0.11.jar:6.0.11]
	at org.springframework.beans.factory.support.AbstractAutowireCapableBeanFactory.initializeBean(AbstractAutowireCapableBeanFactory.java:1766) ~[spring-beans-6.0.11.jar:6.0.11]
	... 16 common frames omitted
Caused by: org.hibernate.MappingException: Error creating SQL create commands for table : company_locales
	at org.hibernate.tool.schema.internal.StandardTableExporter.getSqlCreateStrings(StandardTableExporter.java:104) ~[hibernate-core-6.2.6.Final.jar:6.2.6.Final]
	at org.hibernate.tool.schema.internal.StandardTableExporter.getSqlCreateStrings(StandardTableExporter.java:41) ~[hibernate-core-6.2.6.Final.jar:6.2.6.Final]
	at org.hibernate.tool.schema.internal.SchemaCreatorImpl.createTables(SchemaCreatorImpl.java:420) ~[hibernate-core-6.2.6.Final.jar:6.2.6.Final]
	at org.hibernate.tool.schema.internal.SchemaCreatorImpl.createSequencesTablesConstraints(SchemaCreatorImpl.java:340) ~[hibernate-core-6.2.6.Final.jar:6.2.6.Final]
	at org.hibernate.tool.schema.internal.SchemaCreatorImpl.createFromMetadata(SchemaCreatorImpl.java:239) ~[hibernate-core-6.2.6.Final.jar:6.2.6.Final]
	at org.hibernate.tool.schema.internal.SchemaCreatorImpl.performCreation(SchemaCreatorImpl.java:172) ~[hibernate-core-6.2.6.Final.jar:6.2.6.Final]
	at org.hibernate.tool.schema.internal.SchemaCreatorImpl.doCreation(SchemaCreatorImpl.java:142) ~[hibernate-core-6.2.6.Final.jar:6.2.6.Final]
	at org.hibernate.tool.schema.internal.SchemaCreatorImpl.doCreation(SchemaCreatorImpl.java:118) ~[hibernate-core-6.2.6.Final.jar:6.2.6.Final]
	at org.hibernate.tool.schema.spi.SchemaManagementToolCoordinator.performDatabaseAction(SchemaManagementToolCoordinator.java:254) ~[hibernate-core-6.2.6.Final.jar:6.2.6.Final]
	at org.hibernate.tool.schema.spi.SchemaManagementToolCoordinator.lambda$process$5(SchemaManagementToolCoordinator.java:143) ~[hibernate-core-6.2.6.Final.jar:6.2.6.Final]
	at java.base/java.util.HashMap.forEach(HashMap.java:1421) ~[na:na]
	at org.hibernate.tool.schema.spi.SchemaManagementToolCoordinator.process(SchemaManagementToolCoordinator.java:140) ~[hibernate-core-6.2.6.Final.jar:6.2.6.Final]
	at org.hibernate.boot.internal.SessionFactoryObserverForSchemaExport.sessionFactoryCreated(SessionFactoryObserverForSchemaExport.java:37) ~[hibernate-core-6.2.6.Final.jar:6.2.6.Final]
	at org.hibernate.internal.SessionFactoryObserverChain.sessionFactoryCreated(SessionFactoryObserverChain.java:35) ~[hibernate-core-6.2.6.Final.jar:6.2.6.Final]
	at org.hibernate.internal.SessionFactoryImpl.<init>(SessionFactoryImpl.java:292) ~[hibernate-core-6.2.6.Final.jar:6.2.6.Final]
	at org.hibernate.boot.internal.SessionFactoryBuilderImpl.build(SessionFactoryBuilderImpl.java:431) ~[hibernate-core-6.2.6.Final.jar:6.2.6.Final]
	at org.hibernate.jpa.boot.internal.EntityManagerFactoryBuilderImpl.build(EntityManagerFactoryBuilderImpl.java:1455) ~[hibernate-core-6.2.6.Final.jar:6.2.6.Final]
	at org.springframework.orm.jpa.vendor.SpringHibernateJpaPersistenceProvider.createContainerEntityManagerFactory(SpringHibernateJpaPersistenceProvider.java:75) ~[spring-orm-6.0.11.jar:6.0.11]
	at org.springframework.orm.jpa.LocalContainerEntityManagerFactoryBean.createNativeEntityManagerFactory(LocalContainerEntityManagerFactoryBean.java:376) ~[spring-orm-6.0.11.jar:6.0.11]
	at org.springframework.orm.jpa.AbstractEntityManagerFactoryBean.buildNativeEntityManagerFactory(AbstractEntityManagerFactoryBean.java:409) ~[spring-orm-6.0.11.jar:6.0.11]
	... 20 common frames omitted
Caused by: org.hibernate.MappingException: Unable to determine SQL type name for column 'description' of table 'company_locales'
	at org.hibernate.mapping.Column.getSqlTypeName(Column.java:281) ~[hibernate-core-6.2.6.Final.jar:6.2.6.Final]
	at org.hibernate.mapping.Column.getSqlType(Column.java:339) ~[hibernate-core-6.2.6.Final.jar:6.2.6.Final]
	at org.hibernate.tool.schema.internal.ColumnDefinitions.appendColumnDefinition(ColumnDefinitions.java:161) ~[hibernate-core-6.2.6.Final.jar:6.2.6.Final]
	at org.hibernate.tool.schema.internal.ColumnDefinitions.appendColumn(ColumnDefinitions.java:95) ~[hibernate-core-6.2.6.Final.jar:6.2.6.Final]
	at org.hibernate.tool.schema.internal.StandardTableExporter.getSqlCreateStrings(StandardTableExporter.java:73) ~[hibernate-core-6.2.6.Final.jar:6.2.6.Final]
	... 39 common frames omitted
Caused by: org.hibernate.HibernateException: No type mapping for org.hibernate.type.SqlTypes code: 2000 (JAVA_OBJECT)
	at org.hibernate.type.descriptor.sql.spi.DdlTypeRegistry.getTypeName(DdlTypeRegistry.java:205) ~[hibernate-core-6.2.6.Final.jar:6.2.6.Final]
	at org.hibernate.type.descriptor.sql.spi.DdlTypeRegistry.getTypeName(DdlTypeRegistry.java:184) ~[hibernate-core-6.2.6.Final.jar:6.2.6.Final]
	at org.hibernate.mapping.Column.getSqlTypeName(Column.java:277) ~[hibernate-core-6.2.6.Final.jar:6.2.6.Final]
	... 43 common frames omitted

2023-07-31T21:49:54.722+03:00  INFO 21100 --- [main] c.e.s.SpringProjetV1Application          : Starting SpringProjetV1Application using Java 17.0.7 with PID 21100 (D:\Progects\spring projet v1\target\classes started by kovty in D:\Progects\spring projet v1)
2023-07-31T21:49:54.724+03:00  INFO 21100 --- [main] c.e.s.SpringProjetV1Application          : No active profile set, falling back to 1 default profile: "default"
2023-07-31T21:49:55.274+03:00  INFO 21100 --- [main] .s.d.r.c.RepositoryConfigurationDelegate : Bootstrapping Spring Data JPA repositories in DEFAULT mode.
2023-07-31T21:49:55.326+03:00  INFO 21100 --- [main] .s.d.r.c.RepositoryConfigurationDelegate : Finished Spring Data repository scanning in 42 ms. Found 1 JPA repository interfaces.
2023-07-31T21:49:55.733+03:00  INFO 21100 --- [main] o.s.b.w.embedded.tomcat.TomcatWebServer  : Tomcat initialized with port(s): 8080 (http)
2023-07-31T21:49:55.741+03:00  INFO 21100 --- [main] o.apache.catalina.core.StandardService   : Starting service [Tomcat]
2023-07-31T21:49:55.741+03:00  INFO 21100 --- [main] o.apache.catalina.core.StandardEngine    : Starting Servlet engine: [Apache Tomcat/10.1.11]
2023-07-31T21:49:55.815+03:00  INFO 21100 --- [main] o.a.c.c.C.[Tomcat].[localhost].[/]       : Initializing Spring embedded WebApplicationContext
2023-07-31T21:49:55.815+03:00  INFO 21100 --- [main] w.s.c.ServletWebServerApplicationContext : Root WebApplicationContext: initialization completed in 1037 ms
2023-07-31T21:49:55.933+03:00  INFO 21100 --- [main] o.hibernate.jpa.internal.util.LogHelper  : HHH000204: Processing PersistenceUnitInfo [name: default]
2023-07-31T21:49:55.969+03:00  INFO 21100 --- [main] org.hibernate.Version                    : HHH000412: Hibernate ORM core version 6.2.6.Final
2023-07-31T21:49:55.971+03:00  INFO 21100 --- [main] org.hibernate.cfg.Environment            : HHH000406: Using bytecode reflection optimizer
2023-07-31T21:49:56.063+03:00  INFO 21100 --- [main] o.h.b.i.BytecodeProviderInitiator        : HHH000021: Bytecode provider name : bytebuddy
2023-07-31T21:49:56.152+03:00  INFO 21100 --- [main] o.s.o.j.p.SpringPersistenceUnitInfo      : No LoadTimeWeaver setup: ignoring JPA class transformer
2023-07-31T21:49:56.165+03:00  INFO 21100 --- [main] com.zaxxer.hikari.HikariDataSource       : HikariPool-1 - Starting...
2023-07-31T21:49:56.328+03:00  INFO 21100 --- [main] com.zaxxer.hikari.pool.HikariPool        : HikariPool-1 - Added connection org.postgresql.jdbc.PgConnection@722787b5
2023-07-31T21:49:56.330+03:00  INFO 21100 --- [main] com.zaxxer.hikari.HikariDataSource       : HikariPool-1 - Start completed.
2023-07-31T21:49:56.601+03:00  INFO 21100 --- [main] o.h.b.i.BytecodeProviderInitiator        : HHH000021: Bytecode provider name : bytebuddy
2023-07-31T21:49:57.253+03:00  INFO 21100 --- [main] o.h.e.t.j.p.i.JtaPlatformInitiator       : HHH000490: Using JtaPlatform implementation: [org.hibernate.engine.transaction.jta.platform.internal.NoJtaPlatform]
2023-07-31T21:49:57.273+03:00  WARN 21100 --- [main] o.h.engine.jdbc.spi.SqlExceptionHelper   : SQL Warning Code: 0, SQLState: 00000
2023-07-31T21:49:57.273+03:00  WARN 21100 --- [main] o.h.engine.jdbc.spi.SqlExceptionHelper   : relation "company_locales" does not exist, skipping
2023-07-31T21:49:57.275+03:00  WARN 21100 --- [main] o.h.engine.jdbc.spi.SqlExceptionHelper   : SQL Warning Code: 0, SQLState: 00000
2023-07-31T21:49:57.276+03:00  WARN 21100 --- [main] o.h.engine.jdbc.spi.SqlExceptionHelper   : relation "payment" does not exist, skipping
2023-07-31T21:49:57.278+03:00  WARN 21100 --- [main] o.h.engine.jdbc.spi.SqlExceptionHelper   : SQL Warning Code: 0, SQLState: 00000
2023-07-31T21:49:57.278+03:00  WARN 21100 --- [main] o.h.engine.jdbc.spi.SqlExceptionHelper   : relation "user_chat" does not exist, skipping
2023-07-31T21:49:57.280+03:00  WARN 21100 --- [main] o.h.engine.jdbc.spi.SqlExceptionHelper   : SQL Warning Code: 0, SQLState: 00000
2023-07-31T21:49:57.280+03:00  WARN 21100 --- [main] o.h.engine.jdbc.spi.SqlExceptionHelper   : relation "user_chat" does not exist, skipping
2023-07-31T21:49:57.282+03:00  WARN 21100 --- [main] o.h.engine.jdbc.spi.SqlExceptionHelper   : SQL Warning Code: 0, SQLState: 00000
2023-07-31T21:49:57.283+03:00  WARN 21100 --- [main] o.h.engine.jdbc.spi.SqlExceptionHelper   : relation "users" does not exist, skipping
2023-07-31T21:49:57.285+03:00  WARN 21100 --- [main] o.h.engine.jdbc.spi.SqlExceptionHelper   : SQL Warning Code: 0, SQLState: 00000
2023-07-31T21:49:57.285+03:00  WARN 21100 --- [main] o.h.engine.jdbc.spi.SqlExceptionHelper   : table "chat" does not exist, skipping
2023-07-31T21:49:57.287+03:00  WARN 21100 --- [main] o.h.engine.jdbc.spi.SqlExceptionHelper   : SQL Warning Code: 0, SQLState: 00000
2023-07-31T21:49:57.287+03:00  WARN 21100 --- [main] o.h.engine.jdbc.spi.SqlExceptionHelper   : table "company" does not exist, skipping
2023-07-31T21:49:57.289+03:00  WARN 21100 --- [main] o.h.engine.jdbc.spi.SqlExceptionHelper   : SQL Warning Code: 0, SQLState: 00000
2023-07-31T21:49:57.289+03:00  WARN 21100 --- [main] o.h.engine.jdbc.spi.SqlExceptionHelper   : table "company_locales" does not exist, skipping
2023-07-31T21:49:57.291+03:00  WARN 21100 --- [main] o.h.engine.jdbc.spi.SqlExceptionHelper   : SQL Warning Code: 0, SQLState: 00000
2023-07-31T21:49:57.291+03:00  WARN 21100 --- [main] o.h.engine.jdbc.spi.SqlExceptionHelper   : table "payment" does not exist, skipping
2023-07-31T21:49:57.293+03:00  WARN 21100 --- [main] o.h.engine.jdbc.spi.SqlExceptionHelper   : SQL Warning Code: 0, SQLState: 00000
2023-07-31T21:49:57.293+03:00  WARN 21100 --- [main] o.h.engine.jdbc.spi.SqlExceptionHelper   : table "user_chat" does not exist, skipping
2023-07-31T21:49:57.295+03:00  WARN 21100 --- [main] o.h.engine.jdbc.spi.SqlExceptionHelper   : SQL Warning Code: 0, SQLState: 00000
2023-07-31T21:49:57.295+03:00  WARN 21100 --- [main] o.h.engine.jdbc.spi.SqlExceptionHelper   : table "users" does not exist, skipping
2023-07-31T21:49:57.321+03:00 ERROR 21100 --- [main] j.LocalContainerEntityManagerFactoryBean : Failed to initialize JPA EntityManagerFactory: [PersistenceUnit: default] Unable to build Hibernate SessionFactory; nested exception is org.hibernate.MappingException: Error creating SQL create commands for table : company_locales
2023-07-31T21:49:57.322+03:00  WARN 21100 --- [main] ConfigServletWebServerApplicationContext : Exception encountered during context initialization - cancelling refresh attempt: org.springframework.beans.factory.BeanCreationException: Error creating bean with name 'entityManagerFactory' defined in class path resource [org/springframework/boot/autoconfigure/orm/jpa/HibernateJpaConfiguration.class]: [PersistenceUnit: default] Unable to build Hibernate SessionFactory; nested exception is org.hibernate.MappingException: Error creating SQL create commands for table : company_locales
2023-07-31T21:49:57.322+03:00  INFO 21100 --- [main] com.zaxxer.hikari.HikariDataSource       : HikariPool-1 - Shutdown initiated...
2023-07-31T21:49:57.326+03:00  INFO 21100 --- [main] com.zaxxer.hikari.HikariDataSource       : HikariPool-1 - Shutdown completed.
2023-07-31T21:49:57.329+03:00  INFO 21100 --- [main] o.apache.catalina.core.StandardService   : Stopping service [Tomcat]
2023-07-31T21:49:57.339+03:00  INFO 21100 --- [main] .s.b.a.l.ConditionEvaluationReportLogger : 

Error starting ApplicationContext. To display the condition evaluation report re-run your application with 'debug' enabled.
2023-07-31T21:49:57.355+03:00 ERROR 21100 --- [main] o.s.boot.SpringApplication               : Application run failed

org.springframework.beans.factory.BeanCreationException: Error creating bean with name 'entityManagerFactory' defined in class path resource [org/springframework/boot/autoconfigure/orm/jpa/HibernateJpaConfiguration.class]: [PersistenceUnit: default] Unable to build Hibernate SessionFactory; nested exception is org.hibernate.MappingException: Error creating SQL create commands for table : company_locales
	at org.springframework.beans.factory.support.AbstractAutowireCapableBeanFactory.initializeBean(AbstractAutowireCapableBeanFactory.java:1770) ~[spring-beans-6.0.11.jar:6.0.11]
	at org.springframework.beans.factory.support.AbstractAutowireCapableBeanFactory.doCreateBean(AbstractAutowireCapableBeanFactory.java:598) ~[spring-beans-6.0.11.jar:6.0.11]
	at org.springframework.beans.factory.support.AbstractAutowireCapableBeanFactory.createBean(AbstractAutowireCapableBeanFactory.java:520) ~[spring-beans-6.0.11.jar:6.0.11]
	at org.springframework.beans.factory.support.AbstractBeanFactory.lambda$doGetBean$0(AbstractBeanFactory.java:326) ~[spring-beans-6.0.11.jar:6.0.11]
	at org.springframework.beans.factory.support.DefaultSingletonBeanRegistry.getSingleton(DefaultSingletonBeanRegistry.java:234) ~[spring-beans-6.0.11.jar:6.0.11]
	at org.springframework.beans.factory.support.AbstractBeanFactory.doGetBean(AbstractBeanFactory.java:324) ~[spring-beans-6.0.11.jar:6.0.11]
	at org.springframework.beans.factory.support.AbstractBeanFactory.getBean(AbstractBeanFactory.java:200) ~[spring-beans-6.0.11.jar:6.0.11]
	at org.springframework.context.support.AbstractApplicationContext.getBean(AbstractApplicationContext.java:1155) ~[spring-context-6.0.11.jar:6.0.11]
	at org.springframework.context.support.AbstractApplicationContext.finishBeanFactoryInitialization(AbstractApplicationContext.java:932) ~[spring-context-6.0.11.jar:6.0.11]
	at org.springframework.context.support.AbstractApplicationContext.refresh(AbstractApplicationContext.java:608) ~[spring-context-6.0.11.jar:6.0.11]
	at org.springframework.boot.web.servlet.context.ServletWebServerApplicationContext.refresh(ServletWebServerApplicationContext.java:146) ~[spring-boot-3.1.2.jar:3.1.2]
	at org.springframework.boot.SpringApplication.refresh(SpringApplication.java:734) ~[spring-boot-3.1.2.jar:3.1.2]
	at org.springframework.boot.SpringApplication.refreshContext(SpringApplication.java:436) ~[spring-boot-3.1.2.jar:3.1.2]
	at org.springframework.boot.SpringApplication.run(SpringApplication.java:312) ~[spring-boot-3.1.2.jar:3.1.2]
	at org.springframework.boot.SpringApplication.run(SpringApplication.java:1306) ~[spring-boot-3.1.2.jar:3.1.2]
	at org.springframework.boot.SpringApplication.run(SpringApplication.java:1295) ~[spring-boot-3.1.2.jar:3.1.2]
	at com.example.springprojetv1.SpringProjetV1Application.main(SpringProjetV1Application.java:10) ~[classes/:na]
Caused by: jakarta.persistence.PersistenceException: [PersistenceUnit: default] Unable to build Hibernate SessionFactory; nested exception is org.hibernate.MappingException: Error creating SQL create commands for table : company_locales
	at org.springframework.orm.jpa.AbstractEntityManagerFactoryBean.buildNativeEntityManagerFactory(AbstractEntityManagerFactoryBean.java:421) ~[spring-orm-6.0.11.jar:6.0.11]
	at org.springframework.orm.jpa.AbstractEntityManagerFactoryBean.afterPropertiesSet(AbstractEntityManagerFactoryBean.java:396) ~[spring-orm-6.0.11.jar:6.0.11]
	at org.springframework.orm.jpa.LocalContainerEntityManagerFactoryBean.afterPropertiesSet(LocalContainerEntityManagerFactoryBean.java:352) ~[spring-orm-6.0.11.jar:6.0.11]
	at org.springframework.beans.factory.support.AbstractAutowireCapableBeanFactory.invokeInitMethods(AbstractAutowireCapableBeanFactory.java:1817) ~[spring-beans-6.0.11.jar:6.0.11]
	at org.springframework.beans.factory.support.AbstractAutowireCapableBeanFactory.initializeBean(AbstractAutowireCapableBeanFactory.java:1766) ~[spring-beans-6.0.11.jar:6.0.11]
	... 16 common frames omitted
Caused by: org.hibernate.MappingException: Error creating SQL create commands for table : company_locales
	at org.hibernate.tool.schema.internal.StandardTableExporter.getSqlCreateStrings(StandardTableExporter.java:104) ~[hibernate-core-6.2.6.Final.jar:6.2.6.Final]
	at org.hibernate.tool.schema.internal.StandardTableExporter.getSqlCreateStrings(StandardTableExporter.java:41) ~[hibernate-core-6.2.6.Final.jar:6.2.6.Final]
	at org.hibernate.tool.schema.internal.SchemaCreatorImpl.createTables(SchemaCreatorImpl.java:420) ~[hibernate-core-6.2.6.Final.jar:6.2.6.Final]
	at org.hibernate.tool.schema.internal.SchemaCreatorImpl.createSequencesTablesConstraints(SchemaCreatorImpl.java:340) ~[hibernate-core-6.2.6.Final.jar:6.2.6.Final]
	at org.hibernate.tool.schema.internal.SchemaCreatorImpl.createFromMetadata(SchemaCreatorImpl.java:239) ~[hibernate-core-6.2.6.Final.jar:6.2.6.Final]
	at org.hibernate.tool.schema.internal.SchemaCreatorImpl.performCreation(SchemaCreatorImpl.java:172) ~[hibernate-core-6.2.6.Final.jar:6.2.6.Final]
	at org.hibernate.tool.schema.internal.SchemaCreatorImpl.doCreation(SchemaCreatorImpl.java:142) ~[hibernate-core-6.2.6.Final.jar:6.2.6.Final]
	at org.hibernate.tool.schema.internal.SchemaCreatorImpl.doCreation(SchemaCreatorImpl.java:118) ~[hibernate-core-6.2.6.Final.jar:6.2.6.Final]
	at org.hibernate.tool.schema.spi.SchemaManagementToolCoordinator.performDatabaseAction(SchemaManagementToolCoordinator.java:254) ~[hibernate-core-6.2.6.Final.jar:6.2.6.Final]
	at org.hibernate.tool.schema.spi.SchemaManagementToolCoordinator.lambda$process$5(SchemaManagementToolCoordinator.java:143) ~[hibernate-core-6.2.6.Final.jar:6.2.6.Final]
	at java.base/java.util.HashMap.forEach(HashMap.java:1421) ~[na:na]
	at org.hibernate.tool.schema.spi.SchemaManagementToolCoordinator.process(SchemaManagementToolCoordinator.java:140) ~[hibernate-core-6.2.6.Final.jar:6.2.6.Final]
	at org.hibernate.boot.internal.SessionFactoryObserverForSchemaExport.sessionFactoryCreated(SessionFactoryObserverForSchemaExport.java:37) ~[hibernate-core-6.2.6.Final.jar:6.2.6.Final]
	at org.hibernate.internal.SessionFactoryObserverChain.sessionFactoryCreated(SessionFactoryObserverChain.java:35) ~[hibernate-core-6.2.6.Final.jar:6.2.6.Final]
	at org.hibernate.internal.SessionFactoryImpl.<init>(SessionFactoryImpl.java:292) ~[hibernate-core-6.2.6.Final.jar:6.2.6.Final]
	at org.hibernate.boot.internal.SessionFactoryBuilderImpl.build(SessionFactoryBuilderImpl.java:431) ~[hibernate-core-6.2.6.Final.jar:6.2.6.Final]
	at org.hibernate.jpa.boot.internal.EntityManagerFactoryBuilderImpl.build(EntityManagerFactoryBuilderImpl.java:1455) ~[hibernate-core-6.2.6.Final.jar:6.2.6.Final]
	at org.springframework.orm.jpa.vendor.SpringHibernateJpaPersistenceProvider.createContainerEntityManagerFactory(SpringHibernateJpaPersistenceProvider.java:75) ~[spring-orm-6.0.11.jar:6.0.11]
	at org.springframework.orm.jpa.LocalContainerEntityManagerFactoryBean.createNativeEntityManagerFactory(LocalContainerEntityManagerFactoryBean.java:376) ~[spring-orm-6.0.11.jar:6.0.11]
	at org.springframework.orm.jpa.AbstractEntityManagerFactoryBean.buildNativeEntityManagerFactory(AbstractEntityManagerFactoryBean.java:409) ~[spring-orm-6.0.11.jar:6.0.11]
	... 20 common frames omitted
Caused by: org.hibernate.MappingException: Unable to determine SQL type name for column 'description' of table 'company_locales'
	at org.hibernate.mapping.Column.getSqlTypeName(Column.java:281) ~[hibernate-core-6.2.6.Final.jar:6.2.6.Final]
	at org.hibernate.mapping.Column.getSqlType(Column.java:339) ~[hibernate-core-6.2.6.Final.jar:6.2.6.Final]
	at org.hibernate.tool.schema.internal.ColumnDefinitions.appendColumnDefinition(ColumnDefinitions.java:161) ~[hibernate-core-6.2.6.Final.jar:6.2.6.Final]
	at org.hibernate.tool.schema.internal.ColumnDefinitions.appendColumn(ColumnDefinitions.java:95) ~[hibernate-core-6.2.6.Final.jar:6.2.6.Final]
	at org.hibernate.tool.schema.internal.StandardTableExporter.getSqlCreateStrings(StandardTableExporter.java:73) ~[hibernate-core-6.2.6.Final.jar:6.2.6.Final]
	... 39 common frames omitted
Caused by: org.hibernate.HibernateException: No type mapping for org.hibernate.type.SqlTypes code: 2000 (JAVA_OBJECT)
	at org.hibernate.type.descriptor.sql.spi.DdlTypeRegistry.getTypeName(DdlTypeRegistry.java:205) ~[hibernate-core-6.2.6.Final.jar:6.2.6.Final]
	at org.hibernate.type.descriptor.sql.spi.DdlTypeRegistry.getTypeName(DdlTypeRegistry.java:184) ~[hibernate-core-6.2.6.Final.jar:6.2.6.Final]
	at org.hibernate.mapping.Column.getSqlTypeName(Column.java:277) ~[hibernate-core-6.2.6.Final.jar:6.2.6.Final]
	... 43 common frames omitted

2023-07-31T22:01:56.411+03:00  INFO 16476 --- [main] c.e.s.SpringProjetV1Application          : Starting SpringProjetV1Application using Java 17.0.7 with PID 16476 (D:\Progects\spring projet v1\target\classes started by kovty in D:\Progects\spring projet v1)
2023-07-31T22:01:56.413+03:00  INFO 16476 --- [main] c.e.s.SpringProjetV1Application          : No active profile set, falling back to 1 default profile: "default"
2023-07-31T22:01:56.944+03:00  INFO 16476 --- [main] .s.d.r.c.RepositoryConfigurationDelegate : Bootstrapping Spring Data JPA repositories in DEFAULT mode.
2023-07-31T22:01:56.970+03:00  INFO 16476 --- [main] .s.d.r.c.RepositoryConfigurationDelegate : Finished Spring Data repository scanning in 13 ms. Found 0 JPA repository interfaces.
2023-07-31T22:01:57.363+03:00  INFO 16476 --- [main] o.s.b.w.embedded.tomcat.TomcatWebServer  : Tomcat initialized with port(s): 8080 (http)
2023-07-31T22:01:57.371+03:00  INFO 16476 --- [main] o.apache.catalina.core.StandardService   : Starting service [Tomcat]
2023-07-31T22:01:57.371+03:00  INFO 16476 --- [main] o.apache.catalina.core.StandardEngine    : Starting Servlet engine: [Apache Tomcat/10.1.11]
2023-07-31T22:01:57.443+03:00  INFO 16476 --- [main] o.a.c.c.C.[Tomcat].[localhost].[/]       : Initializing Spring embedded WebApplicationContext
2023-07-31T22:01:57.444+03:00  INFO 16476 --- [main] w.s.c.ServletWebServerApplicationContext : Root WebApplicationContext: initialization completed in 983 ms
2023-07-31T22:01:57.569+03:00  INFO 16476 --- [main] o.hibernate.jpa.internal.util.LogHelper  : HHH000204: Processing PersistenceUnitInfo [name: default]
2023-07-31T22:01:57.610+03:00  INFO 16476 --- [main] org.hibernate.Version                    : HHH000412: Hibernate ORM core version 6.2.6.Final
2023-07-31T22:01:57.612+03:00  INFO 16476 --- [main] org.hibernate.cfg.Environment            : HHH000406: Using bytecode reflection optimizer
2023-07-31T22:01:57.718+03:00  INFO 16476 --- [main] o.h.b.i.BytecodeProviderInitiator        : HHH000021: Bytecode provider name : bytebuddy
2023-07-31T22:01:57.809+03:00  INFO 16476 --- [main] o.s.o.j.p.SpringPersistenceUnitInfo      : No LoadTimeWeaver setup: ignoring JPA class transformer
2023-07-31T22:01:57.820+03:00  INFO 16476 --- [main] com.zaxxer.hikari.HikariDataSource       : HikariPool-1 - Starting...
2023-07-31T22:01:57.959+03:00  INFO 16476 --- [main] com.zaxxer.hikari.pool.HikariPool        : HikariPool-1 - Added connection org.postgresql.jdbc.PgConnection@6d969330
2023-07-31T22:01:57.960+03:00  INFO 16476 --- [main] com.zaxxer.hikari.HikariDataSource       : HikariPool-1 - Start completed.
2023-07-31T22:01:58.197+03:00  INFO 16476 --- [main] o.h.b.i.BytecodeProviderInitiator        : HHH000021: Bytecode provider name : bytebuddy
2023-07-31T22:01:58.823+03:00  INFO 16476 --- [main] o.h.e.t.j.p.i.JtaPlatformInitiator       : HHH000490: Using JtaPlatform implementation: [org.hibernate.engine.transaction.jta.platform.internal.NoJtaPlatform]
2023-07-31T22:01:58.843+03:00  WARN 16476 --- [main] o.h.engine.jdbc.spi.SqlExceptionHelper   : SQL Warning Code: 0, SQLState: 00000
2023-07-31T22:01:58.843+03:00  WARN 16476 --- [main] o.h.engine.jdbc.spi.SqlExceptionHelper   : relation "payment" does not exist, skipping
2023-07-31T22:01:58.844+03:00  WARN 16476 --- [main] o.h.engine.jdbc.spi.SqlExceptionHelper   : SQL Warning Code: 0, SQLState: 00000
2023-07-31T22:01:58.845+03:00  WARN 16476 --- [main] o.h.engine.jdbc.spi.SqlExceptionHelper   : relation "user_chat" does not exist, skipping
2023-07-31T22:01:58.846+03:00  WARN 16476 --- [main] o.h.engine.jdbc.spi.SqlExceptionHelper   : SQL Warning Code: 0, SQLState: 00000
2023-07-31T22:01:58.847+03:00  WARN 16476 --- [main] o.h.engine.jdbc.spi.SqlExceptionHelper   : relation "user_chat" does not exist, skipping
2023-07-31T22:01:58.849+03:00  WARN 16476 --- [main] o.h.engine.jdbc.spi.SqlExceptionHelper   : SQL Warning Code: 0, SQLState: 00000
2023-07-31T22:01:58.849+03:00  WARN 16476 --- [main] o.h.engine.jdbc.spi.SqlExceptionHelper   : table "chat" does not exist, skipping
2023-07-31T22:01:58.850+03:00  WARN 16476 --- [main] o.h.engine.jdbc.spi.SqlExceptionHelper   : SQL Warning Code: 0, SQLState: 00000
2023-07-31T22:01:58.851+03:00  WARN 16476 --- [main] o.h.engine.jdbc.spi.SqlExceptionHelper   : table "payment" does not exist, skipping
2023-07-31T22:01:58.853+03:00  WARN 16476 --- [main] o.h.engine.jdbc.spi.SqlExceptionHelper   : SQL Warning Code: 0, SQLState: 00000
2023-07-31T22:01:58.853+03:00  WARN 16476 --- [main] o.h.engine.jdbc.spi.SqlExceptionHelper   : table "user_chat" does not exist, skipping
2023-07-31T22:01:58.855+03:00  WARN 16476 --- [main] o.h.engine.jdbc.spi.SqlExceptionHelper   : SQL Warning Code: 0, SQLState: 00000
2023-07-31T22:01:58.855+03:00  WARN 16476 --- [main] o.h.engine.jdbc.spi.SqlExceptionHelper   : table "users" does not exist, skipping
2023-07-31T22:01:58.925+03:00  INFO 16476 --- [main] j.LocalContainerEntityManagerFactoryBean : Initialized JPA EntityManagerFactory for persistence unit 'default'
2023-07-31T22:01:58.957+03:00  WARN 16476 --- [main] JpaBaseConfiguration$JpaWebConfiguration : spring.jpa.open-in-view is enabled by default. Therefore, database queries may be performed during view rendering. Explicitly configure spring.jpa.open-in-view to disable this warning
2023-07-31T22:01:59.330+03:00  INFO 16476 --- [main] o.s.b.w.embedded.tomcat.TomcatWebServer  : Tomcat started on port(s): 8080 (http) with context path ''
2023-07-31T22:01:59.341+03:00  INFO 16476 --- [main] c.e.s.SpringProjetV1Application          : Started SpringProjetV1Application in 3.393 seconds (process running for 3.936)
2023-07-31T22:05:55.246+03:00  INFO 16476 --- [SpringApplicationShutdownHook] j.LocalContainerEntityManagerFactoryBean : Closing JPA EntityManagerFactory for persistence unit 'default'
2023-07-31T22:05:55.287+03:00  INFO 16476 --- [SpringApplicationShutdownHook] com.zaxxer.hikari.HikariDataSource       : HikariPool-1 - Shutdown initiated...
2023-07-31T22:05:55.290+03:00  INFO 16476 --- [SpringApplicationShutdownHook] com.zaxxer.hikari.HikariDataSource       : HikariPool-1 - Shutdown completed.
2023-07-31T22:05:59.967+03:00  INFO 15204 --- [main] c.e.s.SpringProjetV1Application          : Starting SpringProjetV1Application using Java 17.0.7 with PID 15204 (D:\Progects\spring projet v1\target\classes started by kovty in D:\Progects\spring projet v1)
2023-07-31T22:05:59.969+03:00  INFO 15204 --- [main] c.e.s.SpringProjetV1Application          : No active profile set, falling back to 1 default profile: "default"
2023-07-31T22:06:00.534+03:00  INFO 15204 --- [main] .s.d.r.c.RepositoryConfigurationDelegate : Bootstrapping Spring Data JPA repositories in DEFAULT mode.
2023-07-31T22:06:00.596+03:00  INFO 15204 --- [main] .s.d.r.c.RepositoryConfigurationDelegate : Finished Spring Data repository scanning in 48 ms. Found 1 JPA repository interfaces.
2023-07-31T22:06:00.996+03:00  INFO 15204 --- [main] o.s.b.w.embedded.tomcat.TomcatWebServer  : Tomcat initialized with port(s): 8080 (http)
2023-07-31T22:06:01.004+03:00  INFO 15204 --- [main] o.apache.catalina.core.StandardService   : Starting service [Tomcat]
2023-07-31T22:06:01.004+03:00  INFO 15204 --- [main] o.apache.catalina.core.StandardEngine    : Starting Servlet engine: [Apache Tomcat/10.1.11]
2023-07-31T22:06:01.076+03:00  INFO 15204 --- [main] o.a.c.c.C.[Tomcat].[localhost].[/]       : Initializing Spring embedded WebApplicationContext
2023-07-31T22:06:01.076+03:00  INFO 15204 --- [main] w.s.c.ServletWebServerApplicationContext : Root WebApplicationContext: initialization completed in 1055 ms
2023-07-31T22:06:01.193+03:00  INFO 15204 --- [main] o.hibernate.jpa.internal.util.LogHelper  : HHH000204: Processing PersistenceUnitInfo [name: default]
2023-07-31T22:06:01.232+03:00  INFO 15204 --- [main] org.hibernate.Version                    : HHH000412: Hibernate ORM core version 6.2.6.Final
2023-07-31T22:06:01.233+03:00  INFO 15204 --- [main] org.hibernate.cfg.Environment            : HHH000406: Using bytecode reflection optimizer
2023-07-31T22:06:01.323+03:00  INFO 15204 --- [main] o.h.b.i.BytecodeProviderInitiator        : HHH000021: Bytecode provider name : bytebuddy
2023-07-31T22:06:01.415+03:00  INFO 15204 --- [main] o.s.o.j.p.SpringPersistenceUnitInfo      : No LoadTimeWeaver setup: ignoring JPA class transformer
2023-07-31T22:06:01.428+03:00  INFO 15204 --- [main] com.zaxxer.hikari.HikariDataSource       : HikariPool-1 - Starting...
2023-07-31T22:06:01.563+03:00  INFO 15204 --- [main] com.zaxxer.hikari.pool.HikariPool        : HikariPool-1 - Added connection org.postgresql.jdbc.PgConnection@722787b5
2023-07-31T22:06:01.565+03:00  INFO 15204 --- [main] com.zaxxer.hikari.HikariDataSource       : HikariPool-1 - Start completed.
2023-07-31T22:06:01.803+03:00  INFO 15204 --- [main] o.h.b.i.BytecodeProviderInitiator        : HHH000021: Bytecode provider name : bytebuddy
2023-07-31T22:06:02.361+03:00  INFO 15204 --- [main] o.h.e.t.j.p.i.JtaPlatformInitiator       : HHH000490: Using JtaPlatform implementation: [org.hibernate.engine.transaction.jta.platform.internal.NoJtaPlatform]
2023-07-31T22:06:02.379+03:00  WARN 15204 --- [main] o.h.engine.jdbc.spi.SqlExceptionHelper   : SQL Warning Code: 0, SQLState: 00000
2023-07-31T22:06:02.379+03:00  WARN 15204 --- [main] o.h.engine.jdbc.spi.SqlExceptionHelper   : relation "company_locales" does not exist, skipping
2023-07-31T22:06:02.381+03:00  WARN 15204 --- [main] o.h.engine.jdbc.spi.SqlExceptionHelper   : SQL Warning Code: 0, SQLState: 00000
2023-07-31T22:06:02.382+03:00  WARN 15204 --- [main] o.h.engine.jdbc.spi.SqlExceptionHelper   : relation "payment" does not exist, skipping
2023-07-31T22:06:02.384+03:00  WARN 15204 --- [main] o.h.engine.jdbc.spi.SqlExceptionHelper   : SQL Warning Code: 0, SQLState: 00000
2023-07-31T22:06:02.384+03:00  WARN 15204 --- [main] o.h.engine.jdbc.spi.SqlExceptionHelper   : relation "user_chat" does not exist, skipping
2023-07-31T22:06:02.386+03:00  WARN 15204 --- [main] o.h.engine.jdbc.spi.SqlExceptionHelper   : SQL Warning Code: 0, SQLState: 00000
2023-07-31T22:06:02.387+03:00  WARN 15204 --- [main] o.h.engine.jdbc.spi.SqlExceptionHelper   : relation "user_chat" does not exist, skipping
2023-07-31T22:06:02.388+03:00  WARN 15204 --- [main] o.h.engine.jdbc.spi.SqlExceptionHelper   : SQL Warning Code: 0, SQLState: 00000
2023-07-31T22:06:02.389+03:00  WARN 15204 --- [main] o.h.engine.jdbc.spi.SqlExceptionHelper   : relation "users" does not exist, skipping
2023-07-31T22:06:02.391+03:00  WARN 15204 --- [main] o.h.engine.jdbc.spi.SqlExceptionHelper   : SQL Warning Code: 0, SQLState: 00000
2023-07-31T22:06:02.391+03:00  WARN 15204 --- [main] o.h.engine.jdbc.spi.SqlExceptionHelper   : table "chat" does not exist, skipping
2023-07-31T22:06:02.393+03:00  WARN 15204 --- [main] o.h.engine.jdbc.spi.SqlExceptionHelper   : SQL Warning Code: 0, SQLState: 00000
2023-07-31T22:06:02.393+03:00  WARN 15204 --- [main] o.h.engine.jdbc.spi.SqlExceptionHelper   : table "company" does not exist, skipping
2023-07-31T22:06:02.395+03:00  WARN 15204 --- [main] o.h.engine.jdbc.spi.SqlExceptionHelper   : SQL Warning Code: 0, SQLState: 00000
2023-07-31T22:06:02.395+03:00  WARN 15204 --- [main] o.h.engine.jdbc.spi.SqlExceptionHelper   : table "company_locales" does not exist, skipping
2023-07-31T22:06:02.397+03:00  WARN 15204 --- [main] o.h.engine.jdbc.spi.SqlExceptionHelper   : SQL Warning Code: 0, SQLState: 00000
2023-07-31T22:06:02.397+03:00  WARN 15204 --- [main] o.h.engine.jdbc.spi.SqlExceptionHelper   : table "payment" does not exist, skipping
2023-07-31T22:06:02.399+03:00  WARN 15204 --- [main] o.h.engine.jdbc.spi.SqlExceptionHelper   : SQL Warning Code: 0, SQLState: 00000
2023-07-31T22:06:02.399+03:00  WARN 15204 --- [main] o.h.engine.jdbc.spi.SqlExceptionHelper   : table "user_chat" does not exist, skipping
2023-07-31T22:06:02.401+03:00  WARN 15204 --- [main] o.h.engine.jdbc.spi.SqlExceptionHelper   : SQL Warning Code: 0, SQLState: 00000
2023-07-31T22:06:02.401+03:00  WARN 15204 --- [main] o.h.engine.jdbc.spi.SqlExceptionHelper   : table "users" does not exist, skipping
2023-07-31T22:06:02.494+03:00  INFO 15204 --- [main] j.LocalContainerEntityManagerFactoryBean : Initialized JPA EntityManagerFactory for persistence unit 'default'
2023-07-31T22:06:02.710+03:00  INFO 15204 --- [main] c.e.s.service.CompanyService             : Начальная загрузка init method class CompanyService
2023-07-31T22:06:02.738+03:00  WARN 15204 --- [main] JpaBaseConfiguration$JpaWebConfiguration : spring.jpa.open-in-view is enabled by default. Therefore, database queries may be performed during view rendering. Explicitly configure spring.jpa.open-in-view to disable this warning
2023-07-31T22:06:03.019+03:00  INFO 15204 --- [main] o.s.b.w.embedded.tomcat.TomcatWebServer  : Tomcat started on port(s): 8080 (http) with context path ''
2023-07-31T22:06:03.026+03:00  INFO 15204 --- [main] c.e.s.SpringProjetV1Application          : Started SpringProjetV1Application in 3.521 seconds (process running for 4.074)
2023-07-31T22:07:31.648+03:00  INFO 15204 --- [SpringApplicationShutdownHook] j.LocalContainerEntityManagerFactoryBean : Closing JPA EntityManagerFactory for persistence unit 'default'
2023-07-31T22:07:31.707+03:00  INFO 15204 --- [SpringApplicationShutdownHook] com.zaxxer.hikari.HikariDataSource       : HikariPool-1 - Shutdown initiated...
2023-07-31T22:07:31.709+03:00  INFO 15204 --- [SpringApplicationShutdownHook] com.zaxxer.hikari.HikariDataSource       : HikariPool-1 - Shutdown completed.
2023-07-31T22:07:33.943+03:00  INFO 21436 --- [main] c.e.s.SpringProjetV1Application          : Starting SpringProjetV1Application using Java 17.0.7 with PID 21436 (D:\Progects\spring projet v1\target\classes started by kovty in D:\Progects\spring projet v1)
2023-07-31T22:07:33.945+03:00  INFO 21436 --- [main] c.e.s.SpringProjetV1Application          : No active profile set, falling back to 1 default profile: "default"
2023-07-31T22:07:34.471+03:00  INFO 21436 --- [main] .s.d.r.c.RepositoryConfigurationDelegate : Bootstrapping Spring Data JPA repositories in DEFAULT mode.
2023-07-31T22:07:34.530+03:00  INFO 21436 --- [main] .s.d.r.c.RepositoryConfigurationDelegate : Finished Spring Data repository scanning in 44 ms. Found 1 JPA repository interfaces.
2023-07-31T22:07:34.939+03:00  INFO 21436 --- [main] o.s.b.w.embedded.tomcat.TomcatWebServer  : Tomcat initialized with port(s): 8080 (http)
2023-07-31T22:07:34.947+03:00  INFO 21436 --- [main] o.apache.catalina.core.StandardService   : Starting service [Tomcat]
2023-07-31T22:07:34.947+03:00  INFO 21436 --- [main] o.apache.catalina.core.StandardEngine    : Starting Servlet engine: [Apache Tomcat/10.1.11]
2023-07-31T22:07:35.017+03:00  INFO 21436 --- [main] o.a.c.c.C.[Tomcat].[localhost].[/]       : Initializing Spring embedded WebApplicationContext
2023-07-31T22:07:35.018+03:00  INFO 21436 --- [main] w.s.c.ServletWebServerApplicationContext : Root WebApplicationContext: initialization completed in 1020 ms
2023-07-31T22:07:35.135+03:00  INFO 21436 --- [main] o.hibernate.jpa.internal.util.LogHelper  : HHH000204: Processing PersistenceUnitInfo [name: default]
2023-07-31T22:07:35.172+03:00  INFO 21436 --- [main] org.hibernate.Version                    : HHH000412: Hibernate ORM core version 6.2.6.Final
2023-07-31T22:07:35.174+03:00  INFO 21436 --- [main] org.hibernate.cfg.Environment            : HHH000406: Using bytecode reflection optimizer
2023-07-31T22:07:35.263+03:00  INFO 21436 --- [main] o.h.b.i.BytecodeProviderInitiator        : HHH000021: Bytecode provider name : bytebuddy
2023-07-31T22:07:35.354+03:00  INFO 21436 --- [main] o.s.o.j.p.SpringPersistenceUnitInfo      : No LoadTimeWeaver setup: ignoring JPA class transformer
2023-07-31T22:07:35.366+03:00  INFO 21436 --- [main] com.zaxxer.hikari.HikariDataSource       : HikariPool-1 - Starting...
2023-07-31T22:07:35.500+03:00  INFO 21436 --- [main] com.zaxxer.hikari.pool.HikariPool        : HikariPool-1 - Added connection org.postgresql.jdbc.PgConnection@722787b5
2023-07-31T22:07:35.502+03:00  INFO 21436 --- [main] com.zaxxer.hikari.HikariDataSource       : HikariPool-1 - Start completed.
2023-07-31T22:07:35.743+03:00  INFO 21436 --- [main] o.h.b.i.BytecodeProviderInitiator        : HHH000021: Bytecode provider name : bytebuddy
2023-07-31T22:07:36.311+03:00  INFO 21436 --- [main] o.h.e.t.j.p.i.JtaPlatformInitiator       : HHH000490: Using JtaPlatform implementation: [org.hibernate.engine.transaction.jta.platform.internal.NoJtaPlatform]
2023-07-31T22:07:36.361+03:00 ERROR 21436 --- [main] j.LocalContainerEntityManagerFactoryBean : Failed to initialize JPA EntityManagerFactory: [PersistenceUnit: default] Unable to build Hibernate SessionFactory; nested exception is org.hibernate.tool.schema.spi.SchemaManagementException: Schema-validation: missing table [chat]
2023-07-31T22:07:36.362+03:00  WARN 21436 --- [main] ConfigServletWebServerApplicationContext : Exception encountered during context initialization - cancelling refresh attempt: org.springframework.beans.factory.BeanCreationException: Error creating bean with name 'entityManagerFactory' defined in class path resource [org/springframework/boot/autoconfigure/orm/jpa/HibernateJpaConfiguration.class]: [PersistenceUnit: default] Unable to build Hibernate SessionFactory; nested exception is org.hibernate.tool.schema.spi.SchemaManagementException: Schema-validation: missing table [chat]
2023-07-31T22:07:36.363+03:00  INFO 21436 --- [main] com.zaxxer.hikari.HikariDataSource       : HikariPool-1 - Shutdown initiated...
2023-07-31T22:07:36.366+03:00  INFO 21436 --- [main] com.zaxxer.hikari.HikariDataSource       : HikariPool-1 - Shutdown completed.
2023-07-31T22:07:36.371+03:00  INFO 21436 --- [main] o.apache.catalina.core.StandardService   : Stopping service [Tomcat]
2023-07-31T22:07:36.381+03:00  INFO 21436 --- [main] .s.b.a.l.ConditionEvaluationReportLogger : 

Error starting ApplicationContext. To display the condition evaluation report re-run your application with 'debug' enabled.
2023-07-31T22:07:36.395+03:00 ERROR 21436 --- [main] o.s.boot.SpringApplication               : Application run failed

org.springframework.beans.factory.BeanCreationException: Error creating bean with name 'entityManagerFactory' defined in class path resource [org/springframework/boot/autoconfigure/orm/jpa/HibernateJpaConfiguration.class]: [PersistenceUnit: default] Unable to build Hibernate SessionFactory; nested exception is org.hibernate.tool.schema.spi.SchemaManagementException: Schema-validation: missing table [chat]
	at org.springframework.beans.factory.support.AbstractAutowireCapableBeanFactory.initializeBean(AbstractAutowireCapableBeanFactory.java:1770) ~[spring-beans-6.0.11.jar:6.0.11]
	at org.springframework.beans.factory.support.AbstractAutowireCapableBeanFactory.doCreateBean(AbstractAutowireCapableBeanFactory.java:598) ~[spring-beans-6.0.11.jar:6.0.11]
	at org.springframework.beans.factory.support.AbstractAutowireCapableBeanFactory.createBean(AbstractAutowireCapableBeanFactory.java:520) ~[spring-beans-6.0.11.jar:6.0.11]
	at org.springframework.beans.factory.support.AbstractBeanFactory.lambda$doGetBean$0(AbstractBeanFactory.java:326) ~[spring-beans-6.0.11.jar:6.0.11]
	at org.springframework.beans.factory.support.DefaultSingletonBeanRegistry.getSingleton(DefaultSingletonBeanRegistry.java:234) ~[spring-beans-6.0.11.jar:6.0.11]
	at org.springframework.beans.factory.support.AbstractBeanFactory.doGetBean(AbstractBeanFactory.java:324) ~[spring-beans-6.0.11.jar:6.0.11]
	at org.springframework.beans.factory.support.AbstractBeanFactory.getBean(AbstractBeanFactory.java:200) ~[spring-beans-6.0.11.jar:6.0.11]
	at org.springframework.context.support.AbstractApplicationContext.getBean(AbstractApplicationContext.java:1155) ~[spring-context-6.0.11.jar:6.0.11]
	at org.springframework.context.support.AbstractApplicationContext.finishBeanFactoryInitialization(AbstractApplicationContext.java:932) ~[spring-context-6.0.11.jar:6.0.11]
	at org.springframework.context.support.AbstractApplicationContext.refresh(AbstractApplicationContext.java:608) ~[spring-context-6.0.11.jar:6.0.11]
	at org.springframework.boot.web.servlet.context.ServletWebServerApplicationContext.refresh(ServletWebServerApplicationContext.java:146) ~[spring-boot-3.1.2.jar:3.1.2]
	at org.springframework.boot.SpringApplication.refresh(SpringApplication.java:734) ~[spring-boot-3.1.2.jar:3.1.2]
	at org.springframework.boot.SpringApplication.refreshContext(SpringApplication.java:436) ~[spring-boot-3.1.2.jar:3.1.2]
	at org.springframework.boot.SpringApplication.run(SpringApplication.java:312) ~[spring-boot-3.1.2.jar:3.1.2]
	at org.springframework.boot.SpringApplication.run(SpringApplication.java:1306) ~[spring-boot-3.1.2.jar:3.1.2]
	at org.springframework.boot.SpringApplication.run(SpringApplication.java:1295) ~[spring-boot-3.1.2.jar:3.1.2]
	at com.example.springprojetv1.SpringProjetV1Application.main(SpringProjetV1Application.java:10) ~[classes/:na]
Caused by: jakarta.persistence.PersistenceException: [PersistenceUnit: default] Unable to build Hibernate SessionFactory; nested exception is org.hibernate.tool.schema.spi.SchemaManagementException: Schema-validation: missing table [chat]
	at org.springframework.orm.jpa.AbstractEntityManagerFactoryBean.buildNativeEntityManagerFactory(AbstractEntityManagerFactoryBean.java:421) ~[spring-orm-6.0.11.jar:6.0.11]
	at org.springframework.orm.jpa.AbstractEntityManagerFactoryBean.afterPropertiesSet(AbstractEntityManagerFactoryBean.java:396) ~[spring-orm-6.0.11.jar:6.0.11]
	at org.springframework.orm.jpa.LocalContainerEntityManagerFactoryBean.afterPropertiesSet(LocalContainerEntityManagerFactoryBean.java:352) ~[spring-orm-6.0.11.jar:6.0.11]
	at org.springframework.beans.factory.support.AbstractAutowireCapableBeanFactory.invokeInitMethods(AbstractAutowireCapableBeanFactory.java:1817) ~[spring-beans-6.0.11.jar:6.0.11]
	at org.springframework.beans.factory.support.AbstractAutowireCapableBeanFactory.initializeBean(AbstractAutowireCapableBeanFactory.java:1766) ~[spring-beans-6.0.11.jar:6.0.11]
	... 16 common frames omitted
Caused by: org.hibernate.tool.schema.spi.SchemaManagementException: Schema-validation: missing table [chat]
	at org.hibernate.tool.schema.internal.AbstractSchemaValidator.validateTable(AbstractSchemaValidator.java:134) ~[hibernate-core-6.2.6.Final.jar:6.2.6.Final]
	at org.hibernate.tool.schema.internal.GroupedSchemaValidatorImpl.validateTables(GroupedSchemaValidatorImpl.java:46) ~[hibernate-core-6.2.6.Final.jar:6.2.6.Final]
	at org.hibernate.tool.schema.internal.AbstractSchemaValidator.performValidation(AbstractSchemaValidator.java:97) ~[hibernate-core-6.2.6.Final.jar:6.2.6.Final]
	at org.hibernate.tool.schema.internal.AbstractSchemaValidator.doValidation(AbstractSchemaValidator.java:75) ~[hibernate-core-6.2.6.Final.jar:6.2.6.Final]
	at org.hibernate.tool.schema.spi.SchemaManagementToolCoordinator.performDatabaseAction(SchemaManagementToolCoordinator.java:293) ~[hibernate-core-6.2.6.Final.jar:6.2.6.Final]
	at org.hibernate.tool.schema.spi.SchemaManagementToolCoordinator.lambda$process$5(SchemaManagementToolCoordinator.java:143) ~[hibernate-core-6.2.6.Final.jar:6.2.6.Final]
	at java.base/java.util.HashMap.forEach(HashMap.java:1421) ~[na:na]
	at org.hibernate.tool.schema.spi.SchemaManagementToolCoordinator.process(SchemaManagementToolCoordinator.java:140) ~[hibernate-core-6.2.6.Final.jar:6.2.6.Final]
	at org.hibernate.boot.internal.SessionFactoryObserverForSchemaExport.sessionFactoryCreated(SessionFactoryObserverForSchemaExport.java:37) ~[hibernate-core-6.2.6.Final.jar:6.2.6.Final]
	at org.hibernate.internal.SessionFactoryObserverChain.sessionFactoryCreated(SessionFactoryObserverChain.java:35) ~[hibernate-core-6.2.6.Final.jar:6.2.6.Final]
	at org.hibernate.internal.SessionFactoryImpl.<init>(SessionFactoryImpl.java:292) ~[hibernate-core-6.2.6.Final.jar:6.2.6.Final]
	at org.hibernate.boot.internal.SessionFactoryBuilderImpl.build(SessionFactoryBuilderImpl.java:431) ~[hibernate-core-6.2.6.Final.jar:6.2.6.Final]
	at org.hibernate.jpa.boot.internal.EntityManagerFactoryBuilderImpl.build(EntityManagerFactoryBuilderImpl.java:1455) ~[hibernate-core-6.2.6.Final.jar:6.2.6.Final]
	at org.springframework.orm.jpa.vendor.SpringHibernateJpaPersistenceProvider.createContainerEntityManagerFactory(SpringHibernateJpaPersistenceProvider.java:75) ~[spring-orm-6.0.11.jar:6.0.11]
	at org.springframework.orm.jpa.LocalContainerEntityManagerFactoryBean.createNativeEntityManagerFactory(LocalContainerEntityManagerFactoryBean.java:376) ~[spring-orm-6.0.11.jar:6.0.11]
	at org.springframework.orm.jpa.AbstractEntityManagerFactoryBean.buildNativeEntityManagerFactory(AbstractEntityManagerFactoryBean.java:409) ~[spring-orm-6.0.11.jar:6.0.11]
	... 20 common frames omitted

2023-07-31T22:07:45.576+03:00  INFO 12792 --- [main] c.e.s.SpringProjetV1Application          : Starting SpringProjetV1Application using Java 17.0.7 with PID 12792 (D:\Progects\spring projet v1\target\classes started by kovty in D:\Progects\spring projet v1)
2023-07-31T22:07:45.579+03:00  INFO 12792 --- [main] c.e.s.SpringProjetV1Application          : No active profile set, falling back to 1 default profile: "default"
2023-07-31T22:07:46.107+03:00  INFO 12792 --- [main] .s.d.r.c.RepositoryConfigurationDelegate : Bootstrapping Spring Data JPA repositories in DEFAULT mode.
2023-07-31T22:07:46.169+03:00  INFO 12792 --- [main] .s.d.r.c.RepositoryConfigurationDelegate : Finished Spring Data repository scanning in 46 ms. Found 1 JPA repository interfaces.
2023-07-31T22:07:46.559+03:00  INFO 12792 --- [main] o.s.b.w.embedded.tomcat.TomcatWebServer  : Tomcat initialized with port(s): 8080 (http)
2023-07-31T22:07:46.567+03:00  INFO 12792 --- [main] o.apache.catalina.core.StandardService   : Starting service [Tomcat]
2023-07-31T22:07:46.568+03:00  INFO 12792 --- [main] o.apache.catalina.core.StandardEngine    : Starting Servlet engine: [Apache Tomcat/10.1.11]
2023-07-31T22:07:46.642+03:00  INFO 12792 --- [main] o.a.c.c.C.[Tomcat].[localhost].[/]       : Initializing Spring embedded WebApplicationContext
2023-07-31T22:07:46.642+03:00  INFO 12792 --- [main] w.s.c.ServletWebServerApplicationContext : Root WebApplicationContext: initialization completed in 1009 ms
2023-07-31T22:07:46.741+03:00  INFO 12792 --- [main] com.zaxxer.hikari.HikariDataSource       : HikariPool-1 - Starting...
2023-07-31T22:07:46.862+03:00  INFO 12792 --- [main] com.zaxxer.hikari.pool.HikariPool        : HikariPool-1 - Added connection org.postgresql.jdbc.PgConnection@7c1a8f0f
2023-07-31T22:07:46.864+03:00  INFO 12792 --- [main] com.zaxxer.hikari.HikariDataSource       : HikariPool-1 - Start completed.
2023-07-31T22:07:46.894+03:00  INFO 12792 --- [main] o.hibernate.jpa.internal.util.LogHelper  : HHH000204: Processing PersistenceUnitInfo [name: default]
2023-07-31T22:07:46.929+03:00  INFO 12792 --- [main] org.hibernate.Version                    : HHH000412: Hibernate ORM core version 6.2.6.Final
2023-07-31T22:07:46.936+03:00  INFO 12792 --- [main] org.hibernate.cfg.Environment            : HHH000406: Using bytecode reflection optimizer
2023-07-31T22:07:47.033+03:00  INFO 12792 --- [main] o.h.b.i.BytecodeProviderInitiator        : HHH000021: Bytecode provider name : bytebuddy
2023-07-31T22:07:47.149+03:00  INFO 12792 --- [main] o.s.o.j.p.SpringPersistenceUnitInfo      : No LoadTimeWeaver setup: ignoring JPA class transformer
2023-07-31T22:07:47.395+03:00  INFO 12792 --- [main] o.h.b.i.BytecodeProviderInitiator        : HHH000021: Bytecode provider name : bytebuddy
2023-07-31T22:07:47.950+03:00  INFO 12792 --- [main] o.h.e.t.j.p.i.JtaPlatformInitiator       : HHH000490: Using JtaPlatform implementation: [org.hibernate.engine.transaction.jta.platform.internal.NoJtaPlatform]
2023-07-31T22:07:47.952+03:00  INFO 12792 --- [main] j.LocalContainerEntityManagerFactoryBean : Initialized JPA EntityManagerFactory for persistence unit 'default'
2023-07-31T22:07:48.123+03:00  INFO 12792 --- [main] c.e.s.service.CompanyService             : Начальная загрузка init method class CompanyService
2023-07-31T22:07:48.147+03:00  WARN 12792 --- [main] JpaBaseConfiguration$JpaWebConfiguration : spring.jpa.open-in-view is enabled by default. Therefore, database queries may be performed during view rendering. Explicitly configure spring.jpa.open-in-view to disable this warning
2023-07-31T22:07:48.425+03:00  INFO 12792 --- [main] o.s.b.w.embedded.tomcat.TomcatWebServer  : Tomcat started on port(s): 8080 (http) with context path ''
2023-07-31T22:07:48.432+03:00  INFO 12792 --- [main] c.e.s.SpringProjetV1Application          : Started SpringProjetV1Application in 3.302 seconds (process running for 3.87)
2023-07-31T22:10:53.033+03:00  INFO 12792 --- [http-nio-8080-exec-1] o.apache.coyote.http11.Http11Processor   : Error parsing HTTP request header
 Note: further occurrences of HTTP request parsing errors will be logged at DEBUG level.

java.lang.IllegalArgumentException: Invalid character found in method name [0x160x030x010x020x000x010x000x010xfc0x030x03-0xc20xdf0xd90xcf0xf1#0xcb0x810xe90xc4+k0x16 ]. HTTP method names must be tokens
	at org.apache.coyote.http11.Http11InputBuffer.parseRequestLine(Http11InputBuffer.java:407) ~[tomcat-embed-core-10.1.11.jar:10.1.11]
	at org.apache.coyote.http11.Http11Processor.service(Http11Processor.java:264) ~[tomcat-embed-core-10.1.11.jar:10.1.11]
	at org.apache.coyote.AbstractProcessorLight.process(AbstractProcessorLight.java:63) ~[tomcat-embed-core-10.1.11.jar:10.1.11]
	at org.apache.coyote.AbstractProtocol$ConnectionHandler.process(AbstractProtocol.java:894) ~[tomcat-embed-core-10.1.11.jar:10.1.11]
	at org.apache.tomcat.util.net.NioEndpoint$SocketProcessor.doRun(NioEndpoint.java:1740) ~[tomcat-embed-core-10.1.11.jar:10.1.11]
	at org.apache.tomcat.util.net.SocketProcessorBase.run(SocketProcessorBase.java:52) ~[tomcat-embed-core-10.1.11.jar:10.1.11]
	at org.apache.tomcat.util.threads.ThreadPoolExecutor.runWorker(ThreadPoolExecutor.java:1191) ~[tomcat-embed-core-10.1.11.jar:10.1.11]
	at org.apache.tomcat.util.threads.ThreadPoolExecutor$Worker.run(ThreadPoolExecutor.java:659) ~[tomcat-embed-core-10.1.11.jar:10.1.11]
	at org.apache.tomcat.util.threads.TaskThread$WrappingRunnable.run(TaskThread.java:61) ~[tomcat-embed-core-10.1.11.jar:10.1.11]
	at java.base/java.lang.Thread.run(Thread.java:833) ~[na:na]

2023-07-31T22:13:57.658+03:00  INFO 12792 --- [SpringApplicationShutdownHook] j.LocalContainerEntityManagerFactoryBean : Closing JPA EntityManagerFactory for persistence unit 'default'
2023-07-31T22:13:57.660+03:00  INFO 12792 --- [SpringApplicationShutdownHook] com.zaxxer.hikari.HikariDataSource       : HikariPool-1 - Shutdown initiated...
2023-07-31T22:13:57.663+03:00  INFO 12792 --- [SpringApplicationShutdownHook] com.zaxxer.hikari.HikariDataSource       : HikariPool-1 - Shutdown completed.
2023-07-31T22:14:03.192+03:00  INFO 17936 --- [main] c.e.s.SpringProjetV1Application          : Starting SpringProjetV1Application using Java 17.0.7 with PID 17936 (D:\Progects\spring projet v1\target\classes started by kovty in D:\Progects\spring projet v1)
2023-07-31T22:14:03.194+03:00  INFO 17936 --- [main] c.e.s.SpringProjetV1Application          : No active profile set, falling back to 1 default profile: "default"
2023-07-31T22:14:03.730+03:00  INFO 17936 --- [main] .s.d.r.c.RepositoryConfigurationDelegate : Bootstrapping Spring Data JPA repositories in DEFAULT mode.
2023-07-31T22:14:03.784+03:00  INFO 17936 --- [main] .s.d.r.c.RepositoryConfigurationDelegate : Finished Spring Data repository scanning in 40 ms. Found 1 JPA repository interfaces.
2023-07-31T22:14:04.229+03:00  INFO 17936 --- [main] o.s.b.w.embedded.tomcat.TomcatWebServer  : Tomcat initialized with port(s): 8080 (http)
2023-07-31T22:14:04.237+03:00  INFO 17936 --- [main] o.apache.catalina.core.StandardService   : Starting service [Tomcat]
2023-07-31T22:14:04.237+03:00  INFO 17936 --- [main] o.apache.catalina.core.StandardEngine    : Starting Servlet engine: [Apache Tomcat/10.1.11]
2023-07-31T22:14:04.314+03:00  INFO 17936 --- [main] o.a.c.c.C.[Tomcat].[localhost].[/]       : Initializing Spring embedded WebApplicationContext
2023-07-31T22:14:04.314+03:00  INFO 17936 --- [main] w.s.c.ServletWebServerApplicationContext : Root WebApplicationContext: initialization completed in 1062 ms
2023-07-31T22:14:04.414+03:00  INFO 17936 --- [main] com.zaxxer.hikari.HikariDataSource       : HikariPool-1 - Starting...
2023-07-31T22:14:04.547+03:00  INFO 17936 --- [main] com.zaxxer.hikari.pool.HikariPool        : HikariPool-1 - Added connection org.postgresql.jdbc.PgConnection@286855ea
2023-07-31T22:14:04.548+03:00  INFO 17936 --- [main] com.zaxxer.hikari.HikariDataSource       : HikariPool-1 - Start completed.
2023-07-31T22:14:04.580+03:00  INFO 17936 --- [main] o.hibernate.jpa.internal.util.LogHelper  : HHH000204: Processing PersistenceUnitInfo [name: default]
2023-07-31T22:14:04.620+03:00  INFO 17936 --- [main] org.hibernate.Version                    : HHH000412: Hibernate ORM core version 6.2.6.Final
2023-07-31T22:14:04.622+03:00  INFO 17936 --- [main] org.hibernate.cfg.Environment            : HHH000406: Using bytecode reflection optimizer
2023-07-31T22:14:04.728+03:00  INFO 17936 --- [main] o.h.b.i.BytecodeProviderInitiator        : HHH000021: Bytecode provider name : bytebuddy
2023-07-31T22:14:04.853+03:00  INFO 17936 --- [main] o.s.o.j.p.SpringPersistenceUnitInfo      : No LoadTimeWeaver setup: ignoring JPA class transformer
2023-07-31T22:14:05.124+03:00  INFO 17936 --- [main] o.h.b.i.BytecodeProviderInitiator        : HHH000021: Bytecode provider name : bytebuddy
2023-07-31T22:14:05.653+03:00  INFO 17936 --- [main] o.h.e.t.j.p.i.JtaPlatformInitiator       : HHH000490: Using JtaPlatform implementation: [org.hibernate.engine.transaction.jta.platform.internal.NoJtaPlatform]
2023-07-31T22:14:05.656+03:00  INFO 17936 --- [main] j.LocalContainerEntityManagerFactoryBean : Initialized JPA EntityManagerFactory for persistence unit 'default'
2023-07-31T22:14:05.838+03:00  INFO 17936 --- [main] c.e.s.service.CompanyService             : Начальная загрузка init method class CompanyService
2023-07-31T22:14:05.862+03:00  WARN 17936 --- [main] JpaBaseConfiguration$JpaWebConfiguration : spring.jpa.open-in-view is enabled by default. Therefore, database queries may be performed during view rendering. Explicitly configure spring.jpa.open-in-view to disable this warning
2023-07-31T22:14:06.138+03:00  INFO 17936 --- [main] o.s.b.w.embedded.tomcat.TomcatWebServer  : Tomcat started on port(s): 8080 (http) with context path ''
2023-07-31T22:14:06.146+03:00  INFO 17936 --- [main] c.e.s.SpringProjetV1Application          : Started SpringProjetV1Application in 3.477 seconds (process running for 4.014)
2023-07-31T22:15:42.098+03:00  INFO 17936 --- [SpringApplicationShutdownHook] j.LocalContainerEntityManagerFactoryBean : Closing JPA EntityManagerFactory for persistence unit 'default'
2023-07-31T22:15:42.100+03:00  INFO 17936 --- [SpringApplicationShutdownHook] com.zaxxer.hikari.HikariDataSource       : HikariPool-1 - Shutdown initiated...
2023-07-31T22:15:42.105+03:00  INFO 17936 --- [SpringApplicationShutdownHook] com.zaxxer.hikari.HikariDataSource       : HikariPool-1 - Shutdown completed.
2023-07-31T22:15:44.490+03:00  INFO 11816 --- [main] c.e.s.SpringProjetV1Application          : Starting SpringProjetV1Application using Java 17.0.7 with PID 11816 (D:\Progects\spring projet v1\target\classes started by kovty in D:\Progects\spring projet v1)
2023-07-31T22:15:44.494+03:00  INFO 11816 --- [main] c.e.s.SpringProjetV1Application          : No active profile set, falling back to 1 default profile: "default"
2023-07-31T22:15:45.392+03:00  INFO 11816 --- [main] .s.d.r.c.RepositoryConfigurationDelegate : Bootstrapping Spring Data JPA repositories in DEFAULT mode.
2023-07-31T22:15:45.497+03:00  INFO 11816 --- [main] .s.d.r.c.RepositoryConfigurationDelegate : Finished Spring Data repository scanning in 87 ms. Found 1 JPA repository interfaces.
2023-07-31T22:15:46.132+03:00  INFO 11816 --- [main] o.s.b.w.embedded.tomcat.TomcatWebServer  : Tomcat initialized with port(s): 8080 (http)
2023-07-31T22:15:46.152+03:00  INFO 11816 --- [main] o.apache.catalina.core.StandardService   : Starting service [Tomcat]
2023-07-31T22:15:46.153+03:00  INFO 11816 --- [main] o.apache.catalina.core.StandardEngine    : Starting Servlet engine: [Apache Tomcat/10.1.11]
2023-07-31T22:15:46.262+03:00  INFO 11816 --- [main] o.a.c.c.C.[Tomcat].[localhost].[/]       : Initializing Spring embedded WebApplicationContext
2023-07-31T22:15:46.262+03:00  INFO 11816 --- [main] w.s.c.ServletWebServerApplicationContext : Root WebApplicationContext: initialization completed in 1711 ms
2023-07-31T22:15:46.452+03:00  INFO 11816 --- [main] com.zaxxer.hikari.HikariDataSource       : HikariPool-1 - Starting...
2023-07-31T22:15:46.633+03:00  INFO 11816 --- [main] com.zaxxer.hikari.pool.HikariPool        : HikariPool-1 - Added connection org.postgresql.jdbc.PgConnection@1983b48a
2023-07-31T22:15:46.635+03:00  INFO 11816 --- [main] com.zaxxer.hikari.HikariDataSource       : HikariPool-1 - Start completed.
2023-07-31T22:15:46.681+03:00  INFO 11816 --- [main] o.hibernate.jpa.internal.util.LogHelper  : HHH000204: Processing PersistenceUnitInfo [name: default]
2023-07-31T22:15:46.726+03:00  INFO 11816 --- [main] org.hibernate.Version                    : HHH000412: Hibernate ORM core version 6.2.6.Final
2023-07-31T22:15:46.729+03:00  INFO 11816 --- [main] org.hibernate.cfg.Environment            : HHH000406: Using bytecode reflection optimizer
2023-07-31T22:15:46.848+03:00  INFO 11816 --- [main] o.h.b.i.BytecodeProviderInitiator        : HHH000021: Bytecode provider name : bytebuddy
2023-07-31T22:15:46.972+03:00  INFO 11816 --- [main] o.s.o.j.p.SpringPersistenceUnitInfo      : No LoadTimeWeaver setup: ignoring JPA class transformer
2023-07-31T22:15:47.223+03:00  INFO 11816 --- [main] o.h.b.i.BytecodeProviderInitiator        : HHH000021: Bytecode provider name : bytebuddy
2023-07-31T22:15:47.862+03:00  INFO 11816 --- [main] o.h.e.t.j.p.i.JtaPlatformInitiator       : HHH000490: Using JtaPlatform implementation: [org.hibernate.engine.transaction.jta.platform.internal.NoJtaPlatform]
2023-07-31T22:15:47.869+03:00  INFO 11816 --- [main] j.LocalContainerEntityManagerFactoryBean : Initialized JPA EntityManagerFactory for persistence unit 'default'
2023-07-31T22:15:48.170+03:00  INFO 11816 --- [main] c.e.s.service.CompanyService             : Начальная загрузка init method class CompanyService
2023-07-31T22:15:48.198+03:00  WARN 11816 --- [main] JpaBaseConfiguration$JpaWebConfiguration : spring.jpa.open-in-view is enabled by default. Therefore, database queries may be performed during view rendering. Explicitly configure spring.jpa.open-in-view to disable this warning
2023-07-31T22:15:48.624+03:00  INFO 11816 --- [main] o.s.b.w.embedded.tomcat.TomcatWebServer  : Tomcat started on port(s): 8080 (http) with context path ''
2023-07-31T22:15:48.634+03:00  INFO 11816 --- [main] c.e.s.SpringProjetV1Application          : Started SpringProjetV1Application in 4.727 seconds (process running for 5.455)
2023-07-31T22:15:52.999+03:00  INFO 11816 --- [http-nio-8080-exec-1] o.a.c.c.C.[Tomcat].[localhost].[/]       : Initializing Spring DispatcherServlet 'dispatcherServlet'
2023-07-31T22:15:53.000+03:00  INFO 11816 --- [http-nio-8080-exec-1] o.s.web.servlet.DispatcherServlet        : Initializing Servlet 'dispatcherServlet'
2023-07-31T22:15:53.002+03:00  INFO 11816 --- [http-nio-8080-exec-1] o.s.web.servlet.DispatcherServlet        : Completed initialization in 1 ms
2023-07-31T22:16:06.578+03:00  INFO 11816 --- [SpringApplicationShutdownHook] j.LocalContainerEntityManagerFactoryBean : Closing JPA EntityManagerFactory for persistence unit 'default'
2023-07-31T22:16:06.581+03:00  INFO 11816 --- [SpringApplicationShutdownHook] com.zaxxer.hikari.HikariDataSource       : HikariPool-1 - Shutdown initiated...
2023-07-31T22:16:06.585+03:00  INFO 11816 --- [SpringApplicationShutdownHook] com.zaxxer.hikari.HikariDataSource       : HikariPool-1 - Shutdown completed.
2023-07-31T22:16:13.747+03:00  INFO 12652 --- [main] c.e.s.SpringProjetV1Application          : Starting SpringProjetV1Application using Java 17.0.7 with PID 12652 (D:\Progects\spring projet v1\target\classes started by kovty in D:\Progects\spring projet v1)
2023-07-31T22:16:13.750+03:00  INFO 12652 --- [main] c.e.s.SpringProjetV1Application          : No active profile set, falling back to 1 default profile: "default"
2023-07-31T22:16:14.459+03:00  INFO 12652 --- [main] .s.d.r.c.RepositoryConfigurationDelegate : Bootstrapping Spring Data JPA repositories in DEFAULT mode.
2023-07-31T22:16:14.511+03:00  INFO 12652 --- [main] .s.d.r.c.RepositoryConfigurationDelegate : Finished Spring Data repository scanning in 46 ms. Found 1 JPA repository interfaces.
2023-07-31T22:16:14.988+03:00  INFO 12652 --- [main] o.s.b.w.embedded.tomcat.TomcatWebServer  : Tomcat initialized with port(s): 8080 (http)
2023-07-31T22:16:14.999+03:00  INFO 12652 --- [main] o.apache.catalina.core.StandardService   : Starting service [Tomcat]
2023-07-31T22:16:15.000+03:00  INFO 12652 --- [main] o.apache.catalina.core.StandardEngine    : Starting Servlet engine: [Apache Tomcat/10.1.11]
2023-07-31T22:16:15.120+03:00  INFO 12652 --- [main] o.a.c.c.C.[Tomcat].[localhost].[/]       : Initializing Spring embedded WebApplicationContext
2023-07-31T22:16:15.120+03:00  INFO 12652 --- [main] w.s.c.ServletWebServerApplicationContext : Root WebApplicationContext: initialization completed in 1311 ms
2023-07-31T22:16:15.273+03:00  INFO 12652 --- [main] com.zaxxer.hikari.HikariDataSource       : HikariPool-1 - Starting...
2023-07-31T22:16:15.422+03:00  INFO 12652 --- [main] com.zaxxer.hikari.pool.HikariPool        : HikariPool-1 - Added connection org.postgresql.jdbc.PgConnection@c3719e5
2023-07-31T22:16:15.423+03:00  INFO 12652 --- [main] com.zaxxer.hikari.HikariDataSource       : HikariPool-1 - Start completed.
2023-07-31T22:16:15.457+03:00  INFO 12652 --- [main] o.hibernate.jpa.internal.util.LogHelper  : HHH000204: Processing PersistenceUnitInfo [name: default]
2023-07-31T22:16:15.504+03:00  INFO 12652 --- [main] org.hibernate.Version                    : HHH000412: Hibernate ORM core version 6.2.6.Final
2023-07-31T22:16:15.507+03:00  INFO 12652 --- [main] org.hibernate.cfg.Environment            : HHH000406: Using bytecode reflection optimizer
2023-07-31T22:16:15.648+03:00  INFO 12652 --- [main] o.h.b.i.BytecodeProviderInitiator        : HHH000021: Bytecode provider name : bytebuddy
2023-07-31T22:16:15.777+03:00  INFO 12652 --- [main] o.s.o.j.p.SpringPersistenceUnitInfo      : No LoadTimeWeaver setup: ignoring JPA class transformer
2023-07-31T22:16:16.029+03:00  INFO 12652 --- [main] o.h.b.i.BytecodeProviderInitiator        : HHH000021: Bytecode provider name : bytebuddy
2023-07-31T22:16:16.612+03:00  INFO 12652 --- [main] o.h.e.t.j.p.i.JtaPlatformInitiator       : HHH000490: Using JtaPlatform implementation: [org.hibernate.engine.transaction.jta.platform.internal.NoJtaPlatform]
2023-07-31T22:16:16.614+03:00  INFO 12652 --- [main] j.LocalContainerEntityManagerFactoryBean : Initialized JPA EntityManagerFactory for persistence unit 'default'
2023-07-31T22:16:16.779+03:00  INFO 12652 --- [main] c.e.s.service.CompanyService             : Начальная загрузка init method class CompanyService
2023-07-31T22:16:16.890+03:00  WARN 12652 --- [main] JpaBaseConfiguration$JpaWebConfiguration : spring.jpa.open-in-view is enabled by default. Therefore, database queries may be performed during view rendering. Explicitly configure spring.jpa.open-in-view to disable this warning
2023-07-31T22:16:17.276+03:00  INFO 12652 --- [main] o.s.b.w.embedded.tomcat.TomcatWebServer  : Tomcat started on port(s): 8080 (http) with context path ''
2023-07-31T22:16:17.286+03:00  INFO 12652 --- [main] c.e.s.SpringProjetV1Application          : Started SpringProjetV1Application in 4.076 seconds (process running for 4.722)
2023-07-31T22:16:20.931+03:00  INFO 12652 --- [http-nio-8080-exec-1] o.a.c.c.C.[Tomcat].[localhost].[/]       : Initializing Spring DispatcherServlet 'dispatcherServlet'
2023-07-31T22:16:20.932+03:00  INFO 12652 --- [http-nio-8080-exec-1] o.s.web.servlet.DispatcherServlet        : Initializing Servlet 'dispatcherServlet'
2023-07-31T22:16:20.933+03:00  INFO 12652 --- [http-nio-8080-exec-1] o.s.web.servlet.DispatcherServlet        : Completed initialization in 1 ms
2023-07-31T22:16:21.468+03:00  INFO 12652 --- [http-nio-8080-exec-9] o.springdoc.api.AbstractOpenApiResource  : Init duration for springdoc-openapi is: 122 ms
2023-07-31T22:17:17.338+03:00  INFO 12652 --- [SpringApplicationShutdownHook] j.LocalContainerEntityManagerFactoryBean : Closing JPA EntityManagerFactory for persistence unit 'default'
2023-07-31T22:17:17.340+03:00  INFO 12652 --- [SpringApplicationShutdownHook] com.zaxxer.hikari.HikariDataSource       : HikariPool-1 - Shutdown initiated...
2023-07-31T22:17:17.342+03:00  INFO 12652 --- [SpringApplicationShutdownHook] com.zaxxer.hikari.HikariDataSource       : HikariPool-1 - Shutdown completed.
2023-07-31T22:17:24.069+03:00  INFO 9604 --- [main] c.e.s.SpringProjetV1Application          : Starting SpringProjetV1Application using Java 17.0.7 with PID 9604 (D:\Progects\spring projet v1\target\classes started by kovty in D:\Progects\spring projet v1)
2023-07-31T22:17:24.071+03:00  INFO 9604 --- [main] c.e.s.SpringProjetV1Application          : No active profile set, falling back to 1 default profile: "default"
2023-07-31T22:17:24.762+03:00  INFO 9604 --- [main] .s.d.r.c.RepositoryConfigurationDelegate : Bootstrapping Spring Data JPA repositories in DEFAULT mode.
2023-07-31T22:17:24.814+03:00  INFO 9604 --- [main] .s.d.r.c.RepositoryConfigurationDelegate : Finished Spring Data repository scanning in 46 ms. Found 1 JPA repository interfaces.
2023-07-31T22:17:25.218+03:00  INFO 9604 --- [main] o.s.b.w.embedded.tomcat.TomcatWebServer  : Tomcat initialized with port(s): 8080 (http)
2023-07-31T22:17:25.225+03:00  INFO 9604 --- [main] o.apache.catalina.core.StandardService   : Starting service [Tomcat]
2023-07-31T22:17:25.226+03:00  INFO 9604 --- [main] o.apache.catalina.core.StandardEngine    : Starting Servlet engine: [Apache Tomcat/10.1.11]
2023-07-31T22:17:25.303+03:00  INFO 9604 --- [main] o.a.c.c.C.[Tomcat].[localhost].[/]       : Initializing Spring embedded WebApplicationContext
2023-07-31T22:17:25.304+03:00  INFO 9604 --- [main] w.s.c.ServletWebServerApplicationContext : Root WebApplicationContext: initialization completed in 1182 ms
2023-07-31T22:17:25.402+03:00  INFO 9604 --- [main] com.zaxxer.hikari.HikariDataSource       : HikariPool-1 - Starting...
2023-07-31T22:17:25.559+03:00  INFO 9604 --- [main] com.zaxxer.hikari.pool.HikariPool        : HikariPool-1 - Added connection org.postgresql.jdbc.PgConnection@4665428b
2023-07-31T22:17:25.561+03:00  INFO 9604 --- [main] com.zaxxer.hikari.HikariDataSource       : HikariPool-1 - Start completed.
2023-07-31T22:17:25.727+03:00  INFO 9604 --- [main] liquibase.database                       : Set default schema name to public
2023-07-31T22:17:25.932+03:00  INFO 9604 --- [main] liquibase.lockservice                    : Successfully acquired change log lock
2023-07-31T22:17:25.964+03:00  INFO 9604 --- [main] liquibase.lockservice                    : Successfully released change log lock
2023-07-31T22:17:25.966+03:00  INFO 9604 --- [main] liquibase.command                        : Command execution complete
2023-07-31T22:17:25.968+03:00  WARN 9604 --- [main] ConfigServletWebServerApplicationContext : Exception encountered during context initialization - cancelling refresh attempt: org.springframework.beans.factory.BeanCreationException: Error creating bean with name 'liquibase' defined in class path resource [org/springframework/boot/autoconfigure/liquibase/LiquibaseAutoConfiguration$LiquibaseConfiguration.class]: liquibase.exception.ChangeLogParseException: classpath:/db/changelog/db.changelog-master.yaml does not exist
2023-07-31T22:17:25.969+03:00  INFO 9604 --- [main] com.zaxxer.hikari.HikariDataSource       : HikariPool-1 - Shutdown initiated...
2023-07-31T22:17:26.008+03:00  INFO 9604 --- [main] com.zaxxer.hikari.HikariDataSource       : HikariPool-1 - Shutdown completed.
2023-07-31T22:17:26.010+03:00  INFO 9604 --- [main] o.apache.catalina.core.StandardService   : Stopping service [Tomcat]
2023-07-31T22:17:26.021+03:00  INFO 9604 --- [main] .s.b.a.l.ConditionEvaluationReportLogger : 

Error starting ApplicationContext. To display the condition evaluation report re-run your application with 'debug' enabled.
2023-07-31T22:17:26.033+03:00 ERROR 9604 --- [main] o.s.b.d.LoggingFailureAnalysisReporter   : 

***************************
APPLICATION FAILED TO START
***************************

Description:

Liquibase failed to start because no changelog could be found at 'classpath:/db/changelog/db.changelog-master.yaml'.

Action:

Make sure a Liquibase changelog is present at the configured path.

2023-07-31T22:19:22.540+03:00  INFO 12352 --- [main] c.e.s.SpringProjetV1Application          : Starting SpringProjetV1Application using Java 17.0.7 with PID 12352 (D:\Progects\spring projet v1\target\classes started by kovty in D:\Progects\spring projet v1)
2023-07-31T22:19:22.543+03:00  INFO 12352 --- [main] c.e.s.SpringProjetV1Application          : No active profile set, falling back to 1 default profile: "default"
2023-07-31T22:19:23.343+03:00  INFO 12352 --- [main] .s.d.r.c.RepositoryConfigurationDelegate : Bootstrapping Spring Data JPA repositories in DEFAULT mode.
2023-07-31T22:19:23.390+03:00  INFO 12352 --- [main] .s.d.r.c.RepositoryConfigurationDelegate : Finished Spring Data repository scanning in 42 ms. Found 1 JPA repository interfaces.
2023-07-31T22:19:23.794+03:00  INFO 12352 --- [main] o.s.b.w.embedded.tomcat.TomcatWebServer  : Tomcat initialized with port(s): 8080 (http)
2023-07-31T22:19:23.802+03:00  INFO 12352 --- [main] o.apache.catalina.core.StandardService   : Starting service [Tomcat]
2023-07-31T22:19:23.802+03:00  INFO 12352 --- [main] o.apache.catalina.core.StandardEngine    : Starting Servlet engine: [Apache Tomcat/10.1.11]
2023-07-31T22:19:23.883+03:00  INFO 12352 --- [main] o.a.c.c.C.[Tomcat].[localhost].[/]       : Initializing Spring embedded WebApplicationContext
2023-07-31T22:19:23.883+03:00  INFO 12352 --- [main] w.s.c.ServletWebServerApplicationContext : Root WebApplicationContext: initialization completed in 1286 ms
2023-07-31T22:19:23.986+03:00  INFO 12352 --- [main] com.zaxxer.hikari.HikariDataSource       : HikariPool-1 - Starting...
2023-07-31T22:19:24.125+03:00  INFO 12352 --- [main] com.zaxxer.hikari.pool.HikariPool        : HikariPool-1 - Added connection org.postgresql.jdbc.PgConnection@35787726
2023-07-31T22:19:24.127+03:00  INFO 12352 --- [main] com.zaxxer.hikari.HikariDataSource       : HikariPool-1 - Start completed.
2023-07-31T22:19:24.249+03:00  INFO 12352 --- [main] liquibase.database                       : Set default schema name to public
2023-07-31T22:19:24.407+03:00  INFO 12352 --- [main] liquibase.lockservice                    : Successfully acquired change log lock
2023-07-31T22:19:24.435+03:00  INFO 12352 --- [main] liquibase.lockservice                    : Successfully released change log lock
2023-07-31T22:19:24.437+03:00  INFO 12352 --- [main] liquibase.command                        : Command execution complete
2023-07-31T22:19:24.440+03:00  WARN 12352 --- [main] ConfigServletWebServerApplicationContext : Exception encountered during context initialization - cancelling refresh attempt: org.springframework.beans.factory.BeanCreationException: Error creating bean with name 'liquibase' defined in class path resource [org/springframework/boot/autoconfigure/liquibase/LiquibaseAutoConfiguration$LiquibaseConfiguration.class]: liquibase.exception.ChangeLogParseException: db/changelog.yaml does not exist
2023-07-31T22:19:24.441+03:00  INFO 12352 --- [main] com.zaxxer.hikari.HikariDataSource       : HikariPool-1 - Shutdown initiated...
2023-07-31T22:19:24.469+03:00  INFO 12352 --- [main] com.zaxxer.hikari.HikariDataSource       : HikariPool-1 - Shutdown completed.
2023-07-31T22:19:24.471+03:00  INFO 12352 --- [main] o.apache.catalina.core.StandardService   : Stopping service [Tomcat]
2023-07-31T22:19:24.483+03:00  INFO 12352 --- [main] .s.b.a.l.ConditionEvaluationReportLogger : 

Error starting ApplicationContext. To display the condition evaluation report re-run your application with 'debug' enabled.
2023-07-31T22:19:24.497+03:00 ERROR 12352 --- [main] o.s.b.d.LoggingFailureAnalysisReporter   : 

***************************
APPLICATION FAILED TO START
***************************

Description:

Liquibase failed to start because no changelog could be found at 'db/changelog.yaml'.

Action:

Make sure a Liquibase changelog is present at the configured path.

2023-07-31T22:27:18.838+03:00  INFO 18892 --- [main] c.e.s.SpringProjetV1Application          : Starting SpringProjetV1Application using Java 17.0.7 with PID 18892 (D:\Progects\spring projet v1\target\classes started by kovty in D:\Progects\spring projet v1)
2023-07-31T22:27:18.843+03:00  INFO 18892 --- [main] c.e.s.SpringProjetV1Application          : No active profile set, falling back to 1 default profile: "default"
2023-07-31T22:27:19.572+03:00  INFO 18892 --- [main] .s.d.r.c.RepositoryConfigurationDelegate : Bootstrapping Spring Data JPA repositories in DEFAULT mode.
2023-07-31T22:27:19.629+03:00  INFO 18892 --- [main] .s.d.r.c.RepositoryConfigurationDelegate : Finished Spring Data repository scanning in 51 ms. Found 1 JPA repository interfaces.
2023-07-31T22:27:20.027+03:00  INFO 18892 --- [main] o.s.b.w.embedded.tomcat.TomcatWebServer  : Tomcat initialized with port(s): 8080 (http)
2023-07-31T22:27:20.035+03:00  INFO 18892 --- [main] o.apache.catalina.core.StandardService   : Starting service [Tomcat]
2023-07-31T22:27:20.035+03:00  INFO 18892 --- [main] o.apache.catalina.core.StandardEngine    : Starting Servlet engine: [Apache Tomcat/10.1.11]
2023-07-31T22:27:20.116+03:00  INFO 18892 --- [main] o.a.c.c.C.[Tomcat].[localhost].[/]       : Initializing Spring embedded WebApplicationContext
2023-07-31T22:27:20.116+03:00  INFO 18892 --- [main] w.s.c.ServletWebServerApplicationContext : Root WebApplicationContext: initialization completed in 1192 ms
2023-07-31T22:27:20.218+03:00  INFO 18892 --- [main] com.zaxxer.hikari.HikariDataSource       : HikariPool-1 - Starting...
2023-07-31T22:27:20.349+03:00  INFO 18892 --- [main] com.zaxxer.hikari.pool.HikariPool        : HikariPool-1 - Added connection org.postgresql.jdbc.PgConnection@55e1192
2023-07-31T22:27:20.350+03:00  INFO 18892 --- [main] com.zaxxer.hikari.HikariDataSource       : HikariPool-1 - Start completed.
2023-07-31T22:27:20.469+03:00  INFO 18892 --- [main] liquibase.database                       : Set default schema name to public
2023-07-31T22:27:20.635+03:00  INFO 18892 --- [main] liquibase.lockservice                    : Successfully acquired change log lock
2023-07-31T22:27:20.803+03:00  INFO 18892 --- [main] liquibase.changelog                      : Creating database history table with name: public.databasechangelog
2023-07-31T22:27:20.823+03:00  INFO 18892 --- [main] liquibase.changelog                      : Reading from public.databasechangelog
2023-07-31T22:27:20.849+03:00  INFO 18892 --- [main] liquibase.command                        : Using deploymentId: 0831640832
2023-07-31T22:27:20.866+03:00  INFO 18892 --- [main] liquibase.changelog                      : Reading from public.databasechangelog
2023-07-31T22:27:20.882+03:00  INFO 18892 --- [main] liquibase.changelog                      : ChangeSet 00000-create-all-table.sql::v1.0000::kovtunov ran successfully in 4ms
2023-07-31T22:27:20.895+03:00  INFO 18892 --- [main] liquibase.util                           : UPDATE SUMMARY
2023-07-31T22:27:20.895+03:00  INFO 18892 --- [main] liquibase.util                           : Run:                          1
2023-07-31T22:27:20.896+03:00  INFO 18892 --- [main] liquibase.util                           : Previously run:               0
2023-07-31T22:27:20.896+03:00  INFO 18892 --- [main] liquibase.util                           : Filtered out:                 0
2023-07-31T22:27:20.896+03:00  INFO 18892 --- [main] liquibase.util                           : -------------------------------
2023-07-31T22:27:20.896+03:00  INFO 18892 --- [main] liquibase.util                           : Total change sets:            1

2023-07-31T22:27:20.896+03:00  INFO 18892 --- [main] liquibase.util                           : Update summary generated
2023-07-31T22:27:20.897+03:00  INFO 18892 --- [main] liquibase.command                        : Update command completed successfully.
2023-07-31T22:27:20.905+03:00  INFO 18892 --- [main] liquibase.lockservice                    : Successfully released change log lock
2023-07-31T22:27:20.917+03:00  INFO 18892 --- [main] liquibase.lockservice                    : Successfully released change log lock
2023-07-31T22:27:20.919+03:00  INFO 18892 --- [main] liquibase.command                        : Command execution complete
2023-07-31T22:27:20.986+03:00  INFO 18892 --- [main] o.hibernate.jpa.internal.util.LogHelper  : HHH000204: Processing PersistenceUnitInfo [name: default]
2023-07-31T22:27:21.027+03:00  INFO 18892 --- [main] org.hibernate.Version                    : HHH000412: Hibernate ORM core version 6.2.6.Final
2023-07-31T22:27:21.029+03:00  INFO 18892 --- [main] org.hibernate.cfg.Environment            : HHH000406: Using bytecode reflection optimizer
2023-07-31T22:27:21.174+03:00  INFO 18892 --- [main] o.h.b.i.BytecodeProviderInitiator        : HHH000021: Bytecode provider name : bytebuddy
2023-07-31T22:27:21.274+03:00  INFO 18892 --- [main] o.s.o.j.p.SpringPersistenceUnitInfo      : No LoadTimeWeaver setup: ignoring JPA class transformer
2023-07-31T22:27:21.512+03:00  INFO 18892 --- [main] o.h.b.i.BytecodeProviderInitiator        : HHH000021: Bytecode provider name : bytebuddy
2023-07-31T22:27:22.099+03:00  INFO 18892 --- [main] o.h.e.t.j.p.i.JtaPlatformInitiator       : HHH000490: Using JtaPlatform implementation: [org.hibernate.engine.transaction.jta.platform.internal.NoJtaPlatform]
2023-07-31T22:27:22.104+03:00  INFO 18892 --- [main] j.LocalContainerEntityManagerFactoryBean : Initialized JPA EntityManagerFactory for persistence unit 'default'
2023-07-31T22:27:22.283+03:00  INFO 18892 --- [main] c.e.s.service.CompanyService             : Начальная загрузка init method class CompanyService
2023-07-31T22:27:22.397+03:00  WARN 18892 --- [main] JpaBaseConfiguration$JpaWebConfiguration : spring.jpa.open-in-view is enabled by default. Therefore, database queries may be performed during view rendering. Explicitly configure spring.jpa.open-in-view to disable this warning
2023-07-31T22:27:22.800+03:00  INFO 18892 --- [main] o.s.b.w.embedded.tomcat.TomcatWebServer  : Tomcat started on port(s): 8080 (http) with context path ''
2023-07-31T22:27:22.809+03:00  INFO 18892 --- [main] c.e.s.SpringProjetV1Application          : Started SpringProjetV1Application in 4.46 seconds (process running for 5.036)
2023-07-31T22:28:05.942+03:00  INFO 18892 --- [SpringApplicationShutdownHook] j.LocalContainerEntityManagerFactoryBean : Closing JPA EntityManagerFactory for persistence unit 'default'
2023-07-31T22:28:05.944+03:00  INFO 18892 --- [SpringApplicationShutdownHook] com.zaxxer.hikari.HikariDataSource       : HikariPool-1 - Shutdown initiated...
2023-07-31T22:28:05.950+03:00  INFO 18892 --- [SpringApplicationShutdownHook] com.zaxxer.hikari.HikariDataSource       : HikariPool-1 - Shutdown completed.
2023-07-31T22:28:08.308+03:00  INFO 22728 --- [main] c.e.s.SpringProjetV1Application          : Starting SpringProjetV1Application using Java 17.0.7 with PID 22728 (D:\Progects\spring projet v1\target\classes started by kovty in D:\Progects\spring projet v1)
2023-07-31T22:28:08.312+03:00  INFO 22728 --- [main] c.e.s.SpringProjetV1Application          : No active profile set, falling back to 1 default profile: "default"
2023-07-31T22:28:08.993+03:00  INFO 22728 --- [main] .s.d.r.c.RepositoryConfigurationDelegate : Bootstrapping Spring Data JPA repositories in DEFAULT mode.
2023-07-31T22:28:09.045+03:00  INFO 22728 --- [main] .s.d.r.c.RepositoryConfigurationDelegate : Finished Spring Data repository scanning in 45 ms. Found 1 JPA repository interfaces.
2023-07-31T22:28:09.445+03:00  INFO 22728 --- [main] o.s.b.w.embedded.tomcat.TomcatWebServer  : Tomcat initialized with port(s): 8080 (http)
2023-07-31T22:28:09.453+03:00  INFO 22728 --- [main] o.apache.catalina.core.StandardService   : Starting service [Tomcat]
2023-07-31T22:28:09.453+03:00  INFO 22728 --- [main] o.apache.catalina.core.StandardEngine    : Starting Servlet engine: [Apache Tomcat/10.1.11]
2023-07-31T22:28:09.539+03:00  INFO 22728 --- [main] o.a.c.c.C.[Tomcat].[localhost].[/]       : Initializing Spring embedded WebApplicationContext
2023-07-31T22:28:09.540+03:00  INFO 22728 --- [main] w.s.c.ServletWebServerApplicationContext : Root WebApplicationContext: initialization completed in 1170 ms
2023-07-31T22:28:09.641+03:00  INFO 22728 --- [main] com.zaxxer.hikari.HikariDataSource       : HikariPool-1 - Starting...
2023-07-31T22:28:09.775+03:00  INFO 22728 --- [main] com.zaxxer.hikari.pool.HikariPool        : HikariPool-1 - Added connection org.postgresql.jdbc.PgConnection@3375ebd3
2023-07-31T22:28:09.777+03:00  INFO 22728 --- [main] com.zaxxer.hikari.HikariDataSource       : HikariPool-1 - Start completed.
2023-07-31T22:28:09.901+03:00  INFO 22728 --- [main] liquibase.database                       : Set default schema name to public
2023-07-31T22:28:10.091+03:00  INFO 22728 --- [main] liquibase.lockservice                    : Successfully acquired change log lock
2023-07-31T22:28:10.234+03:00  INFO 22728 --- [main] liquibase.changelog                      : Creating database history table with name: public.databasechangelog
2023-07-31T22:28:10.248+03:00  INFO 22728 --- [main] liquibase.changelog                      : Reading from public.databasechangelog
2023-07-31T22:28:10.272+03:00  INFO 22728 --- [main] liquibase.command                        : Using deploymentId: 0831690257
2023-07-31T22:28:10.284+03:00  INFO 22728 --- [main] liquibase.changelog                      : Reading from public.databasechangelog
2023-07-31T22:28:10.299+03:00  INFO 22728 --- [main] liquibase.changelog                      : ChangeSet 00000-create-all-table.sql::v1.0000::kovtunov ran successfully in 6ms
2023-07-31T22:28:10.315+03:00  INFO 22728 --- [main] liquibase.util                           : UPDATE SUMMARY
2023-07-31T22:28:10.316+03:00  INFO 22728 --- [main] liquibase.util                           : Run:                          1
2023-07-31T22:28:10.316+03:00  INFO 22728 --- [main] liquibase.util                           : Previously run:               0
2023-07-31T22:28:10.316+03:00  INFO 22728 --- [main] liquibase.util                           : Filtered out:                 0
2023-07-31T22:28:10.316+03:00  INFO 22728 --- [main] liquibase.util                           : -------------------------------
2023-07-31T22:28:10.316+03:00  INFO 22728 --- [main] liquibase.util                           : Total change sets:            1

2023-07-31T22:28:10.317+03:00  INFO 22728 --- [main] liquibase.util                           : Update summary generated
2023-07-31T22:28:10.318+03:00  INFO 22728 --- [main] liquibase.command                        : Update command completed successfully.
2023-07-31T22:28:10.329+03:00  INFO 22728 --- [main] liquibase.lockservice                    : Successfully released change log lock
2023-07-31T22:28:10.352+03:00  INFO 22728 --- [main] liquibase.lockservice                    : Successfully released change log lock
2023-07-31T22:28:10.355+03:00  INFO 22728 --- [main] liquibase.command                        : Command execution complete
2023-07-31T22:28:10.429+03:00  INFO 22728 --- [main] o.hibernate.jpa.internal.util.LogHelper  : HHH000204: Processing PersistenceUnitInfo [name: default]
2023-07-31T22:28:10.475+03:00  INFO 22728 --- [main] org.hibernate.Version                    : HHH000412: Hibernate ORM core version 6.2.6.Final
2023-07-31T22:28:10.477+03:00  INFO 22728 --- [main] org.hibernate.cfg.Environment            : HHH000406: Using bytecode reflection optimizer
2023-07-31T22:28:10.605+03:00  INFO 22728 --- [main] o.h.b.i.BytecodeProviderInitiator        : HHH000021: Bytecode provider name : bytebuddy
2023-07-31T22:28:10.746+03:00  INFO 22728 --- [main] o.s.o.j.p.SpringPersistenceUnitInfo      : No LoadTimeWeaver setup: ignoring JPA class transformer
2023-07-31T22:28:11.008+03:00  INFO 22728 --- [main] o.h.b.i.BytecodeProviderInitiator        : HHH000021: Bytecode provider name : bytebuddy
2023-07-31T22:28:11.595+03:00  INFO 22728 --- [main] o.h.e.t.j.p.i.JtaPlatformInitiator       : HHH000490: Using JtaPlatform implementation: [org.hibernate.engine.transaction.jta.platform.internal.NoJtaPlatform]
2023-07-31T22:28:11.600+03:00  INFO 22728 --- [main] j.LocalContainerEntityManagerFactoryBean : Initialized JPA EntityManagerFactory for persistence unit 'default'
2023-07-31T22:28:11.767+03:00  INFO 22728 --- [main] c.e.s.service.CompanyService             : Начальная загрузка init method class CompanyService
2023-07-31T22:28:11.875+03:00  WARN 22728 --- [main] JpaBaseConfiguration$JpaWebConfiguration : spring.jpa.open-in-view is enabled by default. Therefore, database queries may be performed during view rendering. Explicitly configure spring.jpa.open-in-view to disable this warning
2023-07-31T22:28:12.220+03:00  INFO 22728 --- [main] o.s.b.w.embedded.tomcat.TomcatWebServer  : Tomcat started on port(s): 8080 (http) with context path ''
2023-07-31T22:28:12.230+03:00  INFO 22728 --- [main] c.e.s.SpringProjetV1Application          : Started SpringProjetV1Application in 4.406 seconds (process running for 5.01)
2023-07-31T22:30:29.641+03:00  INFO 22728 --- [SpringApplicationShutdownHook] j.LocalContainerEntityManagerFactoryBean : Closing JPA EntityManagerFactory for persistence unit 'default'
2023-07-31T22:30:29.643+03:00  INFO 22728 --- [SpringApplicationShutdownHook] com.zaxxer.hikari.HikariDataSource       : HikariPool-1 - Shutdown initiated...
2023-07-31T22:30:29.648+03:00  INFO 22728 --- [SpringApplicationShutdownHook] com.zaxxer.hikari.HikariDataSource       : HikariPool-1 - Shutdown completed.
2023-07-31T22:30:32.182+03:00  INFO 3636 --- [main] c.e.s.SpringProjetV1Application          : Starting SpringProjetV1Application using Java 17.0.7 with PID 3636 (D:\Progects\spring projet v1\target\classes started by kovty in D:\Progects\spring projet v1)
2023-07-31T22:30:32.185+03:00  INFO 3636 --- [main] c.e.s.SpringProjetV1Application          : No active profile set, falling back to 1 default profile: "default"
2023-07-31T22:30:32.871+03:00  INFO 3636 --- [main] .s.d.r.c.RepositoryConfigurationDelegate : Bootstrapping Spring Data JPA repositories in DEFAULT mode.
2023-07-31T22:30:32.920+03:00  INFO 3636 --- [main] .s.d.r.c.RepositoryConfigurationDelegate : Finished Spring Data repository scanning in 42 ms. Found 1 JPA repository interfaces.
2023-07-31T22:30:33.333+03:00  INFO 3636 --- [main] o.s.b.w.embedded.tomcat.TomcatWebServer  : Tomcat initialized with port(s): 8080 (http)
2023-07-31T22:30:33.340+03:00  INFO 3636 --- [main] o.apache.catalina.core.StandardService   : Starting service [Tomcat]
2023-07-31T22:30:33.341+03:00  INFO 3636 --- [main] o.apache.catalina.core.StandardEngine    : Starting Servlet engine: [Apache Tomcat/10.1.11]
2023-07-31T22:30:33.424+03:00  INFO 3636 --- [main] o.a.c.c.C.[Tomcat].[localhost].[/]       : Initializing Spring embedded WebApplicationContext
2023-07-31T22:30:33.425+03:00  INFO 3636 --- [main] w.s.c.ServletWebServerApplicationContext : Root WebApplicationContext: initialization completed in 1185 ms
2023-07-31T22:30:33.539+03:00  INFO 3636 --- [main] com.zaxxer.hikari.HikariDataSource       : HikariPool-1 - Starting...
2023-07-31T22:30:33.673+03:00  INFO 3636 --- [main] com.zaxxer.hikari.pool.HikariPool        : HikariPool-1 - Added connection org.postgresql.jdbc.PgConnection@42679fc2
2023-07-31T22:30:33.674+03:00  INFO 3636 --- [main] com.zaxxer.hikari.HikariDataSource       : HikariPool-1 - Start completed.
2023-07-31T22:30:33.812+03:00  INFO 3636 --- [main] liquibase.database                       : Set default schema name to public
2023-07-31T22:30:33.960+03:00  INFO 3636 --- [main] liquibase.lockservice                    : Successfully acquired change log lock
2023-07-31T22:30:34.166+03:00  INFO 3636 --- [main] liquibase.changelog                      : Reading from public.databasechangelog
2023-07-31T22:30:34.190+03:00  INFO 3636 --- [main] liquibase.changelog                      : Reading from public.databasechangelog
2023-07-31T22:30:34.196+03:00  INFO 3636 --- [main] liquibase.util                           : UPDATE SUMMARY
2023-07-31T22:30:34.197+03:00  INFO 3636 --- [main] liquibase.util                           : Run:                          0
2023-07-31T22:30:34.197+03:00  INFO 3636 --- [main] liquibase.util                           : Previously run:               1
2023-07-31T22:30:34.197+03:00  INFO 3636 --- [main] liquibase.util                           : Filtered out:                 0
2023-07-31T22:30:34.197+03:00  INFO 3636 --- [main] liquibase.util                           : -------------------------------
2023-07-31T22:30:34.197+03:00  INFO 3636 --- [main] liquibase.util                           : Total change sets:            1

2023-07-31T22:30:34.198+03:00  INFO 3636 --- [main] liquibase.util                           : Update summary generated
2023-07-31T22:30:34.206+03:00  INFO 3636 --- [main] liquibase.lockservice                    : Successfully released change log lock
2023-07-31T22:30:34.218+03:00  INFO 3636 --- [main] liquibase.lockservice                    : Successfully released change log lock
2023-07-31T22:30:34.220+03:00  INFO 3636 --- [main] liquibase.command                        : Command execution complete
2023-07-31T22:30:34.282+03:00  INFO 3636 --- [main] o.hibernate.jpa.internal.util.LogHelper  : HHH000204: Processing PersistenceUnitInfo [name: default]
2023-07-31T22:30:34.324+03:00  INFO 3636 --- [main] org.hibernate.Version                    : HHH000412: Hibernate ORM core version 6.2.6.Final
2023-07-31T22:30:34.326+03:00  INFO 3636 --- [main] org.hibernate.cfg.Environment            : HHH000406: Using bytecode reflection optimizer
2023-07-31T22:30:34.448+03:00  INFO 3636 --- [main] o.h.b.i.BytecodeProviderInitiator        : HHH000021: Bytecode provider name : bytebuddy
2023-07-31T22:30:34.567+03:00  INFO 3636 --- [main] o.s.o.j.p.SpringPersistenceUnitInfo      : No LoadTimeWeaver setup: ignoring JPA class transformer
2023-07-31T22:30:34.799+03:00  INFO 3636 --- [main] o.h.b.i.BytecodeProviderInitiator        : HHH000021: Bytecode provider name : bytebuddy
2023-07-31T22:30:35.380+03:00  INFO 3636 --- [main] o.h.e.t.j.p.i.JtaPlatformInitiator       : HHH000490: Using JtaPlatform implementation: [org.hibernate.engine.transaction.jta.platform.internal.NoJtaPlatform]
2023-07-31T22:30:35.383+03:00  INFO 3636 --- [main] j.LocalContainerEntityManagerFactoryBean : Initialized JPA EntityManagerFactory for persistence unit 'default'
2023-07-31T22:30:35.565+03:00  INFO 3636 --- [main] c.e.s.service.CompanyService             : Начальная загрузка init method class CompanyService
2023-07-31T22:30:35.675+03:00  WARN 3636 --- [main] JpaBaseConfiguration$JpaWebConfiguration : spring.jpa.open-in-view is enabled by default. Therefore, database queries may be performed during view rendering. Explicitly configure spring.jpa.open-in-view to disable this warning
2023-07-31T22:30:36.082+03:00  INFO 3636 --- [main] o.s.b.w.embedded.tomcat.TomcatWebServer  : Tomcat started on port(s): 8080 (http) with context path ''
2023-07-31T22:30:36.094+03:00  INFO 3636 --- [main] c.e.s.SpringProjetV1Application          : Started SpringProjetV1Application in 4.38 seconds (process running for 5.015)
2023-07-31T22:33:08.497+03:00  INFO 3636 --- [SpringApplicationShutdownHook] j.LocalContainerEntityManagerFactoryBean : Closing JPA EntityManagerFactory for persistence unit 'default'
2023-07-31T22:33:08.499+03:00  INFO 3636 --- [SpringApplicationShutdownHook] com.zaxxer.hikari.HikariDataSource       : HikariPool-1 - Shutdown initiated...
2023-07-31T22:33:08.504+03:00  INFO 3636 --- [SpringApplicationShutdownHook] com.zaxxer.hikari.HikariDataSource       : HikariPool-1 - Shutdown completed.
2023-07-31T22:33:12.088+03:00  INFO 21888 --- [main] c.e.s.SpringProjetV1Application          : Starting SpringProjetV1Application using Java 17.0.7 with PID 21888 (D:\Progects\spring projet v1\target\classes started by kovty in D:\Progects\spring projet v1)
2023-07-31T22:33:12.093+03:00  INFO 21888 --- [main] c.e.s.SpringProjetV1Application          : No active profile set, falling back to 1 default profile: "default"
2023-07-31T22:33:12.859+03:00  INFO 21888 --- [main] .s.d.r.c.RepositoryConfigurationDelegate : Bootstrapping Spring Data JPA repositories in DEFAULT mode.
2023-07-31T22:33:12.915+03:00  INFO 21888 --- [main] .s.d.r.c.RepositoryConfigurationDelegate : Finished Spring Data repository scanning in 48 ms. Found 1 JPA repository interfaces.
2023-07-31T22:33:13.431+03:00  INFO 21888 --- [main] o.s.b.w.embedded.tomcat.TomcatWebServer  : Tomcat initialized with port(s): 8080 (http)
2023-07-31T22:33:13.439+03:00  INFO 21888 --- [main] o.apache.catalina.core.StandardService   : Starting service [Tomcat]
2023-07-31T22:33:13.440+03:00  INFO 21888 --- [main] o.apache.catalina.core.StandardEngine    : Starting Servlet engine: [Apache Tomcat/10.1.11]
2023-07-31T22:33:13.528+03:00  INFO 21888 --- [main] o.a.c.c.C.[Tomcat].[localhost].[/]       : Initializing Spring embedded WebApplicationContext
2023-07-31T22:33:13.529+03:00  INFO 21888 --- [main] w.s.c.ServletWebServerApplicationContext : Root WebApplicationContext: initialization completed in 1371 ms
2023-07-31T22:33:13.649+03:00  INFO 21888 --- [main] com.zaxxer.hikari.HikariDataSource       : HikariPool-1 - Starting...
2023-07-31T22:33:13.800+03:00  INFO 21888 --- [main] com.zaxxer.hikari.pool.HikariPool        : HikariPool-1 - Added connection org.postgresql.jdbc.PgConnection@622d7e4
2023-07-31T22:33:13.803+03:00  INFO 21888 --- [main] com.zaxxer.hikari.HikariDataSource       : HikariPool-1 - Start completed.
2023-07-31T22:33:13.958+03:00  INFO 21888 --- [main] liquibase.database                       : Set default schema name to public
2023-07-31T22:33:14.090+03:00  INFO 21888 --- [main] liquibase.lockservice                    : Successfully acquired change log lock
2023-07-31T22:33:14.269+03:00  INFO 21888 --- [main] liquibase.changelog                      : Reading from public.databasechangelog
2023-07-31T22:33:14.295+03:00  INFO 21888 --- [main] liquibase.changelog                      : Reading from public.databasechangelog
2023-07-31T22:33:14.301+03:00  INFO 21888 --- [main] liquibase.util                           : UPDATE SUMMARY
2023-07-31T22:33:14.301+03:00  INFO 21888 --- [main] liquibase.util                           : Run:                          0
2023-07-31T22:33:14.301+03:00  INFO 21888 --- [main] liquibase.util                           : Previously run:               1
2023-07-31T22:33:14.301+03:00  INFO 21888 --- [main] liquibase.util                           : Filtered out:                 0
2023-07-31T22:33:14.301+03:00  INFO 21888 --- [main] liquibase.util                           : -------------------------------
2023-07-31T22:33:14.301+03:00  INFO 21888 --- [main] liquibase.util                           : Total change sets:            1

2023-07-31T22:33:14.302+03:00  INFO 21888 --- [main] liquibase.util                           : Update summary generated
2023-07-31T22:33:14.310+03:00  INFO 21888 --- [main] liquibase.lockservice                    : Successfully released change log lock
2023-07-31T22:33:14.322+03:00  INFO 21888 --- [main] liquibase.lockservice                    : Successfully released change log lock
2023-07-31T22:33:14.325+03:00  INFO 21888 --- [main] liquibase.command                        : Command execution complete
2023-07-31T22:33:14.389+03:00  INFO 21888 --- [main] o.hibernate.jpa.internal.util.LogHelper  : HHH000204: Processing PersistenceUnitInfo [name: default]
2023-07-31T22:33:14.427+03:00  INFO 21888 --- [main] org.hibernate.Version                    : HHH000412: Hibernate ORM core version 6.2.6.Final
2023-07-31T22:33:14.429+03:00  INFO 21888 --- [main] org.hibernate.cfg.Environment            : HHH000406: Using bytecode reflection optimizer
2023-07-31T22:33:14.556+03:00  INFO 21888 --- [main] o.h.b.i.BytecodeProviderInitiator        : HHH000021: Bytecode provider name : bytebuddy
2023-07-31T22:33:14.696+03:00  INFO 21888 --- [main] o.s.o.j.p.SpringPersistenceUnitInfo      : No LoadTimeWeaver setup: ignoring JPA class transformer
2023-07-31T22:33:14.946+03:00  INFO 21888 --- [main] o.h.b.i.BytecodeProviderInitiator        : HHH000021: Bytecode provider name : bytebuddy
2023-07-31T22:33:15.502+03:00  INFO 21888 --- [main] o.h.e.t.j.p.i.JtaPlatformInitiator       : HHH000490: Using JtaPlatform implementation: [org.hibernate.engine.transaction.jta.platform.internal.NoJtaPlatform]
2023-07-31T22:33:15.504+03:00  INFO 21888 --- [main] j.LocalContainerEntityManagerFactoryBean : Initialized JPA EntityManagerFactory for persistence unit 'default'
2023-07-31T22:33:15.688+03:00  INFO 21888 --- [main] c.e.s.service.CompanyService             : Начальная загрузка init method class CompanyService
2023-07-31T22:33:15.808+03:00  WARN 21888 --- [main] JpaBaseConfiguration$JpaWebConfiguration : spring.jpa.open-in-view is enabled by default. Therefore, database queries may be performed during view rendering. Explicitly configure spring.jpa.open-in-view to disable this warning
2023-07-31T22:33:16.154+03:00  INFO 21888 --- [main] o.s.b.w.embedded.tomcat.TomcatWebServer  : Tomcat started on port(s): 8080 (http) with context path ''
2023-07-31T22:33:16.164+03:00  INFO 21888 --- [main] c.e.s.SpringProjetV1Application          : Started SpringProjetV1Application in 4.595 seconds (process running for 5.135)
2023-07-31T22:34:00.956+03:00  INFO 21888 --- [SpringApplicationShutdownHook] j.LocalContainerEntityManagerFactoryBean : Closing JPA EntityManagerFactory for persistence unit 'default'
2023-07-31T22:34:00.958+03:00  INFO 21888 --- [SpringApplicationShutdownHook] com.zaxxer.hikari.HikariDataSource       : HikariPool-1 - Shutdown initiated...
2023-07-31T22:34:00.968+03:00  INFO 21888 --- [SpringApplicationShutdownHook] com.zaxxer.hikari.HikariDataSource       : HikariPool-1 - Shutdown completed.
2023-07-31T22:34:03.229+03:00  INFO 9884 --- [main] c.e.s.SpringProjetV1Application          : Starting SpringProjetV1Application using Java 17.0.7 with PID 9884 (D:\Progects\spring projet v1\target\classes started by kovty in D:\Progects\spring projet v1)
2023-07-31T22:34:03.231+03:00  INFO 9884 --- [main] c.e.s.SpringProjetV1Application          : No active profile set, falling back to 1 default profile: "default"
2023-07-31T22:34:03.879+03:00  INFO 9884 --- [main] .s.d.r.c.RepositoryConfigurationDelegate : Bootstrapping Spring Data JPA repositories in DEFAULT mode.
2023-07-31T22:34:03.925+03:00  INFO 9884 --- [main] .s.d.r.c.RepositoryConfigurationDelegate : Finished Spring Data repository scanning in 40 ms. Found 1 JPA repository interfaces.
2023-07-31T22:34:04.417+03:00  INFO 9884 --- [main] o.s.b.w.embedded.tomcat.TomcatWebServer  : Tomcat initialized with port(s): 8080 (http)
2023-07-31T22:34:04.428+03:00  INFO 9884 --- [main] o.apache.catalina.core.StandardService   : Starting service [Tomcat]
2023-07-31T22:34:04.428+03:00  INFO 9884 --- [main] o.apache.catalina.core.StandardEngine    : Starting Servlet engine: [Apache Tomcat/10.1.11]
2023-07-31T22:34:04.511+03:00  INFO 9884 --- [main] o.a.c.c.C.[Tomcat].[localhost].[/]       : Initializing Spring embedded WebApplicationContext
2023-07-31T22:34:04.511+03:00  INFO 9884 --- [main] w.s.c.ServletWebServerApplicationContext : Root WebApplicationContext: initialization completed in 1227 ms
2023-07-31T22:34:04.609+03:00  INFO 9884 --- [main] com.zaxxer.hikari.HikariDataSource       : HikariPool-1 - Starting...
2023-07-31T22:34:04.743+03:00  INFO 9884 --- [main] com.zaxxer.hikari.pool.HikariPool        : HikariPool-1 - Added connection org.postgresql.jdbc.PgConnection@622d7e4
2023-07-31T22:34:04.744+03:00  INFO 9884 --- [main] com.zaxxer.hikari.HikariDataSource       : HikariPool-1 - Start completed.
2023-07-31T22:34:04.867+03:00  INFO 9884 --- [main] liquibase.database                       : Set default schema name to public
2023-07-31T22:34:05.021+03:00  INFO 9884 --- [main] liquibase.lockservice                    : Successfully acquired change log lock
2023-07-31T22:34:05.051+03:00  INFO 9884 --- [main] liquibase.lockservice                    : Successfully released change log lock
2023-07-31T22:34:05.053+03:00  INFO 9884 --- [main] liquibase.command                        : Command execution complete
2023-07-31T22:34:05.055+03:00  WARN 9884 --- [main] ConfigServletWebServerApplicationContext : Exception encountered during context initialization - cancelling refresh attempt: org.springframework.beans.factory.BeanCreationException: Error creating bean with name 'liquibase' defined in class path resource [org/springframework/boot/autoconfigure/liquibase/LiquibaseAutoConfiguration$LiquibaseConfiguration.class]: liquibase.exception.ChangeLogParseException: db/changelog1.yaml does not exist
2023-07-31T22:34:05.055+03:00  INFO 9884 --- [main] com.zaxxer.hikari.HikariDataSource       : HikariPool-1 - Shutdown initiated...
2023-07-31T22:34:05.082+03:00  INFO 9884 --- [main] com.zaxxer.hikari.HikariDataSource       : HikariPool-1 - Shutdown completed.
2023-07-31T22:34:05.085+03:00  INFO 9884 --- [main] o.apache.catalina.core.StandardService   : Stopping service [Tomcat]
2023-07-31T22:34:05.095+03:00  INFO 9884 --- [main] .s.b.a.l.ConditionEvaluationReportLogger : 

Error starting ApplicationContext. To display the condition evaluation report re-run your application with 'debug' enabled.
2023-07-31T22:34:05.108+03:00 ERROR 9884 --- [main] o.s.b.d.LoggingFailureAnalysisReporter   : 

***************************
APPLICATION FAILED TO START
***************************

Description:

Liquibase failed to start because no changelog could be found at 'db/changelog1.yaml'.

Action:

Make sure a Liquibase changelog is present at the configured path.

